#
# There is insufficient memory for the Java Runtime Environment to continue.
# Native memory allocation (malloc) failed to allocate 1438576 bytes. Error detail: Chunk::new
# Possible reasons:
#   The system is out of physical RAM or swap space
#   This process is running with CompressedOops enabled, and the Java Heap may be blocking the growth of the native heap
# Possible solutions:
#   Reduce memory load on the system
#   Increase physical memory or swap space
#   Check if swap backing store is full
#   Decrease Java heap size (-Xmx/-Xms)
#   Decrease number of Java threads
#   Decrease Java thread stack sizes (-Xss)
#   Set larger code cache with -XX:ReservedCodeCacheSize=
#   JVM is running with Zero Based Compressed Oops mode in which the Java heap is
#     placed in the first 32GB address space. The Java Heap base address is the
#     maximum limit for the native heap growth. Please use -XX:HeapBaseMinAddress
#     to set the Java Heap base and to place the Java Heap above 32GB virtual address.
# This output file may be truncated or incomplete.
#
#  Out of Memory Error (arena.cpp:168), pid=11416, tid=13028
#
# JRE version: OpenJDK Runtime Environment Corretto-21.0.11.10.1 (21.0.11+10) (build 21.0.11+10-LTS)
# Java VM: OpenJDK 64-Bit Server VM Corretto-21.0.11.10.1 (21.0.11+10-LTS, mixed mode, sharing, tiered, compressed oops, compressed class ptrs, g1 gc, windows-amd64)
# No core dump will be written. Minidumps are not enabled by default on client versions of Windows
#

---------------  S U M M A R Y ------------

Command Line: --add-opens=java.base/java.lang=ALL-UNNAMED --add-opens=java.base/java.lang.invoke=ALL-UNNAMED --add-opens=java.base/java.util=ALL-UNNAMED --add-opens=java.prefs/java.util.prefs=ALL-UNNAMED --add-exports=jdk.compiler/com.sun.tools.javac.api=ALL-UNNAMED --add-exports=jdk.compiler/com.sun.tools.javac.util=ALL-UNNAMED --add-opens=java.base/java.util=ALL-UNNAMED --add-opens=java.prefs/java.util.prefs=ALL-UNNAMED --add-opens=java.base/java.nio.charset=ALL-UNNAMED --add-opens=java.base/java.net=ALL-UNNAMED --add-opens=java.base/java.util.concurrent=ALL-UNNAMED --add-opens=java.base/java.util.concurrent.atomic=ALL-UNNAMED --add-opens=java.xml/javax.xml.namespace=ALL-UNNAMED --add-opens=java.base/java.time=ALL-UNNAMED -Xmx4096M -Dfile.encoding=UTF-8 -Duser.country=MX -Duser.language=es -Duser.variant -javaagent:C:\Users\gabil\.gradle\wrapper\dists\gradle-9.1.0-bin\9agqghryom9wkf8r80qlhnts3\gradle-9.1.0\lib\agents\gradle-instrumentation-agent-9.1.0.jar org.gradle.launcher.daemon.bootstrap.GradleDaemon 9.1.0

Host: Intel(R) Celeron(R) N4020 CPU @ 1.10GHz, 2 cores, 7G,  Windows 11 , 64 bit Build 26100 (10.0.26100.5074)
Time: Sun Jun  7 21:02:33 2026 Hora estándar central (México) elapsed time: 491.719693 seconds (0d 0h 8m 11s)

---------------  T H R E A D  ---------------

Current thread (0x00000180a09f3560):  JavaThread "C2 CompilerThread0" daemon [_thread_in_native, id=13028, stack(0x0000007933c00000,0x0000007933d00000) (1024K)]


Current CompileTask:
C2:491719 32283 %     4       com.android.tools.r8.internal.cl::a @ 134 (1828 bytes)

Stack: [0x0000007933c00000,0x0000007933d00000]
Native frames: (J=compiled Java code, j=interpreted, Vv=VM code, C=native code)
V  [jvm.dll+0x6df899]
V  [jvm.dll+0x8bc52b]
V  [jvm.dll+0x8beaba]
V  [jvm.dll+0x8bf193]
V  [jvm.dll+0x28aa16]
V  [jvm.dll+0xc917d]
V  [jvm.dll+0xc96cc]
V  [jvm.dll+0x3c5ab2]
V  [jvm.dll+0x392122]
V  [jvm.dll+0x39157a]
V  [jvm.dll+0x252700]
V  [jvm.dll+0x251d22]
V  [jvm.dll+0x1d1bce]
V  [jvm.dll+0x26198a]
V  [jvm.dll+0x25ff15]
V  [jvm.dll+0x3ff815]
V  [jvm.dll+0x8672bd]
V  [jvm.dll+0x6de09d]
C  [ucrtbase.dll+0x37b0]
C  [KERNEL32.DLL+0x2e8d7]
C  [ntdll.dll+0x8d9c]


---------------  P R O C E S S  ---------------

Threads class SMR info:
_java_thread_list=0x00000180f1b60df0, length=70, elements={
0x000001808214b700, 0x00000180a09e6cd0, 0x00000180a09ea2b0, 0x00000180a09ef8a0,
0x00000180a09f0300, 0x00000180a09f0d60, 0x00000180a09f17c0, 0x00000180a09f3560,
0x00000180a0a26cc0, 0x00000180a0b7cca0, 0x00000180a0c1fb30, 0x00000180a0ae77c0,
0x00000180e66ff3d0, 0x00000180e6cb2490, 0x00000180e74e3050, 0x00000180e74e36c0,
0x00000180a0b170e0, 0x00000180e6adb050, 0x00000180e6ad9610, 0x00000180e6adb6e0,
0x00000180e6adbd70, 0x00000180e6ad88f0, 0x00000180e6ad8f80, 0x00000180e6ad9ca0,
0x00000180e8246d70, 0x00000180e82438f0, 0x00000180e8247400, 0x00000180e8243f80,
0x00000180e8247a90, 0x00000180e8244610, 0x00000180e8248120, 0x00000180e8246050,
0x00000180e82459c0, 0x00000180e8244ca0, 0x00000180e8248e40, 0x00000180e82494d0,
0x00000180e8249b60, 0x00000180ea29b150, 0x00000180ea299710, 0x00000180ea297cd0,
0x00000180ea29be70, 0x00000180ea299da0, 0x00000180ea313e50, 0x00000180ea311060,
0x00000180ea312410, 0x00000180ea928740, 0x00000180ea9280b0, 0x00000180ea926d00,
0x00000180ea92aea0, 0x00000180ea92b530, 0x00000180ea92d600, 0x00000180ebcbcc00,
0x00000180ebcba4a0, 0x00000180ebcb9e10, 0x00000180ebcbd920, 0x00000180ebcbdfb0,
0x00000180ebcbe640, 0x00000180ebcbf9f0, 0x00000180f03fc740, 0x00000180f03fe810,
0x00000180f03f8c30, 0x00000180f03f9950, 0x00000180ea313130, 0x00000180ebcbc570,
0x00000180f1477eb0, 0x00000180f1478540, 0x00000180f147c050, 0x00000180f147c6e0,
0x00000180f147a610, 0x00000180ea929af0
}

Java Threads: ( => current thread )
  0x000001808214b700 JavaThread "main"                              [_thread_blocked, id=18328, stack(0x0000007932e00000,0x0000007932f00000) (1024K)]
  0x00000180a09e6cd0 JavaThread "Reference Handler"          daemon [_thread_blocked, id=5180, stack(0x0000007933600000,0x0000007933700000) (1024K)]
  0x00000180a09ea2b0 JavaThread "Finalizer"                  daemon [_thread_blocked, id=17216, stack(0x0000007933700000,0x0000007933800000) (1024K)]
  0x00000180a09ef8a0 JavaThread "Signal Dispatcher"          daemon [_thread_blocked, id=18256, stack(0x0000007933800000,0x0000007933900000) (1024K)]
  0x00000180a09f0300 JavaThread "Attach Listener"            daemon [_thread_blocked, id=9452, stack(0x0000007933900000,0x0000007933a00000) (1024K)]
  0x00000180a09f0d60 JavaThread "Service Thread"             daemon [_thread_blocked, id=12068, stack(0x0000007933a00000,0x0000007933b00000) (1024K)]
  0x00000180a09f17c0 JavaThread "Monitor Deflation Thread"   daemon [_thread_blocked, id=6152, stack(0x0000007933b00000,0x0000007933c00000) (1024K)]
=>0x00000180a09f3560 JavaThread "C2 CompilerThread0"         daemon [_thread_in_native, id=13028, stack(0x0000007933c00000,0x0000007933d00000) (1024K)]
  0x00000180a0a26cc0 JavaThread "C1 CompilerThread0"         daemon [_thread_blocked, id=16652, stack(0x0000007933d00000,0x0000007933e00000) (1024K)]
  0x00000180a0b7cca0 JavaThread "Common-Cleaner"             daemon [_thread_blocked, id=16964, stack(0x0000007933e00000,0x0000007933f00000) (1024K)]
  0x00000180a0c1fb30 JavaThread "Notification Thread"        daemon [_thread_blocked, id=9604, stack(0x0000007933f00000,0x0000007934000000) (1024K)]
  0x00000180a0ae77c0 JavaThread "Daemon health stats"               [_thread_blocked, id=14032, stack(0x0000007934100000,0x0000007934200000) (1024K)]
  0x00000180e66ff3d0 JavaThread "Incoming local TCP Connector on port 51389"        [_thread_in_native, id=12140, stack(0x0000007934200000,0x0000007934300000) (1024K)]
  0x00000180e6cb2490 JavaThread "Daemon periodic checks"            [_thread_blocked, id=8928, stack(0x0000007934300000,0x0000007934400000) (1024K)]
  0x00000180e74e3050 JavaThread "Daemon"                            [_thread_blocked, id=13400, stack(0x0000007934400000,0x0000007934500000) (1024K)]
  0x00000180e74e36c0 JavaThread "Handler for socket connection from /127.0.0.1:51389 to /127.0.0.1:51390"        [_thread_in_native, id=2788, stack(0x0000007934500000,0x0000007934600000) (1024K)]
  0x00000180a0b170e0 JavaThread "Cancel handler"                    [_thread_blocked, id=5252, stack(0x0000007934600000,0x0000007934700000) (1024K)]
  0x00000180e6adb050 JavaThread "Daemon worker"                     [_thread_blocked, id=7180, stack(0x0000007934700000,0x0000007934800000) (1024K)]
  0x00000180e6ad9610 JavaThread "Asynchronous log dispatcher for DefaultDaemonConnection: socket connection from /127.0.0.1:51389 to /127.0.0.1:51390"        [_thread_blocked, id=8624, stack(0x0000007934800000,0x0000007934900000) (1024K)]
  0x00000180e6adb6e0 JavaThread "Stdin handler"                     [_thread_blocked, id=18056, stack(0x0000007934900000,0x0000007934a00000) (1024K)]
  0x00000180e6adbd70 JavaThread "Daemon client event forwarder"        [_thread_blocked, id=8600, stack(0x0000007934a00000,0x0000007934b00000) (1024K)]
  0x00000180e6ad88f0 JavaThread "Cache worker for journal cache (C:\Users\gabil\.gradle\caches\journal-1)"        [_thread_blocked, id=6352, stack(0x0000007934b00000,0x0000007934c00000) (1024K)]
  0x00000180e6ad8f80 JavaThread "File lock request listener"        [_thread_in_native, id=8604, stack(0x0000007934c00000,0x0000007934d00000) (1024K)]
  0x00000180e6ad9ca0 JavaThread "Cache worker for file hash cache (C:\Users\gabil\.gradle\caches\9.1.0\fileHashes)"        [_thread_blocked, id=7820, stack(0x0000007934d00000,0x0000007934e00000) (1024K)]
  0x00000180e8246d70 JavaThread "Cache worker for file hash cache (C:\Users\gabil\AndroidStudioProjects\albahaca_proyecto\.gradle\9.1.0\fileHashes)"        [_thread_blocked, id=17904, stack(0x0000007934e00000,0x0000007934f00000) (1024K)]
  0x00000180e82438f0 JavaThread "Cache worker for checksums cache (C:\Users\gabil\AndroidStudioProjects\albahaca_proyecto\.gradle\9.1.0\checksums)"        [_thread_blocked, id=268, stack(0x0000007934f00000,0x0000007935000000) (1024K)]
  0x00000180e8247400 JavaThread "Cache worker for Build Output Cleanup Cache (C:\Users\gabil\AndroidStudioProjects\albahaca_proyecto\.gradle\buildOutputCleanup)"        [_thread_blocked, id=14984, stack(0x0000007935000000,0x0000007935100000) (1024K)]
  0x00000180e8243f80 JavaThread "Cache worker for file content cache (C:\Users\gabil\.gradle\caches\9.1.0\fileContent)"        [_thread_blocked, id=17528, stack(0x0000007935100000,0x0000007935200000) (1024K)]
  0x00000180e8247a90 JavaThread "File watcher server"        daemon [_thread_blocked, id=14744, stack(0x0000007935200000,0x0000007935300000) (1024K)]
  0x00000180e8244610 JavaThread "File watcher consumer"      daemon [_thread_blocked, id=17692, stack(0x0000007935300000,0x0000007935400000) (1024K)]
  0x00000180e8248120 JavaThread "Cache worker for cache directory md-supplier (C:\Users\gabil\.gradle\caches\9.1.0\md-supplier)"        [_thread_blocked, id=14532, stack(0x0000007935400000,0x0000007935500000) (1024K)]
  0x00000180e8246050 JavaThread "Cache worker for cache directory md-rule (C:\Users\gabil\.gradle\caches\9.1.0\md-rule)"        [_thread_blocked, id=15540, stack(0x0000007935500000,0x0000007935600000) (1024K)]
  0x00000180e82459c0 JavaThread "jar transforms"                    [_thread_blocked, id=1436, stack(0x0000007935600000,0x0000007935700000) (1024K)]
  0x00000180e8244ca0 JavaThread "jar transforms Thread 2"           [_thread_blocked, id=11344, stack(0x0000007935700000,0x0000007935800000) (1024K)]
  0x00000180e8248e40 JavaThread "Unconstrained build operations"        [_thread_blocked, id=10232, stack(0x0000007935800000,0x0000007935900000) (1024K)]
  0x00000180e82494d0 JavaThread "Unconstrained build operations Thread 2"        [_thread_blocked, id=16780, stack(0x0000007935900000,0x0000007935a00000) (1024K)]
  0x00000180e8249b60 JavaThread "Unconstrained build operations Thread 3"        [_thread_blocked, id=9592, stack(0x0000007935a00000,0x0000007935b00000) (1024K)]
  0x00000180ea29b150 JavaThread "Configuration cache report writer"        [_thread_blocked, id=15340, stack(0x0000007932c00000,0x0000007932d00000) (1024K)]
  0x00000180ea299710 JavaThread "Unconstrained build operations Thread 4"        [_thread_blocked, id=8880, stack(0x0000007932d00000,0x0000007932e00000) (1024K)]
  0x00000180ea297cd0 JavaThread "Unconstrained build operations Thread 5"        [_thread_blocked, id=6408, stack(0x0000007935b00000,0x0000007935c00000) (1024K)]
  0x00000180ea29be70 JavaThread "Unconstrained build operations Thread 6"        [_thread_blocked, id=17440, stack(0x0000007935c00000,0x0000007935d00000) (1024K)]
  0x00000180ea299da0 JavaThread "build event listener"              [_thread_blocked, id=10104, stack(0x0000007935d00000,0x0000007935e00000) (1024K)]
  0x00000180ea313e50 JavaThread "Memory manager"                    [_thread_blocked, id=3548, stack(0x0000007935e00000,0x0000007935f00000) (1024K)]
  0x00000180ea311060 JavaThread "build event listener"              [_thread_blocked, id=128, stack(0x0000007935f00000,0x0000007936000000) (1024K)]
  0x00000180ea312410 JavaThread "build event listener"              [_thread_blocked, id=9140, stack(0x0000007936000000,0x0000007936100000) (1024K)]
  0x00000180ea928740 JavaThread "pool-3-thread-1"                   [_thread_blocked, id=14716, stack(0x0000007936100000,0x0000007936200000) (1024K)]
  0x00000180ea9280b0 JavaThread "build event listener"              [_thread_blocked, id=13696, stack(0x0000007936200000,0x0000007936300000) (1024K)]
  0x00000180ea926d00 JavaThread "Build operations"                  [_thread_blocked, id=18400, stack(0x0000007936300000,0x0000007936400000) (1024K)]
  0x00000180ea92aea0 JavaThread "Unconstrained build operations Thread 7"        [_thread_blocked, id=8956, stack(0x0000007936600000,0x0000007936700000) (1024K)]
  0x00000180ea92b530 JavaThread "Unconstrained build operations Thread 8"        [_thread_blocked, id=10732, stack(0x0000007936700000,0x0000007936800000) (1024K)]
  0x00000180ea92d600 JavaThread "Unconstrained build operations Thread 9"        [_thread_blocked, id=13632, stack(0x0000007936800000,0x0000007936900000) (1024K)]
  0x00000180ebcbcc00 JavaThread "Unconstrained build operations Thread 10"        [_thread_blocked, id=4320, stack(0x0000007936400000,0x0000007936500000) (1024K)]
  0x00000180ebcba4a0 JavaThread "Build operations Thread 2"         [_thread_blocked, id=6316, stack(0x0000007936f00000,0x0000007937000000) (1024K)]
  0x00000180ebcb9e10 JavaThread "included builds"                   [_thread_blocked, id=9248, stack(0x0000007936e00000,0x0000007936f00000) (1024K)]
  0x00000180ebcbd920 JavaThread "Execution worker"                  [_thread_blocked, id=7160, stack(0x0000007937000000,0x0000007937100000) (1024K)]
  0x00000180ebcbdfb0 JavaThread "Cache worker for execution history cache (C:\Users\gabil\AndroidStudioProjects\albahaca_proyecto\.gradle\9.1.0\executionHistory)"        [_thread_blocked, id=11860, stack(0x0000007937100000,0x0000007937200000) (1024K)]
  0x00000180ebcbe640 JavaThread "Unconstrained build operations Thread 11"        [_thread_blocked, id=5156, stack(0x0000007937200000,0x0000007937300000) (1024K)]
  0x00000180ebcbf9f0 JavaThread "Unconstrained build operations Thread 12"        [_thread_blocked, id=5172, stack(0x0000007937400000,0x0000007937500000) (1024K)]
  0x00000180f03fc740 JavaThread "WorkerExecutor Queue"              [_thread_blocked, id=2396, stack(0x0000007937500000,0x0000007937600000) (1024K)]
  0x00000180f03fe810 JavaThread "Unconstrained build operations Thread 13"        [_thread_blocked, id=3276, stack(0x0000007937700000,0x0000007937800000) (1024K)]
  0x00000180f03f8c30 JavaThread "WorkerExecutor Queue Thread 3"        [_thread_blocked, id=3684, stack(0x0000007937800000,0x0000007937900000) (1024K)]
  0x00000180f03f9950 JavaThread "Unconstrained build operations Thread 14"        [_thread_blocked, id=4184, stack(0x0000007937900000,0x0000007937a00000) (1024K)]
  0x00000180ea313130 JavaThread "Unconstrained build operations Thread 15"        [_thread_blocked, id=18072, stack(0x0000007937600000,0x0000007937700000) (1024K)]
  0x00000180ebcbc570 JavaThread "Unconstrained build operations Thread 16"        [_thread_blocked, id=8448, stack(0x0000007936900000,0x0000007936a00000) (1024K)]
  0x00000180f1477eb0 JavaThread "RMI Scheduler(0)"           daemon [_thread_blocked, id=16980, stack(0x0000007936a00000,0x0000007936b00000) (1024K)]
  0x00000180f1478540 JavaThread "RMI GC Daemon"              daemon [_thread_blocked, id=12872, stack(0x0000007936c00000,0x0000007936d00000) (1024K)]
  0x00000180f147c050 JavaThread "Unconstrained build operations Thread 17"        [_thread_blocked, id=15612, stack(0x0000007936d00000,0x0000007936e00000) (1024K)]
  0x00000180f147c6e0 JavaThread "RMI TCP Accept-0"           daemon [_thread_in_native, id=5368, stack(0x0000007937300000,0x0000007937400000) (1024K)]
  0x00000180f147a610 JavaThread "RMI Reaper"                        [_thread_blocked, id=13684, stack(0x0000007937c00000,0x0000007937d00000) (1024K)]
  0x00000180ea929af0 JavaThread "RMI TCP Connection(idle)"   daemon [_thread_blocked, id=7712, stack(0x0000007937a00000,0x0000007937b00000) (1024K)]
Total: 70

Other Threads:
  0x00000180a09cae40 VMThread "VM Thread"                           [id=15444, stack(0x0000007933500000,0x0000007933600000) (1024K)]
  0x00000180a09b77c0 WatcherThread "VM Periodic Task Thread"        [id=2116, stack(0x0000007933400000,0x0000007933500000) (1024K)]
  0x00000180821b3b90 WorkerThread "GC Thread#0"                     [id=14412, stack(0x0000007932f00000,0x0000007933000000) (1024K)]
  0x00000180a0ce5900 WorkerThread "GC Thread#1"                     [id=1116, stack(0x0000007934000000,0x0000007934100000) (1024K)]
  0x00000180821c4b10 ConcurrentGCThread "G1 Main Marker"            [id=17776, stack(0x0000007933000000,0x0000007933100000) (1024K)]
  0x00000180821c63b0 WorkerThread "G1 Conc#0"                       [id=5212, stack(0x0000007933100000,0x0000007933200000) (1024K)]
  0x00000180a08910a0 ConcurrentGCThread "G1 Refine#0"               [id=16776, stack(0x0000007933200000,0x0000007933300000) (1024K)]
  0x00000180a0891b30 ConcurrentGCThread "G1 Service"                [id=15700, stack(0x0000007933300000,0x0000007933400000) (1024K)]
Total: 8

Threads with active compile tasks:
C2 CompilerThread0  491801 32283 %     4       com.android.tools.r8.internal.cl::a @ 134 (1828 bytes)
Total: 1

VM state: at safepoint (normal execution)

VM Mutex/Monitor currently owned by a thread:  ([mutex/lock_event])
[0x00007ffda82065c0] Threads_lock - owner thread: 0x00000180a09cae40
[0x00007ffda82066c0] Heap_lock - owner thread: 0x00000180ebcb9e10

Heap address: 0x0000000700000000, size: 4096 MB, Compressed Oops mode: Zero based, Oop shift amount: 3

CDS archive(s) mapped at: [0x00000180a1000000-0x00000180a1c80000-0x00000180a1c80000), size 13107200, SharedBaseAddress: 0x00000180a1000000, ArchiveRelocationMode: 1.
Compressed class space mapped at: 0x00000180a2000000-0x00000180e2000000, reserved size: 1073741824
Narrow klass base: 0x00000180a1000000, Narrow klass shift: 0, Narrow klass range: 0x100000000

GC Precious Log:
 CardTable entry size: 512
 Card Set container configuration: InlinePtr #cards 4 size 8 Array Of Cards #cards 16 size 48 Howl #buckets 8 coarsen threshold 3686 Howl Bitmap #cards 512 size 80 coarsen threshold 460 Card regions per heap region 1 cards per card region 4096
 CPUs: 2 total, 2 available
 Memory: 8014M
 Large Page Support: Disabled
 NUMA Support: Disabled
 Compressed Oops: Enabled (Zero based)
 Heap Region Size: 2M
 Heap Min Capacity: 8M
 Heap Initial Capacity: 126M
 Heap Max Capacity: 4G
 Pre-touch: Disabled
 Parallel Workers: 2
 Concurrent Workers: 1
 Concurrent Refinement Workers: 2
 Periodic GC: Disabled

Heap:
 garbage-first heap   total 491520K, used 279747K [0x0000000700000000, 0x0000000800000000)
  region size 2048K, 8 young (16384K), 8 survivors (16384K)
 Metaspace       used 182266K, committed 185472K, reserved 1245184K
  class space    used 24505K, committed 26112K, reserved 1048576K

Heap Regions: E=young(eden), S=young(survivor), O=old, HS=humongous(starts), HC=humongous(continues), CS=collection set, F=free, TAMS=top-at-mark-start, PB=parsable bottom
|   0|0x0000000700000000, 0x0000000700200000, 0x0000000700200000|100%| O|  |TAMS 0x0000000700200000| PB 0x0000000700000000| Untracked 
|   1|0x0000000700200000, 0x0000000700400000, 0x0000000700400000|100%|HS|  |TAMS 0x0000000700400000| PB 0x0000000700200000| Complete 
|   2|0x0000000700400000, 0x0000000700600000, 0x0000000700600000|100%|HC|  |TAMS 0x0000000700600000| PB 0x0000000700400000| Complete 
|   3|0x0000000700600000, 0x0000000700800000, 0x0000000700800000|100%| O|  |TAMS 0x0000000700800000| PB 0x0000000700600000| Untracked 
|   4|0x0000000700800000, 0x0000000700a00000, 0x0000000700a00000|100%| O|  |TAMS 0x0000000700a00000| PB 0x0000000700800000| Untracked 
|   5|0x0000000700a00000, 0x0000000700c00000, 0x0000000700c00000|100%| O|  |TAMS 0x0000000700c00000| PB 0x0000000700a00000| Untracked 
|   6|0x0000000700c00000, 0x0000000700e00000, 0x0000000700e00000|100%| O|  |TAMS 0x0000000700e00000| PB 0x0000000700c00000| Untracked 
|   7|0x0000000700e00000, 0x0000000701000000, 0x0000000701000000|100%| O|  |TAMS 0x0000000701000000| PB 0x0000000700e00000| Untracked 
|   8|0x0000000701000000, 0x0000000701200000, 0x0000000701200000|100%| O|  |TAMS 0x0000000701200000| PB 0x0000000701000000| Untracked 
|   9|0x0000000701200000, 0x0000000701400000, 0x0000000701400000|100%| O|  |TAMS 0x0000000701400000| PB 0x0000000701200000| Untracked 
|  10|0x0000000701400000, 0x0000000701600000, 0x0000000701600000|100%| O|  |TAMS 0x0000000701600000| PB 0x0000000701400000| Untracked 
|  11|0x0000000701600000, 0x0000000701800000, 0x0000000701800000|100%| O|  |TAMS 0x0000000701800000| PB 0x0000000701600000| Untracked 
|  12|0x0000000701800000, 0x0000000701a00000, 0x0000000701a00000|100%| O|  |TAMS 0x0000000701a00000| PB 0x0000000701800000| Untracked 
|  13|0x0000000701a00000, 0x0000000701c00000, 0x0000000701c00000|100%| O|  |TAMS 0x0000000701c00000| PB 0x0000000701a00000| Untracked 
|  14|0x0000000701c00000, 0x0000000701e00000, 0x0000000701e00000|100%| O|  |TAMS 0x0000000701e00000| PB 0x0000000701c00000| Untracked 
|  15|0x0000000701e00000, 0x0000000702000000, 0x0000000702000000|100%| O|  |TAMS 0x0000000702000000| PB 0x0000000701e00000| Untracked 
|  16|0x0000000702000000, 0x0000000702200000, 0x0000000702200000|100%| O|  |TAMS 0x0000000702200000| PB 0x0000000702000000| Untracked 
|  17|0x0000000702200000, 0x0000000702400000, 0x0000000702400000|100%|HS|  |TAMS 0x0000000702400000| PB 0x0000000702200000| Complete 
|  18|0x0000000702400000, 0x0000000702600000, 0x0000000702600000|100%| O|  |TAMS 0x0000000702600000| PB 0x0000000702400000| Untracked 
|  19|0x0000000702600000, 0x0000000702800000, 0x0000000702800000|100%| O|  |TAMS 0x0000000702800000| PB 0x0000000702600000| Untracked 
|  20|0x0000000702800000, 0x0000000702a00000, 0x0000000702a00000|100%| O|  |TAMS 0x0000000702a00000| PB 0x0000000702800000| Untracked 
|  21|0x0000000702a00000, 0x0000000702c00000, 0x0000000702c00000|100%| O|  |TAMS 0x0000000702c00000| PB 0x0000000702a00000| Untracked 
|  22|0x0000000702c00000, 0x0000000702e00000, 0x0000000702e00000|100%| O|  |TAMS 0x0000000702e00000| PB 0x0000000702c00000| Untracked 
|  23|0x0000000702e00000, 0x0000000703000000, 0x0000000703000000|100%| O|  |TAMS 0x0000000703000000| PB 0x0000000702e00000| Untracked 
|  24|0x0000000703000000, 0x0000000703200000, 0x0000000703200000|100%| O|  |TAMS 0x0000000703200000| PB 0x0000000703000000| Untracked 
|  25|0x0000000703200000, 0x0000000703400000, 0x0000000703400000|100%| O|  |TAMS 0x0000000703400000| PB 0x0000000703200000| Untracked 
|  26|0x0000000703400000, 0x0000000703600000, 0x0000000703600000|100%| O|  |TAMS 0x0000000703600000| PB 0x0000000703400000| Untracked 
|  27|0x0000000703600000, 0x0000000703800000, 0x0000000703800000|100%| O|  |TAMS 0x0000000703800000| PB 0x0000000703600000| Untracked 
|  28|0x0000000703800000, 0x0000000703a00000, 0x0000000703a00000|100%| O|  |TAMS 0x0000000703a00000| PB 0x0000000703800000| Untracked 
|  29|0x0000000703a00000, 0x0000000703c00000, 0x0000000703c00000|100%| O|  |TAMS 0x0000000703c00000| PB 0x0000000703a00000| Untracked 
|  30|0x0000000703c00000, 0x0000000703e00000, 0x0000000703e00000|100%| O|  |TAMS 0x0000000703e00000| PB 0x0000000703c00000| Untracked 
|  31|0x0000000703e00000, 0x0000000704000000, 0x0000000704000000|100%| O|  |TAMS 0x0000000704000000| PB 0x0000000703e00000| Untracked 
|  32|0x0000000704000000, 0x0000000704200000, 0x0000000704200000|100%| O|  |TAMS 0x0000000704200000| PB 0x0000000704000000| Untracked 
|  33|0x0000000704200000, 0x0000000704400000, 0x0000000704400000|100%| O|  |TAMS 0x0000000704400000| PB 0x0000000704200000| Untracked 
|  34|0x0000000704400000, 0x0000000704600000, 0x0000000704600000|100%|HS|  |TAMS 0x0000000704600000| PB 0x0000000704400000| Complete 
|  35|0x0000000704600000, 0x0000000704800000, 0x0000000704800000|100%|HS|  |TAMS 0x0000000704800000| PB 0x0000000704600000| Complete 
|  36|0x0000000704800000, 0x0000000704a00000, 0x0000000704a00000|100%| O|  |TAMS 0x0000000704a00000| PB 0x0000000704800000| Untracked 
|  37|0x0000000704a00000, 0x0000000704c00000, 0x0000000704c00000|100%| O|  |TAMS 0x0000000704c00000| PB 0x0000000704a00000| Untracked 
|  38|0x0000000704c00000, 0x0000000704e00000, 0x0000000704e00000|100%| O|  |TAMS 0x0000000704e00000| PB 0x0000000704c00000| Untracked 
|  39|0x0000000704e00000, 0x0000000705000000, 0x0000000705000000|100%| O|  |TAMS 0x0000000705000000| PB 0x0000000704e00000| Untracked 
|  40|0x0000000705000000, 0x0000000705200000, 0x0000000705200000|100%| O|  |TAMS 0x0000000705200000| PB 0x0000000705000000| Untracked 
|  41|0x0000000705200000, 0x0000000705400000, 0x0000000705400000|100%| O|  |TAMS 0x0000000705400000| PB 0x0000000705200000| Untracked 
|  42|0x0000000705400000, 0x0000000705600000, 0x0000000705600000|100%| O|  |TAMS 0x0000000705600000| PB 0x0000000705400000| Untracked 
|  43|0x0000000705600000, 0x0000000705800000, 0x0000000705800000|100%| O|  |TAMS 0x0000000705800000| PB 0x0000000705600000| Untracked 
|  44|0x0000000705800000, 0x0000000705a00000, 0x0000000705a00000|100%| O|  |TAMS 0x0000000705a00000| PB 0x0000000705800000| Untracked 
|  45|0x0000000705a00000, 0x0000000705c00000, 0x0000000705c00000|100%| O|  |TAMS 0x0000000705c00000| PB 0x0000000705a00000| Untracked 
|  46|0x0000000705c00000, 0x0000000705e00000, 0x0000000705e00000|100%| O|  |TAMS 0x0000000705e00000| PB 0x0000000705c00000| Untracked 
|  47|0x0000000705e00000, 0x0000000706000000, 0x0000000706000000|100%| O|  |TAMS 0x0000000706000000| PB 0x0000000705e00000| Untracked 
|  48|0x0000000706000000, 0x0000000706200000, 0x0000000706200000|100%| O|  |TAMS 0x0000000706200000| PB 0x0000000706000000| Untracked 
|  49|0x0000000706200000, 0x0000000706400000, 0x0000000706400000|100%| O|  |TAMS 0x0000000706400000| PB 0x0000000706200000| Untracked 
|  50|0x0000000706400000, 0x0000000706600000, 0x0000000706600000|100%| O|  |TAMS 0x0000000706600000| PB 0x0000000706400000| Untracked 
|  51|0x0000000706600000, 0x0000000706800000, 0x0000000706800000|100%| O|  |TAMS 0x0000000706800000| PB 0x0000000706600000| Untracked 
|  52|0x0000000706800000, 0x0000000706a00000, 0x0000000706a00000|100%| O|  |TAMS 0x0000000706a00000| PB 0x0000000706800000| Untracked 
|  53|0x0000000706a00000, 0x0000000706c00000, 0x0000000706c00000|100%| O|  |TAMS 0x0000000706c00000| PB 0x0000000706a00000| Untracked 
|  54|0x0000000706c00000, 0x0000000706e00000, 0x0000000706e00000|100%| O|  |TAMS 0x0000000706e00000| PB 0x0000000706c00000| Untracked 
|  55|0x0000000706e00000, 0x0000000707000000, 0x0000000707000000|100%| O|  |TAMS 0x0000000707000000| PB 0x0000000706e00000| Untracked 
|  56|0x0000000707000000, 0x0000000707200000, 0x0000000707200000|100%| O|  |TAMS 0x0000000707200000| PB 0x0000000707000000| Untracked 
|  57|0x0000000707200000, 0x0000000707400000, 0x0000000707400000|100%| O|  |TAMS 0x0000000707400000| PB 0x0000000707200000| Untracked 
|  58|0x0000000707400000, 0x0000000707600000, 0x0000000707600000|100%| O|  |TAMS 0x0000000707600000| PB 0x0000000707400000| Untracked 
|  59|0x0000000707600000, 0x0000000707800000, 0x0000000707800000|100%| O|  |TAMS 0x0000000707800000| PB 0x0000000707600000| Untracked 
|  60|0x0000000707800000, 0x0000000707a00000, 0x0000000707a00000|100%| O|  |TAMS 0x0000000707a00000| PB 0x0000000707800000| Untracked 
|  61|0x0000000707a00000, 0x0000000707c00000, 0x0000000707c00000|100%| O|  |TAMS 0x0000000707c00000| PB 0x0000000707a00000| Untracked 
|  62|0x0000000707c00000, 0x0000000707e00000, 0x0000000707e00000|100%| O|  |TAMS 0x0000000707e00000| PB 0x0000000707c00000| Untracked 
|  63|0x0000000707e00000, 0x0000000708000000, 0x0000000708000000|100%| O|  |TAMS 0x0000000708000000| PB 0x0000000707e00000| Untracked 
|  64|0x0000000708000000, 0x0000000708200000, 0x0000000708200000|100%| O|  |TAMS 0x0000000708200000| PB 0x0000000708000000| Untracked 
|  65|0x0000000708200000, 0x0000000708400000, 0x0000000708400000|100%| O|  |TAMS 0x0000000708400000| PB 0x0000000708200000| Untracked 
|  66|0x0000000708400000, 0x0000000708600000, 0x0000000708600000|100%| O|  |TAMS 0x0000000708600000| PB 0x0000000708400000| Untracked 
|  67|0x0000000708600000, 0x0000000708800000, 0x0000000708800000|100%| O|  |TAMS 0x0000000708800000| PB 0x0000000708600000| Untracked 
|  68|0x0000000708800000, 0x0000000708a00000, 0x0000000708a00000|100%| O|  |TAMS 0x0000000708a00000| PB 0x0000000708800000| Untracked 
|  69|0x0000000708a00000, 0x0000000708c00000, 0x0000000708c00000|100%| O|  |TAMS 0x0000000708c00000| PB 0x0000000708a00000| Untracked 
|  70|0x0000000708c00000, 0x0000000708e00000, 0x0000000708e00000|100%| O|  |TAMS 0x0000000708e00000| PB 0x0000000708c00000| Untracked 
|  71|0x0000000708e00000, 0x0000000709000000, 0x0000000709000000|100%| O|  |TAMS 0x0000000709000000| PB 0x0000000708e00000| Untracked 
|  72|0x0000000709000000, 0x0000000709200000, 0x0000000709200000|100%| O|  |TAMS 0x0000000709200000| PB 0x0000000709000000| Untracked 
|  73|0x0000000709200000, 0x0000000709400000, 0x0000000709400000|100%| O|  |TAMS 0x0000000709400000| PB 0x0000000709200000| Untracked 
|  74|0x0000000709400000, 0x0000000709600000, 0x0000000709600000|100%| O|  |TAMS 0x0000000709600000| PB 0x0000000709400000| Untracked 
|  75|0x0000000709600000, 0x0000000709600000, 0x0000000709800000|  0%| F|  |TAMS 0x0000000709600000| PB 0x0000000709600000| Untracked 
|  76|0x0000000709800000, 0x0000000709a00000, 0x0000000709a00000|100%| O|  |TAMS 0x0000000709a00000| PB 0x0000000709800000| Untracked 
|  77|0x0000000709a00000, 0x0000000709c00000, 0x0000000709c00000|100%| O|  |TAMS 0x0000000709c00000| PB 0x0000000709a00000| Untracked 
|  78|0x0000000709c00000, 0x0000000709e00000, 0x0000000709e00000|100%| O|  |TAMS 0x0000000709e00000| PB 0x0000000709c00000| Untracked 
|  79|0x0000000709e00000, 0x000000070a000000, 0x000000070a000000|100%| O|  |TAMS 0x000000070a000000| PB 0x0000000709e00000| Untracked 
|  80|0x000000070a000000, 0x000000070a200000, 0x000000070a200000|100%| O|  |TAMS 0x000000070a200000| PB 0x000000070a000000| Untracked 
|  81|0x000000070a200000, 0x000000070a400000, 0x000000070a400000|100%| O|  |TAMS 0x000000070a400000| PB 0x000000070a200000| Untracked 
|  82|0x000000070a400000, 0x000000070a600000, 0x000000070a600000|100%| O|  |TAMS 0x000000070a600000| PB 0x000000070a400000| Untracked 
|  83|0x000000070a600000, 0x000000070a800000, 0x000000070a800000|100%| O|  |TAMS 0x000000070a800000| PB 0x000000070a600000| Untracked 
|  84|0x000000070a800000, 0x000000070aa00000, 0x000000070aa00000|100%| O|  |TAMS 0x000000070aa00000| PB 0x000000070a800000| Untracked 
|  85|0x000000070aa00000, 0x000000070ac00000, 0x000000070ac00000|100%| O|  |TAMS 0x000000070ac00000| PB 0x000000070aa00000| Untracked 
|  86|0x000000070ac00000, 0x000000070ae00000, 0x000000070ae00000|100%|HS|  |TAMS 0x000000070ae00000| PB 0x000000070ac00000| Complete 
|  87|0x000000070ae00000, 0x000000070b000000, 0x000000070b000000|100%|HC|  |TAMS 0x000000070b000000| PB 0x000000070ae00000| Complete 
|  88|0x000000070b000000, 0x000000070b200000, 0x000000070b200000|100%| O|  |TAMS 0x000000070b200000| PB 0x000000070b000000| Untracked 
|  89|0x000000070b200000, 0x000000070b200000, 0x000000070b400000|  0%| F|  |TAMS 0x000000070b200000| PB 0x000000070b200000| Untracked 
|  90|0x000000070b400000, 0x000000070b600000, 0x000000070b600000|100%| O|  |TAMS 0x000000070b600000| PB 0x000000070b400000| Untracked 
|  91|0x000000070b600000, 0x000000070b800000, 0x000000070b800000|100%| O|  |TAMS 0x000000070b800000| PB 0x000000070b600000| Untracked 
|  92|0x000000070b800000, 0x000000070ba00000, 0x000000070ba00000|100%| O|  |TAMS 0x000000070ba00000| PB 0x000000070b800000| Untracked 
|  93|0x000000070ba00000, 0x000000070bc00000, 0x000000070bc00000|100%| O|  |TAMS 0x000000070bc00000| PB 0x000000070ba00000| Untracked 
|  94|0x000000070bc00000, 0x000000070be00000, 0x000000070be00000|100%| O|  |TAMS 0x000000070be00000| PB 0x000000070bc00000| Untracked 
|  95|0x000000070be00000, 0x000000070c000000, 0x000000070c000000|100%| O|  |TAMS 0x000000070c000000| PB 0x000000070be00000| Untracked 
|  96|0x000000070c000000, 0x000000070c200000, 0x000000070c200000|100%| O|  |TAMS 0x000000070c200000| PB 0x000000070c000000| Untracked 
|  97|0x000000070c200000, 0x000000070c400000, 0x000000070c400000|100%| O|  |TAMS 0x000000070c400000| PB 0x000000070c200000| Untracked 
|  98|0x000000070c400000, 0x000000070c600000, 0x000000070c600000|100%| O|  |TAMS 0x000000070c600000| PB 0x000000070c400000| Untracked 
|  99|0x000000070c600000, 0x000000070c600000, 0x000000070c800000|  0%| F|  |TAMS 0x000000070c600000| PB 0x000000070c600000| Untracked 
| 100|0x000000070c800000, 0x000000070ca00000, 0x000000070ca00000|100%| O|  |TAMS 0x000000070ca00000| PB 0x000000070c800000| Untracked 
| 101|0x000000070ca00000, 0x000000070cc00000, 0x000000070cc00000|100%| O|  |TAMS 0x000000070cc00000| PB 0x000000070ca00000| Untracked 
| 102|0x000000070cc00000, 0x000000070ce00000, 0x000000070ce00000|100%| O|  |TAMS 0x000000070ce00000| PB 0x000000070cc00000| Untracked 
| 103|0x000000070ce00000, 0x000000070ce00000, 0x000000070d000000|  0%| F|  |TAMS 0x000000070ce00000| PB 0x000000070ce00000| Untracked 
| 104|0x000000070d000000, 0x000000070d200000, 0x000000070d200000|100%| O|  |TAMS 0x000000070d200000| PB 0x000000070d000000| Untracked 
| 105|0x000000070d200000, 0x000000070d400000, 0x000000070d400000|100%| O|  |TAMS 0x000000070d400000| PB 0x000000070d200000| Untracked 
| 106|0x000000070d400000, 0x000000070d600000, 0x000000070d600000|100%| O|  |TAMS 0x000000070d600000| PB 0x000000070d400000| Untracked 
| 107|0x000000070d600000, 0x000000070d800000, 0x000000070d800000|100%| O|  |TAMS 0x000000070d800000| PB 0x000000070d600000| Untracked 
| 108|0x000000070d800000, 0x000000070da00000, 0x000000070da00000|100%| O|  |TAMS 0x000000070da00000| PB 0x000000070d800000| Untracked 
| 109|0x000000070da00000, 0x000000070dc00000, 0x000000070dc00000|100%| O|  |TAMS 0x000000070dc00000| PB 0x000000070da00000| Untracked 
| 110|0x000000070dc00000, 0x000000070de00000, 0x000000070de00000|100%| O|  |TAMS 0x000000070de00000| PB 0x000000070dc00000| Untracked 
| 111|0x000000070de00000, 0x000000070e000000, 0x000000070e000000|100%| O|  |TAMS 0x000000070e000000| PB 0x000000070de00000| Untracked 
| 112|0x000000070e000000, 0x000000070e200000, 0x000000070e200000|100%| O|  |TAMS 0x000000070e200000| PB 0x000000070e000000| Untracked 
| 113|0x000000070e200000, 0x000000070e400000, 0x000000070e400000|100%| O|  |TAMS 0x000000070e400000| PB 0x000000070e200000| Untracked 
| 114|0x000000070e400000, 0x000000070e600000, 0x000000070e600000|100%| O|  |TAMS 0x000000070e600000| PB 0x000000070e400000| Untracked 
| 115|0x000000070e600000, 0x000000070e800000, 0x000000070e800000|100%| O|  |TAMS 0x000000070e800000| PB 0x000000070e600000| Untracked 
| 116|0x000000070e800000, 0x000000070ea00000, 0x000000070ea00000|100%| O|  |TAMS 0x000000070ea00000| PB 0x000000070e800000| Untracked 
| 117|0x000000070ea00000, 0x000000070ec00000, 0x000000070ec00000|100%| O|  |TAMS 0x000000070ec00000| PB 0x000000070ea00000| Untracked 
| 118|0x000000070ec00000, 0x000000070ee00000, 0x000000070ee00000|100%| O|  |TAMS 0x000000070ee00000| PB 0x000000070ec00000| Untracked 
| 119|0x000000070ee00000, 0x000000070ef30df0, 0x000000070f000000| 59%| O|  |TAMS 0x000000070ee5d680| PB 0x000000070ee00000| Untracked 
| 120|0x000000070f000000, 0x000000070f200000, 0x000000070f200000|100%| S|CS|TAMS 0x000000070f000000| PB 0x000000070f000000| Complete 
| 121|0x000000070f200000, 0x000000070f400000, 0x000000070f400000|100%| S|CS|TAMS 0x000000070f200000| PB 0x000000070f200000| Complete 
| 122|0x000000070f400000, 0x000000070f600000, 0x000000070f600000|100%| O|  |TAMS 0x000000070f600000| PB 0x000000070f400000| Untracked 
| 123|0x000000070f600000, 0x000000070f800000, 0x000000070f800000|100%| S|CS|TAMS 0x000000070f600000| PB 0x000000070f600000| Complete 
| 124|0x000000070f800000, 0x000000070fa00000, 0x000000070fa00000|100%| O|  |TAMS 0x000000070fa00000| PB 0x000000070f800000| Untracked 
| 125|0x000000070fa00000, 0x000000070fc00000, 0x000000070fc00000|100%| S|CS|TAMS 0x000000070fa00000| PB 0x000000070fa00000| Complete 
| 126|0x000000070fc00000, 0x000000070fe00000, 0x000000070fe00000|100%| S|CS|TAMS 0x000000070fc00000| PB 0x000000070fc00000| Complete 
| 127|0x000000070fe00000, 0x0000000710000000, 0x0000000710000000|100%| S|CS|TAMS 0x000000070fe00000| PB 0x000000070fe00000| Complete 
| 128|0x0000000710000000, 0x0000000710200000, 0x0000000710200000|100%| S|CS|TAMS 0x0000000710000000| PB 0x0000000710000000| Complete 
| 129|0x0000000710200000, 0x0000000710400000, 0x0000000710400000|100%| S|CS|TAMS 0x0000000710200000| PB 0x0000000710200000| Complete 
| 130|0x0000000710400000, 0x0000000710400000, 0x0000000710600000|  0%| F|  |TAMS 0x0000000710400000| PB 0x0000000710400000| Untracked 
| 131|0x0000000710600000, 0x0000000710600000, 0x0000000710800000|  0%| F|  |TAMS 0x0000000710600000| PB 0x0000000710600000| Untracked 
| 132|0x0000000710800000, 0x0000000710800000, 0x0000000710a00000|  0%| F|  |TAMS 0x0000000710800000| PB 0x0000000710800000| Untracked 
| 133|0x0000000710a00000, 0x0000000710a00000, 0x0000000710c00000|  0%| F|  |TAMS 0x0000000710a00000| PB 0x0000000710a00000| Untracked 
| 134|0x0000000710c00000, 0x0000000710c00000, 0x0000000710e00000|  0%| F|  |TAMS 0x0000000710c00000| PB 0x0000000710c00000| Untracked 
| 135|0x0000000710e00000, 0x0000000710e00000, 0x0000000711000000|  0%| F|  |TAMS 0x0000000710e00000| PB 0x0000000710e00000| Untracked 
| 136|0x0000000711000000, 0x0000000711000000, 0x0000000711200000|  0%| F|  |TAMS 0x0000000711000000| PB 0x0000000711000000| Untracked 
| 137|0x0000000711200000, 0x0000000711200000, 0x0000000711400000|  0%| F|  |TAMS 0x0000000711200000| PB 0x0000000711200000| Untracked 
| 138|0x0000000711400000, 0x0000000711400000, 0x0000000711600000|  0%| F|  |TAMS 0x0000000711400000| PB 0x0000000711400000| Untracked 
| 139|0x0000000711600000, 0x0000000711600000, 0x0000000711800000|  0%| F|  |TAMS 0x0000000711600000| PB 0x0000000711600000| Untracked 
| 140|0x0000000711800000, 0x0000000711800000, 0x0000000711a00000|  0%| F|  |TAMS 0x0000000711800000| PB 0x0000000711800000| Untracked 
| 141|0x0000000711a00000, 0x0000000711a00000, 0x0000000711c00000|  0%| F|  |TAMS 0x0000000711a00000| PB 0x0000000711a00000| Untracked 
| 142|0x0000000711c00000, 0x0000000711c00000, 0x0000000711e00000|  0%| F|  |TAMS 0x0000000711c00000| PB 0x0000000711c00000| Untracked 
| 143|0x0000000711e00000, 0x0000000711e00000, 0x0000000712000000|  0%| F|  |TAMS 0x0000000711e00000| PB 0x0000000711e00000| Untracked 
| 144|0x0000000712000000, 0x0000000712000000, 0x0000000712200000|  0%| F|  |TAMS 0x0000000712000000| PB 0x0000000712000000| Untracked 
| 145|0x0000000712200000, 0x0000000712200000, 0x0000000712400000|  0%| F|  |TAMS 0x0000000712200000| PB 0x0000000712200000| Untracked 
| 146|0x0000000712400000, 0x0000000712400000, 0x0000000712600000|  0%| F|  |TAMS 0x0000000712400000| PB 0x0000000712400000| Untracked 
| 147|0x0000000712600000, 0x0000000712600000, 0x0000000712800000|  0%| F|  |TAMS 0x0000000712600000| PB 0x0000000712600000| Untracked 
| 148|0x0000000712800000, 0x0000000712800000, 0x0000000712a00000|  0%| F|  |TAMS 0x0000000712800000| PB 0x0000000712800000| Untracked 
| 149|0x0000000712a00000, 0x0000000712a00000, 0x0000000712c00000|  0%| F|  |TAMS 0x0000000712a00000| PB 0x0000000712a00000| Untracked 
| 150|0x0000000712c00000, 0x0000000712c00000, 0x0000000712e00000|  0%| F|  |TAMS 0x0000000712c00000| PB 0x0000000712c00000| Untracked 
| 151|0x0000000712e00000, 0x0000000712e00000, 0x0000000713000000|  0%| F|  |TAMS 0x0000000712e00000| PB 0x0000000712e00000| Untracked 
| 152|0x0000000713000000, 0x0000000713000000, 0x0000000713200000|  0%| F|  |TAMS 0x0000000713000000| PB 0x0000000713000000| Untracked 
| 153|0x0000000713200000, 0x0000000713200000, 0x0000000713400000|  0%| F|  |TAMS 0x0000000713200000| PB 0x0000000713200000| Untracked 
| 154|0x0000000713400000, 0x0000000713400000, 0x0000000713600000|  0%| F|  |TAMS 0x0000000713400000| PB 0x0000000713400000| Untracked 
| 155|0x0000000713600000, 0x0000000713600000, 0x0000000713800000|  0%| F|  |TAMS 0x0000000713600000| PB 0x0000000713600000| Untracked 
| 156|0x0000000713800000, 0x0000000713800000, 0x0000000713a00000|  0%| F|  |TAMS 0x0000000713800000| PB 0x0000000713800000| Untracked 
| 157|0x0000000713a00000, 0x0000000713a00000, 0x0000000713c00000|  0%| F|  |TAMS 0x0000000713a00000| PB 0x0000000713a00000| Untracked 
| 158|0x0000000713c00000, 0x0000000713c00000, 0x0000000713e00000|  0%| F|  |TAMS 0x0000000713c00000| PB 0x0000000713c00000| Untracked 
| 159|0x0000000713e00000, 0x0000000713e00000, 0x0000000714000000|  0%| F|  |TAMS 0x0000000713e00000| PB 0x0000000713e00000| Untracked 
| 160|0x0000000714000000, 0x0000000714000000, 0x0000000714200000|  0%| F|  |TAMS 0x0000000714000000| PB 0x0000000714000000| Untracked 
| 161|0x0000000714200000, 0x0000000714200000, 0x0000000714400000|  0%| F|  |TAMS 0x0000000714200000| PB 0x0000000714200000| Untracked 
| 162|0x0000000714400000, 0x0000000714400000, 0x0000000714600000|  0%| F|  |TAMS 0x0000000714400000| PB 0x0000000714400000| Untracked 
| 163|0x0000000714600000, 0x0000000714600000, 0x0000000714800000|  0%| F|  |TAMS 0x0000000714600000| PB 0x0000000714600000| Untracked 
| 164|0x0000000714800000, 0x0000000714800000, 0x0000000714a00000|  0%| F|  |TAMS 0x0000000714800000| PB 0x0000000714800000| Untracked 
| 165|0x0000000714a00000, 0x0000000714a00000, 0x0000000714c00000|  0%| F|  |TAMS 0x0000000714a00000| PB 0x0000000714a00000| Untracked 
| 166|0x0000000714c00000, 0x0000000714c00000, 0x0000000714e00000|  0%| F|  |TAMS 0x0000000714c00000| PB 0x0000000714c00000| Untracked 
| 167|0x0000000714e00000, 0x0000000714e00000, 0x0000000715000000|  0%| F|  |TAMS 0x0000000714e00000| PB 0x0000000714e00000| Untracked 
| 168|0x0000000715000000, 0x0000000715000000, 0x0000000715200000|  0%| F|  |TAMS 0x0000000715000000| PB 0x0000000715000000| Untracked 
| 169|0x0000000715200000, 0x0000000715200000, 0x0000000715400000|  0%| F|  |TAMS 0x0000000715200000| PB 0x0000000715200000| Untracked 
| 170|0x0000000715400000, 0x0000000715400000, 0x0000000715600000|  0%| F|  |TAMS 0x0000000715400000| PB 0x0000000715400000| Untracked 
| 171|0x0000000715600000, 0x0000000715600000, 0x0000000715800000|  0%| F|  |TAMS 0x0000000715600000| PB 0x0000000715600000| Untracked 
| 172|0x0000000715800000, 0x0000000715800000, 0x0000000715a00000|  0%| F|  |TAMS 0x0000000715800000| PB 0x0000000715800000| Untracked 
| 173|0x0000000715a00000, 0x0000000715a00000, 0x0000000715c00000|  0%| F|  |TAMS 0x0000000715a00000| PB 0x0000000715a00000| Untracked 
| 174|0x0000000715c00000, 0x0000000715c00000, 0x0000000715e00000|  0%| F|  |TAMS 0x0000000715c00000| PB 0x0000000715c00000| Untracked 
| 175|0x0000000715e00000, 0x0000000715e00000, 0x0000000716000000|  0%| F|  |TAMS 0x0000000715e00000| PB 0x0000000715e00000| Untracked 
| 176|0x0000000716000000, 0x0000000716000000, 0x0000000716200000|  0%| F|  |TAMS 0x0000000716000000| PB 0x0000000716000000| Untracked 
| 177|0x0000000716200000, 0x0000000716200000, 0x0000000716400000|  0%| F|  |TAMS 0x0000000716200000| PB 0x0000000716200000| Untracked 
| 178|0x0000000716400000, 0x0000000716400000, 0x0000000716600000|  0%| F|  |TAMS 0x0000000716400000| PB 0x0000000716400000| Untracked 
| 179|0x0000000716600000, 0x0000000716600000, 0x0000000716800000|  0%| F|  |TAMS 0x0000000716600000| PB 0x0000000716600000| Untracked 
| 180|0x0000000716800000, 0x0000000716800000, 0x0000000716a00000|  0%| F|  |TAMS 0x0000000716800000| PB 0x0000000716800000| Untracked 
| 181|0x0000000716a00000, 0x0000000716a00000, 0x0000000716c00000|  0%| F|  |TAMS 0x0000000716a00000| PB 0x0000000716a00000| Untracked 
| 182|0x0000000716c00000, 0x0000000716c00000, 0x0000000716e00000|  0%| F|  |TAMS 0x0000000716c00000| PB 0x0000000716c00000| Untracked 
| 183|0x0000000716e00000, 0x0000000716e00000, 0x0000000717000000|  0%| F|  |TAMS 0x0000000716e00000| PB 0x0000000716e00000| Untracked 
| 184|0x0000000717000000, 0x0000000717000000, 0x0000000717200000|  0%| F|  |TAMS 0x0000000717000000| PB 0x0000000717000000| Untracked 
| 185|0x0000000717200000, 0x0000000717200000, 0x0000000717400000|  0%| F|  |TAMS 0x0000000717200000| PB 0x0000000717200000| Untracked 
| 186|0x0000000717400000, 0x0000000717400000, 0x0000000717600000|  0%| F|  |TAMS 0x0000000717400000| PB 0x0000000717400000| Untracked 
| 187|0x0000000717600000, 0x0000000717600000, 0x0000000717800000|  0%| F|  |TAMS 0x0000000717600000| PB 0x0000000717600000| Untracked 
| 188|0x0000000717800000, 0x0000000717800000, 0x0000000717a00000|  0%| F|  |TAMS 0x0000000717800000| PB 0x0000000717800000| Untracked 
| 189|0x0000000717a00000, 0x0000000717a00000, 0x0000000717c00000|  0%| F|  |TAMS 0x0000000717a00000| PB 0x0000000717a00000| Untracked 
| 190|0x0000000717c00000, 0x0000000717c00000, 0x0000000717e00000|  0%| F|  |TAMS 0x0000000717c00000| PB 0x0000000717c00000| Untracked 
| 191|0x0000000717e00000, 0x0000000717e00000, 0x0000000718000000|  0%| F|  |TAMS 0x0000000717e00000| PB 0x0000000717e00000| Untracked 
| 192|0x0000000718000000, 0x0000000718000000, 0x0000000718200000|  0%| F|  |TAMS 0x0000000718000000| PB 0x0000000718000000| Untracked 
| 193|0x0000000718200000, 0x0000000718200000, 0x0000000718400000|  0%| F|  |TAMS 0x0000000718200000| PB 0x0000000718200000| Untracked 
| 194|0x0000000718400000, 0x0000000718400000, 0x0000000718600000|  0%| F|  |TAMS 0x0000000718400000| PB 0x0000000718400000| Untracked 
| 195|0x0000000718600000, 0x0000000718600000, 0x0000000718800000|  0%| F|  |TAMS 0x0000000718600000| PB 0x0000000718600000| Untracked 
| 196|0x0000000718800000, 0x0000000718800000, 0x0000000718a00000|  0%| F|  |TAMS 0x0000000718800000| PB 0x0000000718800000| Untracked 
| 197|0x0000000718a00000, 0x0000000718a00000, 0x0000000718c00000|  0%| F|  |TAMS 0x0000000718a00000| PB 0x0000000718a00000| Untracked 
| 198|0x0000000718c00000, 0x0000000718c00000, 0x0000000718e00000|  0%| F|  |TAMS 0x0000000718c00000| PB 0x0000000718c00000| Untracked 
| 199|0x0000000718e00000, 0x0000000718e00000, 0x0000000719000000|  0%| F|  |TAMS 0x0000000718e00000| PB 0x0000000718e00000| Untracked 
| 200|0x0000000719000000, 0x0000000719000000, 0x0000000719200000|  0%| F|  |TAMS 0x0000000719000000| PB 0x0000000719000000| Untracked 
| 201|0x0000000719200000, 0x0000000719200000, 0x0000000719400000|  0%| F|  |TAMS 0x0000000719200000| PB 0x0000000719200000| Untracked 
| 202|0x0000000719400000, 0x0000000719400000, 0x0000000719600000|  0%| F|  |TAMS 0x0000000719400000| PB 0x0000000719400000| Untracked 
| 203|0x0000000719600000, 0x0000000719600000, 0x0000000719800000|  0%| F|  |TAMS 0x0000000719600000| PB 0x0000000719600000| Untracked 
| 204|0x0000000719800000, 0x0000000719800000, 0x0000000719a00000|  0%| F|  |TAMS 0x0000000719800000| PB 0x0000000719800000| Untracked 
| 205|0x0000000719a00000, 0x0000000719a00000, 0x0000000719c00000|  0%| F|  |TAMS 0x0000000719a00000| PB 0x0000000719a00000| Untracked 
| 206|0x0000000719c00000, 0x0000000719c00000, 0x0000000719e00000|  0%| F|  |TAMS 0x0000000719c00000| PB 0x0000000719c00000| Untracked 
| 207|0x0000000719e00000, 0x0000000719e00000, 0x000000071a000000|  0%| F|  |TAMS 0x0000000719e00000| PB 0x0000000719e00000| Untracked 
| 208|0x000000071a000000, 0x000000071a000000, 0x000000071a200000|  0%| F|  |TAMS 0x000000071a000000| PB 0x000000071a000000| Untracked 
| 209|0x000000071a200000, 0x000000071a200000, 0x000000071a400000|  0%| F|  |TAMS 0x000000071a200000| PB 0x000000071a200000| Untracked 
| 210|0x000000071a400000, 0x000000071a400000, 0x000000071a600000|  0%| F|  |TAMS 0x000000071a400000| PB 0x000000071a400000| Untracked 
| 211|0x000000071a600000, 0x000000071a600000, 0x000000071a800000|  0%| F|  |TAMS 0x000000071a600000| PB 0x000000071a600000| Untracked 
| 212|0x000000071a800000, 0x000000071a800000, 0x000000071aa00000|  0%| F|  |TAMS 0x000000071a800000| PB 0x000000071a800000| Untracked 
| 213|0x000000071aa00000, 0x000000071aa00000, 0x000000071ac00000|  0%| F|  |TAMS 0x000000071aa00000| PB 0x000000071aa00000| Untracked 
| 214|0x000000071ac00000, 0x000000071ac00000, 0x000000071ae00000|  0%| F|  |TAMS 0x000000071ac00000| PB 0x000000071ac00000| Untracked 
| 215|0x000000071ae00000, 0x000000071ae00000, 0x000000071b000000|  0%| F|  |TAMS 0x000000071ae00000| PB 0x000000071ae00000| Untracked 
| 216|0x000000071b000000, 0x000000071b000000, 0x000000071b200000|  0%| F|  |TAMS 0x000000071b000000| PB 0x000000071b000000| Untracked 
| 217|0x000000071b200000, 0x000000071b200000, 0x000000071b400000|  0%| F|  |TAMS 0x000000071b200000| PB 0x000000071b200000| Untracked 
| 218|0x000000071b400000, 0x000000071b400000, 0x000000071b600000|  0%| F|  |TAMS 0x000000071b400000| PB 0x000000071b400000| Untracked 
|2027|0x00000007fd600000, 0x00000007fd600000, 0x00000007fd800000|  0%| F|  |TAMS 0x00000007fd600000| PB 0x00000007fd600000| Untracked 
|2028|0x00000007fd800000, 0x00000007fd800000, 0x00000007fda00000|  0%| F|  |TAMS 0x00000007fd800000| PB 0x00000007fd800000| Untracked 
|2029|0x00000007fda00000, 0x00000007fdc00000, 0x00000007fdc00000|100%| O|  |TAMS 0x00000007fdc00000| PB 0x00000007fda00000| Untracked 
|2030|0x00000007fdc00000, 0x00000007fdc00000, 0x00000007fde00000|  0%| F|  |TAMS 0x00000007fdc00000| PB 0x00000007fdc00000| Untracked 
|2031|0x00000007fde00000, 0x00000007fe000000, 0x00000007fe000000|100%| O|  |TAMS 0x00000007fe000000| PB 0x00000007fde00000| Untracked 
|2032|0x00000007fe000000, 0x00000007fe000000, 0x00000007fe200000|  0%| F|  |TAMS 0x00000007fe000000| PB 0x00000007fe000000| Untracked 
|2033|0x00000007fe200000, 0x00000007fe200000, 0x00000007fe400000|  0%| F|  |TAMS 0x00000007fe200000| PB 0x00000007fe200000| Untracked 
|2034|0x00000007fe400000, 0x00000007fe400000, 0x00000007fe600000|  0%| F|  |TAMS 0x00000007fe400000| PB 0x00000007fe400000| Untracked 
|2035|0x00000007fe600000, 0x00000007fe600000, 0x00000007fe800000|  0%| F|  |TAMS 0x00000007fe600000| PB 0x00000007fe600000| Untracked 
|2036|0x00000007fe800000, 0x00000007fea00000, 0x00000007fea00000|100%| O|  |TAMS 0x00000007fea00000| PB 0x00000007fe800000| Untracked 
|2037|0x00000007fea00000, 0x00000007fea00000, 0x00000007fec00000|  0%| F|  |TAMS 0x00000007fea00000| PB 0x00000007fea00000| Untracked 
|2038|0x00000007fec00000, 0x00000007fee00000, 0x00000007fee00000|100%| O|  |TAMS 0x00000007fee00000| PB 0x00000007fec00000| Untracked 
|2039|0x00000007fee00000, 0x00000007ff000000, 0x00000007ff000000|100%| O|  |TAMS 0x00000007ff000000| PB 0x00000007fee00000| Untracked 
|2040|0x00000007ff000000, 0x00000007ff200000, 0x00000007ff200000|100%| O|  |TAMS 0x00000007ff200000| PB 0x00000007ff000000| Untracked 
|2041|0x00000007ff200000, 0x00000007ff400000, 0x00000007ff400000|100%| O|  |TAMS 0x00000007ff400000| PB 0x00000007ff200000| Untracked 
|2042|0x00000007ff400000, 0x00000007ff600000, 0x00000007ff600000|100%| O|  |TAMS 0x00000007ff600000| PB 0x00000007ff400000| Untracked 
|2043|0x00000007ff600000, 0x00000007ff800000, 0x00000007ff800000|100%| O|  |TAMS 0x00000007ff800000| PB 0x00000007ff600000| Untracked 
|2044|0x00000007ff800000, 0x00000007ffa00000, 0x00000007ffa00000|100%| O|  |TAMS 0x00000007ffa00000| PB 0x00000007ff800000| Untracked 
|2045|0x00000007ffa00000, 0x00000007ffa00000, 0x00000007ffc00000|  0%| F|  |TAMS 0x00000007ffa00000| PB 0x00000007ffa00000| Untracked 
|2046|0x00000007ffc00000, 0x00000007ffc00000, 0x00000007ffe00000|  0%| F|  |TAMS 0x00000007ffc00000| PB 0x00000007ffc00000| Untracked 
|2047|0x00000007ffe00000, 0x0000000800000000, 0x0000000800000000|100%| O|  |TAMS 0x0000000800000000| PB 0x00000007ffe00000| Untracked 

Card table byte_map: [0x000001809a080000,0x000001809a880000] _byte_map_base: 0x0000018096880000

Marking Bits: (CMBitMap*) 0x00000180821b41b0
 Bits: [0x000001809a880000, 0x000001809e880000)

Polling page: 0x0000018080350000

Metaspace:

Usage:
  Non-class:    154.06 MB used.
      Class:     23.93 MB used.
       Both:    177.99 MB used.

Virtual space:
  Non-class space:      192.00 MB reserved,     155.62 MB ( 81%) committed,  3 nodes.
      Class space:        1.00 GB reserved,      25.50 MB (  2%) committed,  1 nodes.
             Both:        1.19 GB reserved,     181.12 MB ( 15%) committed. 

Chunk freelists:
   Non-Class:  4.12 MB
       Class:  6.50 MB
        Both:  10.62 MB

MaxMetaspaceSize: unlimited
CompressedClassSpaceSize: 1.00 GB
Initial GC threshold: 21.00 MB
Current GC threshold: 301.50 MB
CDS: on
 - commit_granule_bytes: 65536.
 - commit_granule_words: 8192.
 - virtual_space_node_default_size: 8388608.
 - enlarge_chunks_in_place: 1.
 - use_allocation_guard: 0.


Internal statistics:

num_allocs_failed_limit: 6.
num_arena_births: 6266.
num_arena_deaths: 18.
num_vsnodes_births: 4.
num_vsnodes_deaths: 0.
num_space_committed: 2897.
num_space_uncommitted: 0.
num_chunks_returned_to_freelist: 37.
num_chunks_taken_from_freelist: 14744.
num_chunk_merges: 6.
num_chunk_splits: 9616.
num_chunks_enlarged: 6104.
num_inconsistent_stats: 0.

CodeHeap 'non-profiled nmethods': size=120064Kb used=21033Kb max_used=21580Kb free=99030Kb
 bounds [0x0000018092340000, 0x0000018093860000, 0x0000018099880000]
CodeHeap 'profiled nmethods': size=120000Kb used=25851Kb max_used=46372Kb free=94149Kb
 bounds [0x000001808a880000, 0x000001808d5d0000, 0x0000018091db0000]
CodeHeap 'non-nmethods': size=5696Kb used=2222Kb max_used=2281Kb free=3473Kb
 bounds [0x0000018091db0000, 0x0000018092020000, 0x0000018092340000]
CodeCache: size=245760Kb, used=49106Kb, max_used=70233Kb, free=196652Kb
 total_blobs=15061, nmethods=14001, adapters=964, full_count=0
Compilation: enabled, stopped_count=0, restarted_count=0

Compilation events (20 events):
Event: 490.600 Thread 0x00000180a0a26cc0 32302       3       com.android.tools.r8.dex.s::a (264 bytes)
Event: 490.602 Thread 0x00000180a0a26cc0 nmethod 32302 0x000001808b130510 code [0x000001808b130880, 0x000001808b132180]
Event: 490.614 Thread 0x00000180a0a26cc0 32303       3       com.android.tools.r8.naming.w0$b::a (88 bytes)
Event: 490.615 Thread 0x00000180a0a26cc0 nmethod 32303 0x000001808ab71510 code [0x000001808ab71780, 0x000001808ab724d0]
Event: 490.621 Thread 0x00000180a0a26cc0 32304       3       com.android.tools.r8.naming.w0$b::<init> (16 bytes)
Event: 490.622 Thread 0x00000180a0a26cc0 nmethod 32304 0x000001808caf6990 code [0x000001808caf6b40, 0x000001808caf6e30]
Event: 490.630 Thread 0x00000180a0a26cc0 32305       3       com.android.tools.r8.naming.w0$c::<init> (10 bytes)
Event: 490.630 Thread 0x00000180a0a26cc0 nmethod 32305 0x000001808b72cc90 code [0x000001808b72ce40, 0x000001808b72d000]
Event: 490.642 Thread 0x00000180a0a26cc0 32307       3       com.android.tools.r8.dex.s$$Lambda/0x00000180a397db80::apply (15 bytes)
Event: 490.642 Thread 0x00000180a0a26cc0 nmethod 32307 0x000001808b31d410 code [0x000001808b31d600, 0x000001808b31dbd0]
Event: 490.642 Thread 0x00000180a0a26cc0 32308       3       com.android.tools.r8.internal.we0::a (15 bytes)
Event: 490.643 Thread 0x00000180a0a26cc0 nmethod 32308 0x000001808cb61790 code [0x000001808cb61960, 0x000001808cb61c10]
Event: 490.643 Thread 0x00000180a0a26cc0 32309       3       com.android.tools.r8.internal.n23::b (19 bytes)
Event: 490.643 Thread 0x00000180a0a26cc0 nmethod 32309 0x000001808b925690 code [0x000001808b925860, 0x000001808b925c90]
Event: 490.655 Thread 0x00000180a0a26cc0 32311       2       com.android.tools.r8.internal.hl$$Lambda/0x00000180a38b43f8::<init> (15 bytes)
Event: 490.655 Thread 0x00000180a0a26cc0 nmethod 32311 0x000001808cba2d10 code [0x000001808cba2ec0, 0x000001808cba3090]
Event: 490.655 Thread 0x00000180a0a26cc0 32312       2       com.android.tools.r8.internal.hl::a (25 bytes)
Event: 490.656 Thread 0x00000180a0a26cc0 nmethod 32312 0x000001808aee4f90 code [0x000001808aee51a0, 0x000001808aee5580]
Event: 490.657 Thread 0x00000180a0a26cc0 32313       3       com.android.tools.r8.internal.hl::a (173 bytes)
Event: 490.659 Thread 0x00000180a0a26cc0 nmethod 32313 0x000001808a8b3210 code [0x000001808a8b3500, 0x000001808a8b4120]

GC Heap History (20 events):
Event: 462.580 GC heap before
{Heap before GC invocations=123 (full 0):
 garbage-first heap   total 491520K, used 465066K [0x0000000700000000, 0x0000000800000000)
  region size 2048K, 95 young (194560K), 6 survivors (12288K)
 Metaspace       used 180153K, committed 183360K, reserved 1245184K
  class space    used 24202K, committed 25856K, reserved 1048576K
}
Event: 462.620 GC heap after
{Heap after GC invocations=124 (full 0):
 garbage-first heap   total 491520K, used 280469K [0x0000000700000000, 0x0000000800000000)
  region size 2048K, 6 young (12288K), 6 survivors (12288K)
 Metaspace       used 180153K, committed 183360K, reserved 1245184K
  class space    used 24202K, committed 25856K, reserved 1048576K
}
Event: 465.372 GC heap before
{Heap before GC invocations=124 (full 0):
 garbage-first heap   total 491520K, used 464789K [0x0000000700000000, 0x0000000800000000)
  region size 2048K, 96 young (196608K), 6 survivors (12288K)
 Metaspace       used 180161K, committed 183424K, reserved 1245184K
  class space    used 24204K, committed 25856K, reserved 1048576K
}
Event: 465.403 GC heap after
{Heap after GC invocations=125 (full 0):
 garbage-first heap   total 491520K, used 282624K [0x0000000700000000, 0x0000000800000000)
  region size 2048K, 6 young (12288K), 6 survivors (12288K)
 Metaspace       used 180161K, committed 183424K, reserved 1245184K
  class space    used 24204K, committed 25856K, reserved 1048576K
}
Event: 468.861 GC heap before
{Heap before GC invocations=126 (full 0):
 garbage-first heap   total 491520K, used 466944K [0x0000000700000000, 0x0000000800000000)
  region size 2048K, 96 young (196608K), 6 survivors (12288K)
 Metaspace       used 180310K, committed 183552K, reserved 1245184K
  class space    used 24223K, committed 25856K, reserved 1048576K
}
Event: 468.898 GC heap after
{Heap after GC invocations=127 (full 0):
 garbage-first heap   total 491520K, used 285325K [0x0000000700000000, 0x0000000800000000)
  region size 2048K, 7 young (14336K), 7 survivors (14336K)
 Metaspace       used 180310K, committed 183552K, reserved 1245184K
  class space    used 24223K, committed 25856K, reserved 1048576K
}
Event: 471.583 GC heap before
{Heap before GC invocations=127 (full 0):
 garbage-first heap   total 491520K, used 463501K [0x0000000700000000, 0x0000000800000000)
  region size 2048K, 95 young (194560K), 7 survivors (14336K)
 Metaspace       used 180332K, committed 183552K, reserved 1245184K
  class space    used 24224K, committed 25856K, reserved 1048576K
}
Event: 471.637 GC heap after
{Heap after GC invocations=128 (full 0):
 garbage-first heap   total 491520K, used 282926K [0x0000000700000000, 0x0000000800000000)
  region size 2048K, 8 young (16384K), 8 survivors (16384K)
 Metaspace       used 180332K, committed 183552K, reserved 1245184K
  class space    used 24224K, committed 25856K, reserved 1048576K
}
Event: 474.715 GC heap before
{Heap before GC invocations=128 (full 0):
 garbage-first heap   total 491520K, used 465198K [0x0000000700000000, 0x0000000800000000)
  region size 2048K, 97 young (198656K), 8 survivors (16384K)
 Metaspace       used 180363K, committed 183552K, reserved 1245184K
  class space    used 24225K, committed 25856K, reserved 1048576K
}
Event: 474.751 GC heap after
{Heap after GC invocations=129 (full 0):
 garbage-first heap   total 491520K, used 283072K [0x0000000700000000, 0x0000000800000000)
  region size 2048K, 7 young (14336K), 7 survivors (14336K)
 Metaspace       used 180363K, committed 183552K, reserved 1245184K
  class space    used 24225K, committed 25856K, reserved 1048576K
}
Event: 479.830 GC heap before
{Heap before GC invocations=130 (full 0):
 garbage-first heap   total 491520K, used 465344K [0x0000000700000000, 0x0000000800000000)
  region size 2048K, 96 young (196608K), 7 survivors (14336K)
 Metaspace       used 181541K, committed 184768K, reserved 1245184K
  class space    used 24419K, committed 26048K, reserved 1048576K
}
Event: 479.867 GC heap after
{Heap after GC invocations=131 (full 0):
 garbage-first heap   total 491520K, used 284096K [0x0000000700000000, 0x0000000800000000)
  region size 2048K, 7 young (14336K), 7 survivors (14336K)
 Metaspace       used 181541K, committed 184768K, reserved 1245184K
  class space    used 24419K, committed 26048K, reserved 1048576K
}
Event: 482.289 GC heap before
{Heap before GC invocations=131 (full 0):
 garbage-first heap   total 491520K, used 466368K [0x0000000700000000, 0x0000000800000000)
  region size 2048K, 96 young (196608K), 7 survivors (14336K)
 Metaspace       used 181997K, committed 185216K, reserved 1245184K
  class space    used 24478K, committed 26112K, reserved 1048576K
}
Event: 482.332 GC heap after
{Heap after GC invocations=132 (full 0):
 garbage-first heap   total 491520K, used 280820K [0x0000000700000000, 0x0000000800000000)
  region size 2048K, 7 young (14336K), 7 survivors (14336K)
 Metaspace       used 181997K, committed 185216K, reserved 1245184K
  class space    used 24478K, committed 26112K, reserved 1048576K
}
Event: 484.359 GC heap before
{Heap before GC invocations=132 (full 0):
 garbage-first heap   total 491520K, used 465140K [0x0000000700000000, 0x0000000800000000)
  region size 2048K, 97 young (198656K), 7 survivors (14336K)
 Metaspace       used 182036K, committed 185216K, reserved 1245184K
  class space    used 24479K, committed 26112K, reserved 1048576K
}
Event: 484.394 GC heap after
{Heap after GC invocations=133 (full 0):
 garbage-first heap   total 491520K, used 280820K [0x0000000700000000, 0x0000000800000000)
  region size 2048K, 7 young (14336K), 7 survivors (14336K)
 Metaspace       used 182036K, committed 185216K, reserved 1245184K
  class space    used 24479K, committed 26112K, reserved 1048576K
}
Event: 486.914 GC heap before
{Heap before GC invocations=134 (full 0):
 garbage-first heap   total 491520K, used 465140K [0x0000000700000000, 0x0000000800000000)
  region size 2048K, 97 young (198656K), 7 survivors (14336K)
 Metaspace       used 182037K, committed 185216K, reserved 1245184K
  class space    used 24479K, committed 26112K, reserved 1048576K
}
Event: 486.952 GC heap after
{Heap after GC invocations=135 (full 0):
 garbage-first heap   total 491520K, used 281844K [0x0000000700000000, 0x0000000800000000)
  region size 2048K, 8 young (16384K), 8 survivors (16384K)
 Metaspace       used 182037K, committed 185216K, reserved 1245184K
  class space    used 24479K, committed 26112K, reserved 1048576K
}
Event: 487.989 GC heap before
{Heap before GC invocations=135 (full 0):
 garbage-first heap   total 491520K, used 464116K [0x0000000700000000, 0x0000000800000000)
  region size 2048K, 97 young (198656K), 8 survivors (16384K)
 Metaspace       used 182038K, committed 185216K, reserved 1245184K
  class space    used 24479K, committed 26112K, reserved 1048576K
}
Event: 488.033 GC heap after
{Heap after GC invocations=136 (full 0):
 garbage-first heap   total 491520K, used 277877K [0x0000000700000000, 0x0000000800000000)
  region size 2048K, 8 young (16384K), 8 survivors (16384K)
 Metaspace       used 182038K, committed 185216K, reserved 1245184K
  class space    used 24479K, committed 26112K, reserved 1048576K
}

Dll operation events (16 events):
Event: 0.026 Loaded shared library C:\Users\gabil\.gradle\jdks\amazon_com_inc_-21-amd64-windows.2\bin\java.dll
Event: 0.190 Loaded shared library C:\Users\gabil\.gradle\jdks\amazon_com_inc_-21-amd64-windows.2\bin\jsvml.dll
Event: 0.345 Loaded shared library C:\Users\gabil\.gradle\jdks\amazon_com_inc_-21-amd64-windows.2\bin\zip.dll
Event: 0.364 Loaded shared library C:\Users\gabil\.gradle\jdks\amazon_com_inc_-21-amd64-windows.2\bin\instrument.dll
Event: 0.397 Loaded shared library C:\Users\gabil\.gradle\jdks\amazon_com_inc_-21-amd64-windows.2\bin\net.dll
Event: 0.408 Loaded shared library C:\Users\gabil\.gradle\jdks\amazon_com_inc_-21-amd64-windows.2\bin\nio.dll
Event: 0.419 Loaded shared library C:\Users\gabil\.gradle\jdks\amazon_com_inc_-21-amd64-windows.2\bin\zip.dll
Event: 2.218 Loaded shared library C:\Users\gabil\.gradle\jdks\amazon_com_inc_-21-amd64-windows.2\bin\jimage.dll
Event: 3.875 Loaded shared library C:\Users\gabil\.gradle\jdks\amazon_com_inc_-21-amd64-windows.2\bin\verify.dll
Event: 4.062 Loaded shared library C:\Users\gabil\.gradle\native\1def1411415f61bf3af743bc5b6707747c0891f09f0c88961ee8f79bc544acac\windows-amd64\native-platform.dll
Event: 4.096 Loaded shared library C:\Users\gabil\.gradle\native\0.2.8\x86_64-windows-gnu\gradle-fileevents.dll
Event: 15.620 Loaded shared library C:\Users\gabil\.gradle\jdks\amazon_com_inc_-21-amd64-windows.2\bin\management.dll
Event: 15.628 Loaded shared library C:\Users\gabil\.gradle\jdks\amazon_com_inc_-21-amd64-windows.2\bin\management_ext.dll
Event: 16.488 Loaded shared library C:\Users\gabil\.gradle\jdks\amazon_com_inc_-21-amd64-windows.2\bin\extnet.dll
Event: 17.432 Loaded shared library C:\Users\gabil\.gradle\jdks\amazon_com_inc_-21-amd64-windows.2\bin\sunmscapi.dll
Event: 273.025 Loaded shared library C:\Users\gabil\.gradle\jdks\amazon_com_inc_-21-amd64-windows.2\bin\rmi.dll

Deoptimization events (20 events):
Event: 488.155 Thread 0x00000180ebcb9e10 Uncommon trap: trap_request=0xffffffc6 fr.pc=0x0000018092c4f73c relative=0x000000000000085c
Event: 488.155 Thread 0x00000180ebcb9e10 Uncommon trap: reason=bimorphic_or_optimized_type_check action=maybe_recompile pc=0x0000018092c4f73c method=com.android.tools.r8.graph.j6.a(Lcom/android/tools/r8/internal/m54;Lcom/android/tools/r8/internal/dx;)I @ 6 c2
Event: 488.155 Thread 0x00000180ebcb9e10 DEOPT PACKING pc=0x0000018092c4f73c sp=0x0000007936ef64c0
Event: 488.155 Thread 0x00000180ebcb9e10 DEOPT UNPACKING pc=0x0000018091e0439c sp=0x0000007936ef6458 mode 2
Event: 488.783 Thread 0x00000180f147c050 Uncommon trap: trap_request=0xffffffc6 fr.pc=0x0000018093159c7c relative=0x0000000000000c3c
Event: 488.783 Thread 0x00000180f147c050 Uncommon trap: reason=bimorphic_or_optimized_type_check action=maybe_recompile pc=0x0000018093159c7c method=com.android.tools.r8.graph.ma.b(Ljava/util/function/Predicate;Ljava/util/function/Consumer;Lcom/android/tools/r8/graph/j3;)V @ 12 c2
Event: 488.783 Thread 0x00000180f147c050 DEOPT PACKING pc=0x0000018093159c7c sp=0x0000007936dfa2b0
Event: 488.783 Thread 0x00000180f147c050 DEOPT UNPACKING pc=0x0000018091e0439c sp=0x0000007936dfa1a8 mode 2
Event: 488.784 Thread 0x00000180f147c050 Uncommon trap: trap_request=0xffffffc6 fr.pc=0x0000018093159c7c relative=0x0000000000000c3c
Event: 488.784 Thread 0x00000180f147c050 Uncommon trap: reason=bimorphic_or_optimized_type_check action=maybe_recompile pc=0x0000018093159c7c method=com.android.tools.r8.graph.ma.b(Ljava/util/function/Predicate;Ljava/util/function/Consumer;Lcom/android/tools/r8/graph/j3;)V @ 12 c2
Event: 488.784 Thread 0x00000180f147c050 DEOPT PACKING pc=0x0000018093159c7c sp=0x0000007936dfa2b0
Event: 488.784 Thread 0x00000180f147c050 DEOPT UNPACKING pc=0x0000018091e0439c sp=0x0000007936dfa1a8 mode 2
Event: 490.267 Thread 0x00000180ebcb9e10 Uncommon trap: trap_request=0xffffff45 fr.pc=0x0000018092dee7a8 relative=0x00000000000014a8
Event: 490.267 Thread 0x00000180ebcb9e10 Uncommon trap: reason=unstable_if action=reinterpret pc=0x0000018092dee7a8 method=com.android.tools.r8.internal.hl.a(Lcom/android/tools/r8/internal/u51;Lcom/android/tools/r8/internal/po;Lcom/android/tools/r8/internal/bo;)V @ 41 c2
Event: 490.267 Thread 0x00000180ebcb9e10 DEOPT PACKING pc=0x0000018092dee7a8 sp=0x0000007936ef6b50
Event: 490.267 Thread 0x00000180ebcb9e10 DEOPT UNPACKING pc=0x0000018091e0439c sp=0x0000007936ef6b40 mode 2
Event: 490.333 Thread 0x00000180f147c050 Uncommon trap: trap_request=0xffffff76 fr.pc=0x000001809239d1cc relative=0x000000000000020c
Event: 490.333 Thread 0x00000180f147c050 Uncommon trap: reason=predicate action=maybe_recompile pc=0x000001809239d1cc method=com.android.tools.r8.graph.la.b(Ljava/util/function/Function;)Lcom/android/tools/r8/internal/xa4; @ 14 c2
Event: 490.333 Thread 0x00000180f147c050 DEOPT PACKING pc=0x000001809239d1cc sp=0x0000007936dfa2c0
Event: 490.333 Thread 0x00000180f147c050 DEOPT UNPACKING pc=0x0000018091e0439c sp=0x0000007936dfa258 mode 2

Classes loaded (20 events):
Event: 282.840 Loading class sun/rmi/transport/DGCImpl$1
Event: 282.840 Loading class sun/rmi/transport/DGCImpl$1 done
Event: 282.840 Loading class sun/rmi/transport/SequenceEntry
Event: 282.840 Loading class sun/rmi/transport/SequenceEntry done
Event: 282.925 Loading class java/util/concurrent/RejectedExecutionException
Event: 282.925 Loading class java/util/concurrent/RejectedExecutionException done
Event: 308.713 Loading class java/util/IdentityHashMap$EntrySpliterator
Event: 308.714 Loading class java/util/IdentityHashMap$IdentityHashMapSpliterator
Event: 308.714 Loading class java/util/IdentityHashMap$IdentityHashMapSpliterator done
Event: 308.714 Loading class java/util/IdentityHashMap$EntrySpliterator done
Event: 308.818 Loading class java/util/SortedSet$1
Event: 308.820 Loading class java/util/SortedSet$1 done
Event: 308.913 Loading class java/util/PriorityQueue
Event: 308.914 Loading class java/util/PriorityQueue done
Event: 309.025 Loading class java/util/IdentityHashMap$ValueIterator
Event: 309.025 Loading class java/util/IdentityHashMap$ValueIterator done
Event: 476.164 Loading class sun/rmi/transport/DGCClient$EndpointEntry$CleanRequest
Event: 476.164 Loading class sun/rmi/transport/DGCClient$EndpointEntry$CleanRequest done
Event: 488.727 Loading class java/nio/ShortBuffer
Event: 488.729 Loading class java/nio/ShortBuffer done

Classes unloaded (20 events):
Event: 58.450 Thread 0x00000180a09cae40 Unloading class 0x00000180a28d8400 '_BuildScript_$_run_closure1'
Event: 58.450 Thread 0x00000180a09cae40 Unloading class 0x00000180a28d8800 '_BuildScript_'
Event: 63.731 Thread 0x00000180a09cae40 Unloading class 0x00000180a28f8cd8 '_BuildScript_$_run_closure1$_closure3'
Event: 63.731 Thread 0x00000180a09cae40 Unloading class 0x00000180a28f88e8 '_BuildScript_$_run_closure1$_closure2'
Event: 63.731 Thread 0x00000180a09cae40 Unloading class 0x00000180a28f84f8 '_BuildScript_$_run_closure1'
Event: 63.731 Thread 0x00000180a09cae40 Unloading class 0x00000180a28f8000 '_BuildScript_'
Event: 63.731 Thread 0x00000180a09cae40 Unloading class 0x00000180a28f7298 'KotlinCoroutineJvmDebugArgumentsProvider$_asArguments_closure1'
Event: 63.731 Thread 0x00000180a09cae40 Unloading class 0x00000180a28f7000 'KotlinCoroutineJvmDebugArgumentsProvider'
Event: 63.731 Thread 0x00000180a09cae40 Unloading class 0x00000180a28f6c00 'Properties'
Event: 63.731 Thread 0x00000180a09cae40 Unloading class 0x00000180a28f48e8 '_BuildScript_$_run_closure1$_closure2'
Event: 63.731 Thread 0x00000180a09cae40 Unloading class 0x00000180a28f44f8 '_BuildScript_$_run_closure1'
Event: 63.731 Thread 0x00000180a09cae40 Unloading class 0x00000180a28f4000 '_BuildScript_'
Event: 75.239 Thread 0x00000180a09cae40 Unloading class 0x00000180a28fc3f0 '_BuildScript_'
Event: 75.239 Thread 0x00000180a09cae40 Unloading class 0x00000180a28fc000 'SetupUtpTestResultListenerAction$_execute_closure1$_closure2'
Event: 75.239 Thread 0x00000180a09cae40 Unloading class 0x00000180a28fbaa0 'SetupUtpTestResultListenerAction$_execute_closure1'
Event: 75.239 Thread 0x00000180a09cae40 Unloading class 0x00000180a28fb800 'SetupUtpTestResultListenerAction'
Event: 208.282 Thread 0x00000180a09cae40 Unloading class 0x00000180a349ac00 'java/lang/invoke/LambdaForm$MH+0x00000180a349ac00'
Event: 208.282 Thread 0x00000180a09cae40 Unloading class 0x00000180a349a400 'java/lang/invoke/LambdaForm$MH+0x00000180a349a400'
Event: 208.282 Thread 0x00000180a09cae40 Unloading class 0x00000180a3499c00 'java/lang/invoke/LambdaForm$MH+0x00000180a3499c00'
Event: 208.282 Thread 0x00000180a09cae40 Unloading class 0x00000180a3499400 'java/lang/invoke/LambdaForm$MH+0x00000180a3499400'

Classes redefined (0 events):
No events

Internal exceptions (20 events):
Event: 313.181 Thread 0x00000180ebcb9e10 Exception <a 'java/lang/NoSuchMethodError'{0x000000071596d688}: 'void java.lang.invoke.DirectMethodHandle$Holder.invokeStatic(java.lang.Object, int)'> (0x000000071596d688) 
thrown [s\src\hotspot\share\interpreter\linkResolver.cpp, line 773]
Event: 318.883 Thread 0x00000180ebcb9e10 Implicit null exception at 0x0000018092f871da to 0x0000018092f89bbc
Event: 320.628 Thread 0x00000180ebcb9e10 Exception <a 'java/lang/NoSuchMethodError'{0x000000071380b398}: 'java.lang.Object java.lang.invoke.DirectMethodHandle$Holder.newInvokeSpecial(java.lang.Object, int, java.lang.Object, java.lang.Object, java.lang.Object, java.lang.Object)'> (0x000000071380b398) 
thrown [s\src\hotspot\share\interpreter\linkResolver.cpp, line 773]
Event: 339.927 Thread 0x00000180ebcb9e10 Exception <a 'java/lang/NoSuchMethodError'{0x0000000719aaab18}: 'java.lang.Object java.lang.invoke.DirectMethodHandle$Holder.invokeInterface(java.lang.Object, java.lang.Object, int)'> (0x0000000719aaab18) 
thrown [s\src\hotspot\share\interpreter\linkResolver.cpp, line 773]
Event: 428.185 Thread 0x00000180ebcb9e10 Exception <a 'java/lang/NoSuchMethodError'{0x0000000713bf1878}: 'void java.lang.invoke.DirectMethodHandle$Holder.invokeSpecialIFC(java.lang.Object, java.lang.Object, java.lang.Object, java.lang.Object)'> (0x0000000713bf1878) 
thrown [s\src\hotspot\share\interpreter\linkResolver.cpp, line 773]
Event: 443.945 Thread 0x00000180ea929af0 Exception <a 'java/lang/NoSuchMethodError'{0x00000007ffb2f6c0}: 'void java.lang.invoke.DirectMethodHandle$Holder.invokeInterface(java.lang.Object, java.lang.Object, int, java.lang.Object)'> (0x00000007ffb2f6c0) 
thrown [s\src\hotspot\share\interpreter\linkResolver.cpp, line 773]
Event: 443.946 Thread 0x00000180ea929af0 Exception <a 'java/lang/NoSuchMethodError'{0x00000007ffb32d18}: 'void java.lang.invoke.DelegatingMethodHandle$Holder.reinvoke_L(java.lang.Object, java.lang.Object, int, java.lang.Object)'> (0x00000007ffb32d18) 
thrown [s\src\hotspot\share\interpreter\linkResolver.cpp, line 773]
Event: 444.022 Thread 0x00000180ea929af0 Exception <a 'java/lang/NoSuchMethodError'{0x00000007ffb549a0}: 'void java.lang.invoke.DelegatingMethodHandle$Holder.reinvoke_L(java.lang.Object, java.lang.Object, int, int, java.lang.Object, java.lang.Object)'> (0x00000007ffb549a0) 
thrown [s\src\hotspot\share\interpreter\linkResolver.cpp, line 773]
Event: 467.827 Thread 0x00000180ebcbd920 Exception <a 'sun/nio/fs/WindowsException'{0x00000007152830f8}> (0x00000007152830f8) 
thrown [s\src\hotspot\share\prims\jni.cpp, line 520]
Event: 467.879 Thread 0x00000180ebcbd920 Exception <a 'sun/nio/fs/WindowsException'{0x0000000714217990}> (0x0000000714217990) 
thrown [s\src\hotspot\share\prims\jni.cpp, line 520]
Event: 467.879 Thread 0x00000180ebcbd920 Exception <a 'sun/nio/fs/WindowsException'{0x00000007142188c8}> (0x00000007142188c8) 
thrown [s\src\hotspot\share\prims\jni.cpp, line 520]
Event: 467.879 Thread 0x00000180ebcbd920 Exception <a 'sun/nio/fs/WindowsException'{0x0000000714218aa0}> (0x0000000714218aa0) 
thrown [s\src\hotspot\share\prims\jni.cpp, line 520]
Event: 467.946 Thread 0x00000180ebcbd920 Implicit null exception at 0x0000018092752968 to 0x0000018092752e14
Event: 468.124 Thread 0x00000180ebcbd920 Exception <a 'java/lang/NoSuchMethodError'{0x0000000713d7d080}: static Lkotlin/InitializedLazyImpl;.<clinit>()V> (0x0000000713d7d080) 
thrown [s\src\hotspot\share\prims\jni.cpp, line 1111]
Event: 469.900 Thread 0x00000180f147c050 Implicit null exception at 0x0000018093272903 to 0x000001809327313c
Event: 477.280 Thread 0x00000180f147c050 Exception <a 'java/lang/NoSuchMethodError'{0x0000000719309c18}: 'void java.lang.invoke.DirectMethodHandle$Holder.invokeSpecial(java.lang.Object, java.lang.Object, java.lang.Object, int, java.lang.Object, java.lang.Object, java.lang.Object, java.lang.Object)'> (0x0000000719309c18) 
thrown [s\src\hotspot\share\interpreter\linkResolver.cpp, line 773]
Event: 478.048 Thread 0x00000180f147c050 Implicit null exception at 0x0000018092985900 to 0x0000018092985a40
Event: 478.058 Thread 0x00000180f147c050 Exception <a 'java/lang/NoSuchMethodError'{0x0000000716e278f8}: 'void java.lang.invoke.DirectMethodHandle$Holder.invokeStatic(java.lang.Object, java.lang.Object, java.lang.Object, java.lang.Object, java.lang.Object, java.lang.Object, java.lang.Object, java.lang.Object)'> (0x0000000716e278f8) 
thrown [s\src\hotspot\share\interpreter\linkResolver.cpp, line 773]
Event: 486.088 Thread 0x00000180ebcb9e10 Implicit null exception at 0x000001809338a48d to 0x000001809338b65c
Event: 490.272 Thread 0x00000180f147c050 Exception <a 'java/lang/IncompatibleClassChangeError'{0x000000071492a858}: Found class java.lang.Object, but interface was expected> (0x000000071492a858) 
thrown [s\src\hotspot\share\interpreter\linkResolver.cpp, line 840]

ZGC Phase Switch (0 events):
No events

VM Operations (20 events):
Event: 484.394 Executing safepoint VM operation: G1CollectForAllocation (G1 Evacuation Pause) done
Event: 485.410 Executing safepoint VM operation: G1PauseRemark
Event: 485.445 Executing safepoint VM operation: G1PauseRemark done
Event: 485.752 Executing safepoint VM operation: G1PauseCleanup
Event: 485.755 Executing safepoint VM operation: G1PauseCleanup done
Event: 486.756 Executing safepoint VM operation: Cleanup
Event: 486.756 Executing safepoint VM operation: Cleanup done
Event: 486.914 Executing safepoint VM operation: G1CollectForAllocation (G1 Evacuation Pause)
Event: 486.952 Executing safepoint VM operation: G1CollectForAllocation (G1 Evacuation Pause) done
Event: 487.989 Executing safepoint VM operation: G1CollectForAllocation (G1 Evacuation Pause)
Event: 488.034 Executing safepoint VM operation: G1CollectForAllocation (G1 Evacuation Pause) done
Event: 489.034 Executing safepoint VM operation: Cleanup
Event: 489.093 Executing safepoint VM operation: Cleanup done
Event: 490.093 Executing safepoint VM operation: Cleanup
Event: 490.096 Executing safepoint VM operation: Cleanup done
Event: 490.225 Executing non-safepoint VM operation: HandshakeAllThreads (Deoptimize)
Event: 490.228 Executing non-safepoint VM operation: HandshakeAllThreads (Deoptimize) done
Event: 490.341 Executing non-safepoint VM operation: HandshakeAllThreads (Deoptimize)
Event: 490.342 Executing non-safepoint VM operation: HandshakeAllThreads (Deoptimize) done
Event: 490.696 Executing safepoint VM operation: G1CollectForAllocation (G1 Evacuation Pause)

Memory protections (0 events):
No events

Nmethod flushes (20 events):
Event: 485.440 Thread 0x00000180a09cae40 flushing  nmethod 0x000001808cd79a10
Event: 485.440 Thread 0x00000180a09cae40 flushing  nmethod 0x000001808cd7ac90
Event: 485.440 Thread 0x00000180a09cae40 flushing  nmethod 0x000001808cd96690
Event: 485.440 Thread 0x00000180a09cae40 flushing  nmethod 0x000001808cda6e10
Event: 485.440 Thread 0x00000180a09cae40 flushing  nmethod 0x000001808cfef510
Event: 485.440 Thread 0x00000180a09cae40 flushing  nmethod 0x000001808d00b010
Event: 485.440 Thread 0x00000180a09cae40 flushing  nmethod 0x000001808d13b110
Event: 485.440 Thread 0x00000180a09cae40 flushing  nmethod 0x000001808d1c0690
Event: 485.440 Thread 0x00000180a09cae40 flushing  nmethod 0x000001808d567290
Event: 485.440 Thread 0x00000180a09cae40 flushing  nmethod 0x000001808d56c010
Event: 485.440 Thread 0x00000180a09cae40 flushing  nmethod 0x000001808d572810
Event: 485.440 Thread 0x00000180a09cae40 flushing  nmethod 0x000001808d573010
Event: 485.440 Thread 0x00000180a09cae40 flushing  nmethod 0x000001808d58c990
Event: 485.440 Thread 0x00000180a09cae40 flushing  nmethod 0x000001808d58d010
Event: 485.440 Thread 0x00000180a09cae40 flushing  nmethod 0x000001808d58d590
Event: 485.440 Thread 0x00000180a09cae40 flushing  nmethod 0x000001808d58da10
Event: 485.440 Thread 0x00000180a09cae40 flushing  nmethod 0x000001808d58e290
Event: 485.440 Thread 0x00000180a09cae40 flushing  nmethod 0x000001808d58e790
Event: 485.440 Thread 0x00000180a09cae40 flushing  nmethod 0x000001808d58f010
Event: 485.440 Thread 0x00000180a09cae40 flushing  nmethod 0x000001808d58f510

Events (20 events):
Event: 215.860 Thread 0x00000180ea313130 Thread added: 0x00000180f03feea0
Event: 215.861 Thread 0x00000180ebcbd920 Thread added: 0x00000180ea92a180
Event: 244.773 Thread 0x00000180ebcb83d0 Thread exited: 0x00000180ebcb83d0
Event: 244.773 Thread 0x00000180ebcbbee0 Thread exited: 0x00000180ebcbbee0
Event: 244.813 Thread 0x00000180ebcbb1c0 Thread exited: 0x00000180ebcbb1c0
Event: 252.443 Thread 0x00000180ebcb9e10 Thread added: 0x00000180ebcbc570
Event: 264.028 Thread 0x00000180f03fc740 Thread added: 0x00000180f14798f0
Event: 268.415 Thread 0x00000180f14798f0 Thread exited: 0x00000180f14798f0
Event: 273.004 Thread 0x00000180f03fc740 Thread added: 0x00000180f1477eb0
Event: 273.017 Thread 0x00000180f03fc740 Thread added: 0x00000180f147b9c0
Event: 273.026 Thread 0x00000180f03fc740 Thread added: 0x00000180f1478540
Event: 276.226 Thread 0x00000180ebcb9e10 Thread added: 0x00000180f147c050
Event: 280.463 Thread 0x00000180f03fc740 Thread added: 0x00000180f147c6e0
Event: 280.464 Thread 0x00000180f03fc740 Thread added: 0x00000180f147a610
Event: 282.829 Thread 0x00000180f147c6e0 Thread added: 0x00000180f147aca0
Event: 311.393 Thread 0x00000180f03feea0 Thread exited: 0x00000180f03feea0
Event: 311.683 Thread 0x00000180ea92a180 Thread exited: 0x00000180ea92a180
Event: 358.459 Thread 0x00000180f147aca0 Thread exited: 0x00000180f147aca0
Event: 443.459 Thread 0x00000180f147c6e0 Thread added: 0x00000180ea929af0
Event: 476.260 Thread 0x00000180f147b9c0 Thread exited: 0x00000180f147b9c0


Dynamic libraries:
0x00007ff64ffd0000 - 0x00007ff64ffde000 	C:\Users\gabil\.gradle\jdks\amazon_com_inc_-21-amd64-windows.2\bin\java.exe
0x00007ffe57b40000 - 0x00007ffe57da9000 	C:\WINDOWS\SYSTEM32\ntdll.dll
0x00007ffe564d0000 - 0x00007ffe56599000 	C:\WINDOWS\System32\KERNEL32.DLL
0x00007ffe55230000 - 0x00007ffe55623000 	C:\WINDOWS\System32\KERNELBASE.dll
0x00007ffe55660000 - 0x00007ffe557ab000 	C:\WINDOWS\System32\ucrtbase.dll
0x00007ffe1afd0000 - 0x00007ffe1afe8000 	C:\Users\gabil\.gradle\jdks\amazon_com_inc_-21-amd64-windows.2\bin\jli.dll
0x00007ffe55c70000 - 0x00007ffe55e34000 	C:\WINDOWS\System32\USER32.dll
0x00007ffe55630000 - 0x00007ffe55657000 	C:\WINDOWS\System32\win32u.dll
0x00007ffe561a0000 - 0x00007ffe561cb000 	C:\WINDOWS\System32\GDI32.dll
0x00007ffe54ef0000 - 0x00007ffe5501d000 	C:\WINDOWS\System32\gdi32full.dll
0x00007ffe54e40000 - 0x00007ffe54ee3000 	C:\WINDOWS\System32\msvcp_win.dll
0x00007ffe19fa0000 - 0x00007ffe19fbe000 	C:\Users\gabil\.gradle\jdks\amazon_com_inc_-21-amd64-windows.2\bin\VCRUNTIME140.dll
0x00007ffe3bd10000 - 0x00007ffe3bfa3000 	C:\WINDOWS\WinSxS\amd64_microsoft.windows.common-controls_6595b64144ccf1df_6.0.26100.5074_none_3e0d6f78e32fd63f\COMCTL32.dll
0x00007ffe561d0000 - 0x00007ffe56279000 	C:\WINDOWS\System32\msvcrt.dll
0x00007ffe565a0000 - 0x00007ffe565cf000 	C:\WINDOWS\System32\IMM32.DLL
0x00007ffe3a190000 - 0x00007ffe3a19c000 	C:\Users\gabil\.gradle\jdks\amazon_com_inc_-21-amd64-windows.2\bin\vcruntime140_1.dll
0x00007ffdf5460000 - 0x00007ffdf54e9000 	C:\Users\gabil\.gradle\jdks\amazon_com_inc_-21-amd64-windows.2\bin\msvcp140.dll
0x00007ffda7540000 - 0x00007ffda82e8000 	C:\Users\gabil\.gradle\jdks\amazon_com_inc_-21-amd64-windows.2\bin\server\jvm.dll
0x00007ffe56960000 - 0x00007ffe56a14000 	C:\WINDOWS\System32\ADVAPI32.dll
0x00007ffe57260000 - 0x00007ffe57306000 	C:\WINDOWS\System32\sechost.dll
0x00007ffe55ad0000 - 0x00007ffe55be8000 	C:\WINDOWS\System32\RPCRT4.dll
0x00007ffe55bf0000 - 0x00007ffe55c64000 	C:\WINDOWS\System32\WS2_32.dll
0x00007ffe54b30000 - 0x00007ffe54b8e000 	C:\WINDOWS\SYSTEM32\POWRPROF.dll
0x00007ffe3e2a0000 - 0x00007ffe3e2d5000 	C:\WINDOWS\SYSTEM32\WINMM.dll
0x00007ffe480d0000 - 0x00007ffe480db000 	C:\WINDOWS\SYSTEM32\VERSION.dll
0x00007ffe54b10000 - 0x00007ffe54b24000 	C:\WINDOWS\SYSTEM32\UMPDC.dll
0x00007ffe53a90000 - 0x00007ffe53aab000 	C:\WINDOWS\SYSTEM32\kernel.appcore.dll
0x00007ffe353b0000 - 0x00007ffe353ba000 	C:\Users\gabil\.gradle\jdks\amazon_com_inc_-21-amd64-windows.2\bin\jimage.dll
0x00007ffe52530000 - 0x00007ffe52772000 	C:\WINDOWS\SYSTEM32\DBGHELP.DLL
0x00007ffe565e0000 - 0x00007ffe5695b000 	C:\WINDOWS\System32\combase.dll
0x00007ffe55e70000 - 0x00007ffe55f47000 	C:\WINDOWS\System32\OLEAUT32.dll
0x00007ffe35370000 - 0x00007ffe353ad000 	C:\WINDOWS\SYSTEM32\dbgcore.DLL
0x00007ffe55870000 - 0x00007ffe55909000 	C:\WINDOWS\System32\bcryptPrimitives.dll
0x00007ffe34fa0000 - 0x00007ffe34fb0000 	C:\Users\gabil\.gradle\jdks\amazon_com_inc_-21-amd64-windows.2\bin\instrument.dll
0x00007ffe0d240000 - 0x00007ffe0d261000 	C:\Users\gabil\.gradle\jdks\amazon_com_inc_-21-amd64-windows.2\bin\java.dll
0x00007ffe56a70000 - 0x00007ffe571bd000 	C:\WINDOWS\System32\SHELL32.dll
0x00007ffe54cd0000 - 0x00007ffe54e3c000 	C:\WINDOWS\System32\wintypes.dll
0x00007ffe52910000 - 0x00007ffe53169000 	C:\WINDOWS\SYSTEM32\windows.storage.dll
0x00007ffe57370000 - 0x00007ffe57460000 	C:\WINDOWS\System32\SHCORE.dll
0x00007ffe56280000 - 0x00007ffe562e2000 	C:\WINDOWS\System32\shlwapi.dll
0x00007ffe54bf0000 - 0x00007ffe54c19000 	C:\WINDOWS\SYSTEM32\profapi.dll
0x00007ffdb14d0000 - 0x00007ffdb15a7000 	C:\Users\gabil\.gradle\jdks\amazon_com_inc_-21-amd64-windows.2\bin\jsvml.dll
0x00007ffe18090000 - 0x00007ffe180a8000 	C:\Users\gabil\.gradle\jdks\amazon_com_inc_-21-amd64-windows.2\bin\zip.dll
0x00007ffe171c0000 - 0x00007ffe171d1000 	C:\Users\gabil\.gradle\jdks\amazon_com_inc_-21-amd64-windows.2\bin\net.dll
0x00007ffe448c0000 - 0x00007ffe449df000 	C:\WINDOWS\SYSTEM32\WINHTTP.dll
0x00007ffe54030000 - 0x00007ffe5409b000 	C:\WINDOWS\system32\mswsock.dll
0x00007ffe14fb0000 - 0x00007ffe14fc6000 	C:\Users\gabil\.gradle\jdks\amazon_com_inc_-21-amd64-windows.2\bin\nio.dll
0x00007ffe26110000 - 0x00007ffe26120000 	C:\Users\gabil\.gradle\jdks\amazon_com_inc_-21-amd64-windows.2\bin\verify.dll
0x00007ffe190b0000 - 0x00007ffe190d7000 	C:\Users\gabil\.gradle\native\1def1411415f61bf3af743bc5b6707747c0891f09f0c88961ee8f79bc544acac\windows-amd64\native-platform.dll
0x00007ffdbe300000 - 0x00007ffdbe377000 	C:\Users\gabil\.gradle\native\0.2.8\x86_64-windows-gnu\gradle-fileevents.dll
0x00007ffe212c0000 - 0x00007ffe212ca000 	C:\Users\gabil\.gradle\jdks\amazon_com_inc_-21-amd64-windows.2\bin\management.dll
0x00007ffe21030000 - 0x00007ffe2103c000 	C:\Users\gabil\.gradle\jdks\amazon_com_inc_-21-amd64-windows.2\bin\management_ext.dll
0x00007ffe57480000 - 0x00007ffe57488000 	C:\WINDOWS\System32\PSAPI.DLL
0x00007ffe534d0000 - 0x00007ffe53504000 	C:\WINDOWS\SYSTEM32\IPHLPAPI.DLL
0x00007ffe57250000 - 0x00007ffe5725a000 	C:\WINDOWS\System32\NSI.dll
0x00007ffe1fe20000 - 0x00007ffe1fe29000 	C:\Users\gabil\.gradle\jdks\amazon_com_inc_-21-amd64-windows.2\bin\extnet.dll
0x00007ffe542d0000 - 0x00007ffe542eb000 	C:\WINDOWS\SYSTEM32\CRYPTSP.dll
0x00007ffe539f0000 - 0x00007ffe53a2b000 	C:\WINDOWS\system32\rsaenh.dll
0x00007ffe540d0000 - 0x00007ffe540fb000 	C:\WINDOWS\SYSTEM32\USERENV.dll
0x00007ffe54bc0000 - 0x00007ffe54be6000 	C:\WINDOWS\SYSTEM32\bcrypt.dll
0x00007ffe542f0000 - 0x00007ffe542fc000 	C:\WINDOWS\SYSTEM32\CRYPTBASE.dll
0x00007ffe204c0000 - 0x00007ffe204ce000 	C:\Users\gabil\.gradle\jdks\amazon_com_inc_-21-amd64-windows.2\bin\sunmscapi.dll
0x00007ffe55020000 - 0x00007ffe55197000 	C:\WINDOWS\System32\CRYPT32.dll
0x00007ffe544f0000 - 0x00007ffe54520000 	C:\WINDOWS\SYSTEM32\ncrypt.dll
0x00007ffe544a0000 - 0x00007ffe544df000 	C:\WINDOWS\SYSTEM32\NTASN1.dll
0x00007ffe415e0000 - 0x00007ffe415e8000 	C:\WINDOWS\system32\wshunix.dll
0x00007ffe53570000 - 0x00007ffe53696000 	C:\WINDOWS\SYSTEM32\DNSAPI.dll
0x00007ffe432f0000 - 0x00007ffe432fb000 	C:\Windows\System32\rasadhlp.dll
0x00007ffe427b0000 - 0x00007ffe42836000 	C:\WINDOWS\System32\fwpuclnt.dll
0x00007ffe51a70000 - 0x00007ffe51b0e000 	C:\WINDOWS\system32\apphelp.dll
0x00007ffe53bd0000 - 0x00007ffe53c06000 	C:\WINDOWS\SYSTEM32\ntmarta.dll
0x00007ffe43ea0000 - 0x00007ffe43ea7000 	C:\Users\gabil\.gradle\jdks\amazon_com_inc_-21-amd64-windows.2\bin\rmi.dll

JVMTI agents:
C:\Users\gabil\.gradle\wrapper\dists\gradle-9.1.0-bin\9agqghryom9wkf8r80qlhnts3\gradle-9.1.0\lib\agents\gradle-instrumentation-agent-9.1.0.jar path:C:\Users\gabil\.gradle\jdks\amazon_com_inc_-21-amd64-windows.2\bin\instrument.dll, loaded, initialized, instrumentlib options:none

dbghelp: loaded successfully - version: 4.0.5 - missing functions: none
symbol engine: initialized successfully - sym options: 0x614 - pdb path: .;C:\Users\gabil\.gradle\jdks\amazon_com_inc_-21-amd64-windows.2\bin;C:\WINDOWS\SYSTEM32;C:\WINDOWS\WinSxS\amd64_microsoft.windows.common-controls_6595b64144ccf1df_6.0.26100.5074_none_3e0d6f78e32fd63f;C:\Users\gabil\.gradle\jdks\amazon_com_inc_-21-amd64-windows.2\bin\server;C:\Users\gabil\.gradle\native\1def1411415f61bf3af743bc5b6707747c0891f09f0c88961ee8f79bc544acac\windows-amd64;C:\Users\gabil\.gradle\native\0.2.8\x86_64-windows-gnu

VM Arguments:
jvm_args: --add-opens=java.base/java.lang=ALL-UNNAMED --add-opens=java.base/java.lang.invoke=ALL-UNNAMED --add-opens=java.base/java.util=ALL-UNNAMED --add-opens=java.prefs/java.util.prefs=ALL-UNNAMED --add-exports=jdk.compiler/com.sun.tools.javac.api=ALL-UNNAMED --add-exports=jdk.compiler/com.sun.tools.javac.util=ALL-UNNAMED --add-opens=java.base/java.util=ALL-UNNAMED --add-opens=java.prefs/java.util.prefs=ALL-UNNAMED --add-opens=java.base/java.nio.charset=ALL-UNNAMED --add-opens=java.base/java.net=ALL-UNNAMED --add-opens=java.base/java.util.concurrent=ALL-UNNAMED --add-opens=java.base/java.util.concurrent.atomic=ALL-UNNAMED --add-opens=java.xml/javax.xml.namespace=ALL-UNNAMED --add-opens=java.base/java.time=ALL-UNNAMED -Xmx4096M -Dfile.encoding=UTF-8 -Duser.country=MX -Duser.language=es -Duser.variant -javaagent:C:\Users\gabil\.gradle\wrapper\dists\gradle-9.1.0-bin\9agqghryom9wkf8r80qlhnts3\gradle-9.1.0\lib\agents\gradle-instrumentation-agent-9.1.0.jar 
java_command: org.gradle.launcher.daemon.bootstrap.GradleDaemon 9.1.0
java_class_path (initial): C:\Users\gabil\.gradle\wrapper\dists\gradle-9.1.0-bin\9agqghryom9wkf8r80qlhnts3\gradle-9.1.0\lib\gradle-daemon-main-9.1.0.jar
Launcher Type: SUN_STANDARD

[Global flags]
     intx CICompilerCount                          = 2                                         {product} {ergonomic}
     uint ConcGCThreads                            = 1                                         {product} {ergonomic}
     uint G1ConcRefinementThreads                  = 2                                         {product} {ergonomic}
   size_t G1HeapRegionSize                         = 2097152                                   {product} {ergonomic}
    uintx GCDrainStackTargetSize                   = 64                                        {product} {ergonomic}
   size_t InitialHeapSize                          = 132120576                                 {product} {ergonomic}
   size_t MarkStackSize                            = 4194304                                   {product} {ergonomic}
   size_t MaxHeapSize                              = 4294967296                                {product} {command line}
   size_t MaxNewSize                               = 2575302656                                {product} {ergonomic}
   size_t MinHeapDeltaBytes                        = 2097152                                   {product} {ergonomic}
   size_t MinHeapSize                              = 8388608                                   {product} {ergonomic}
    uintx NonNMethodCodeHeapSize                   = 5826188                                {pd product} {ergonomic}
    uintx NonProfiledCodeHeapSize                  = 122916026                              {pd product} {ergonomic}
    uintx ProfiledCodeHeapSize                     = 122916026                              {pd product} {ergonomic}
    uintx ReservedCodeCacheSize                    = 251658240                              {pd product} {ergonomic}
     bool SegmentedCodeCache                       = true                                      {product} {ergonomic}
   size_t SoftMaxHeapSize                          = 4294967296                             {manageable} {ergonomic}
     bool UseCompressedOops                        = true                           {product lp64_product} {ergonomic}
     bool UseG1GC                                  = true                                      {product} {ergonomic}
     bool UseLargePagesIndividualAllocation        = false                                  {pd product} {ergonomic}

Logging:
Log output configuration:
 #0: stdout all=warning uptime,level,tags foldmultilines=false
 #1: stderr all=off uptime,level,tags foldmultilines=false

Release file:
IMPLEMENTOR="Amazon.com Inc." 
IMPLEMENTOR_VERSION="Corretto-21.0.11.10.1" 
JAVA_RUNTIME_VERSION="21.0.11+10-LTS" 
JAVA_VERSION="21.0.11" 
JAVA_VERSION_DATE="2026-04-21" 
LIBC="default" 
MODULES="java.base java.compiler java.datatransfer java.xml java.prefs java.desktop java.instrument java.logging java.management java.security.sasl java.naming java.rmi java.management.rmi java.net.http java.scripting java.security.jgss java.transaction.xa java.sql java.sql.rowset java.xml.crypto java.se java.smartcardio jdk.accessibility jdk.internal.jvmstat jdk.attach jdk.charsets jdk.internal.opt jdk.zipfs jdk.compiler jdk.crypto.ec jdk.crypto.cryptoki jdk.crypto.mscapi jdk.dynalink jdk.internal.ed jdk.editpad jdk.hotspot.agent jdk.httpserver jdk.incubator.vector jdk.internal.le jdk.internal.vm.ci jdk.internal.vm.compiler jdk.internal.vm.compiler.management jdk.jartool jdk.javadoc jdk.jcmd jdk.management jdk.management.agent jdk.jconsole jdk.jdeps jdk.jdwp.agent jdk.jdi jdk.jfr jdk.jlink jdk.jpackage jdk.jshell jdk.jsobject jdk.jstatd jdk.localedata jdk.management.jfr jdk.naming.dns jdk.naming.rmi jdk.net jdk.nio.mapmode jdk.random jdk.sctp jdk.security.auth jdk.security.jgss jdk.unsupported jdk.unsupported.desktop jdk.xml.dom" 
OS_ARCH="x86_64" 
OS_NAME="Windows" 
SOURCE="" 

Environment Variables:
PATH=C:\WINDOWS\system32;C:\WINDOWS;C:\WINDOWS\System32\Wbem;C:\WINDOWS\System32\WindowsPowerShell\v1.0\;C:\WINDOWS\System32\OpenSSH\;C:\Program Files (x86)\Microsoft SQL Server\160\Tools\Binn\;C:\Program Files\Microsoft SQL Server\160\Tools\Binn\;C:\Program Files\Microsoft SQL Server\Client SDK\ODBC\170\Tools\Binn\;C:\Program Files\Microsoft SQL Server\160\DTS\Binn\;C:\Program Files\Microsoft SQL Server\150\Tools\Binn\;C:\Program Files\Git\cmd;C:\Users\gabil\AppData\Local\Microsoft\WindowsApps;;C:\Program Files\JetBrains\PyCharm 2024.2.3\bin;;C:\Users\gabil\AppData\Local\Muse Hub\lib;C:\Program Files\JetBrains\IntelliJ IDEA Community Edition 2025.1.1.1\bin;
USERNAME=gabil
OS=Windows_NT
PROCESSOR_IDENTIFIER=Intel64 Family 6 Model 122 Stepping 8, GenuineIntel
TMP=C:\Users\gabil\AppData\Local\Temp
TEMP=C:\Users\gabil\AppData\Local\Temp




Periodic native trim disabled

---------------  S Y S T E M  ---------------

OS:
 Windows 11 , 64 bit Build 26100 (10.0.26100.5074)
OS uptime: 1 days 1:14 hours
Hyper-V role detected

CPU: total 2 (initial active 2) (2 cores per cpu, 1 threads per core) family 6 model 122 stepping 8 microcode 0x1c, cx8, cmov, fxsr, mmx, 3dnowpref, sse, sse2, sse3, ssse3, sse4.1, sse4.2, popcnt, tsc, tscinvbit, aes, erms, clmul, sha, clflush, clflushopt, hv, rdtscp, rdpid
Processor Information for the first 2 processors :
  Max Mhz: 1101, Current Mhz: 1101, Mhz Limit: 1101

Memory: 4k page, system-wide physical 8014M (763M free)
TotalPageFile size 12110M (AvailPageFile size 86M)
current process WorkingSet (physical memory assigned to process): 881M, peak: 888M
current process commit charge ("private bytes"): 955M, peak: 1051M

vm_info: OpenJDK 64-Bit Server VM (21.0.11+10-LTS) for windows-amd64 JRE (21.0.11+10-LTS), built on 2026-04-18T07:30:30Z by "Administrator" with MS VC++ 17.14 (VS2022)

END.
