#
# There is insufficient memory for the Java Runtime Environment to continue.
# Native memory allocation (mmap) failed to map 29360128 bytes. Error detail: G1 virtual space
# Possible reasons:
#   The system is out of physical RAM or swap space
#   This process is running with CompressedOops enabled, and the Java Heap may be blocking the growth of the native heap
# Possible solutions:
#   Reduce memory load on the system
#   Increase physical memory or swap space
#   Check if swap backing store is full
#   Decrease Java heap size (-Xmx/-Xms)
#   Decrease number of Java threads
#   Decrease Java thread stack sizes (-Xss)
#   Set larger code cache with -XX:ReservedCodeCacheSize=
#   JVM is running with Zero Based Compressed Oops mode in which the Java heap is
#     placed in the first 32GB address space. The Java Heap base address is the
#     maximum limit for the native heap growth. Please use -XX:HeapBaseMinAddress
#     to set the Java Heap base and to place the Java Heap above 32GB virtual address.
# This output file may be truncated or incomplete.
#
#  Out of Memory Error (os_windows.cpp:3714), pid=10828, tid=6276
#
# JRE version: OpenJDK Runtime Environment Corretto-21.0.11.10.1 (21.0.11+10) (build 21.0.11+10-LTS)
# Java VM: OpenJDK 64-Bit Server VM Corretto-21.0.11.10.1 (21.0.11+10-LTS, mixed mode, sharing, tiered, compressed oops, compressed class ptrs, g1 gc, windows-amd64)
# No core dump will be written. Minidumps are not enabled by default on client versions of Windows
#

---------------  S U M M A R Y ------------

Command Line: --add-opens=java.base/java.lang=ALL-UNNAMED --add-opens=java.base/java.lang.invoke=ALL-UNNAMED --add-opens=java.base/java.util=ALL-UNNAMED --add-opens=java.prefs/java.util.prefs=ALL-UNNAMED --add-exports=jdk.compiler/com.sun.tools.javac.api=ALL-UNNAMED --add-exports=jdk.compiler/com.sun.tools.javac.util=ALL-UNNAMED --add-opens=java.base/java.util=ALL-UNNAMED --add-opens=java.prefs/java.util.prefs=ALL-UNNAMED --add-opens=java.base/java.nio.charset=ALL-UNNAMED --add-opens=java.base/java.net=ALL-UNNAMED --add-opens=java.base/java.util.concurrent=ALL-UNNAMED --add-opens=java.base/java.util.concurrent.atomic=ALL-UNNAMED --add-opens=java.xml/javax.xml.namespace=ALL-UNNAMED --add-opens=java.base/java.time=ALL-UNNAMED -Xmx4096M -Dfile.encoding=UTF-8 -Duser.country=MX -Duser.language=es -Duser.variant -javaagent:C:\Users\gabil\.gradle\wrapper\dists\gradle-9.1.0-bin\9agqghryom9wkf8r80qlhnts3\gradle-9.1.0\lib\agents\gradle-instrumentation-agent-9.1.0.jar org.gradle.launcher.daemon.bootstrap.GradleDaemon 9.1.0

Host: Intel(R) Celeron(R) N4020 CPU @ 1.10GHz, 2 cores, 7G,  Windows 11 , 64 bit Build 26100 (10.0.26100.5074)
Time: Sat Jun  6 22:49:12 2026 Hora estándar central (México) elapsed time: 787.037087 seconds (0d 0h 13m 7s)

---------------  T H R E A D  ---------------

Current thread (0x000002db76efab50):  VMThread "VM Thread"          [id=6276, stack(0x000000e8ea500000,0x000000e8ea600000) (1024K)]

Stack: [0x000000e8ea500000,0x000000e8ea600000]
Native frames: (J=compiled Java code, j=interpreted, Vv=VM code, C=native code)
V  [jvm.dll+0x6df899]
V  [jvm.dll+0x8bc52b]
V  [jvm.dll+0x8beaba]
V  [jvm.dll+0x8bf193]
V  [jvm.dll+0x28aa16]
V  [jvm.dll+0x6dc1f5]
V  [jvm.dll+0x6d003a]
V  [jvm.dll+0x3650fe]
V  [jvm.dll+0x36cfcb]
V  [jvm.dll+0x3bea89]
V  [jvm.dll+0x3bed2b]
V  [jvm.dll+0x3392c7]
V  [jvm.dll+0x33bad6]
V  [jvm.dll+0x345ebf]
V  [jvm.dll+0x37b8ef]
V  [jvm.dll+0x8c4eef]
V  [jvm.dll+0x8c63d3]
V  [jvm.dll+0x8c6944]
V  [jvm.dll+0x8c6a43]
V  [jvm.dll+0x8672bd]
V  [jvm.dll+0x6de09d]
C  [ucrtbase.dll+0x37b0]
C  [KERNEL32.DLL+0x2e8d7]
C  [ntdll.dll+0x8d9c]

VM_Operation (0x000000e8ea0ff880): G1PauseRemark, mode: safepoint, requested by thread 0x000002db563adfe0


---------------  P R O C E S S  ---------------

Threads class SMR info:
_java_thread_list=0x000002db4ace70a0, length=43, elements={
0x000002db562e7370, 0x000002db76f15e50, 0x000002db76f19ae0, 0x000002db76f24b80,
0x000002db76f255e0, 0x000002db76f27a80, 0x000002db76f284e0, 0x000002db76f29270,
0x000002db76f2c470, 0x000002db7b1a6f90, 0x000002db7b210940, 0x000002db7b41f7a0,
0x000002db7b39dfc0, 0x000002db76f80b30, 0x000002db7ba00a80, 0x000002db7ba010f0,
0x000002db7c72a980, 0x000002db7c4e1080, 0x000002db7c4e3e70, 0x000002db7c4e2ac0,
0x000002db7c4e1da0, 0x000002db7c4e3150, 0x000002db7c4e1710, 0x000002db7c4e2430,
0x000002db7d4367c0, 0x000002db7d436e50, 0x000002db7d435410, 0x000002db7d4374e0,
0x000002db7d436130, 0x000002db7d4346f0, 0x000002db7d434060, 0x000002db7d437b70,
0x000002db7d434d80, 0x000002db7d438f20, 0x000002db7d4395b0, 0x000002db7d439c40,
0x000002db7d43a2d0, 0x000002db7d43a960, 0x000002db85b0d5e0, 0x000002db7fe2a910,
0x000002db7fe27b20, 0x000002db855aee80, 0x000002db855b3d40
}

Java Threads: ( => current thread )
  0x000002db562e7370 JavaThread "main"                              [_thread_blocked, id=14848, stack(0x000000e8e9e00000,0x000000e8e9f00000) (1024K)]
  0x000002db76f15e50 JavaThread "Reference Handler"          daemon [_thread_blocked, id=12684, stack(0x000000e8ea600000,0x000000e8ea700000) (1024K)]
  0x000002db76f19ae0 JavaThread "Finalizer"                  daemon [_thread_blocked, id=16164, stack(0x000000e8ea700000,0x000000e8ea800000) (1024K)]
  0x000002db76f24b80 JavaThread "Signal Dispatcher"          daemon [_thread_blocked, id=3028, stack(0x000000e8ea800000,0x000000e8ea900000) (1024K)]
  0x000002db76f255e0 JavaThread "Attach Listener"            daemon [_thread_blocked, id=276, stack(0x000000e8ea900000,0x000000e8eaa00000) (1024K)]
  0x000002db76f27a80 JavaThread "Service Thread"             daemon [_thread_blocked, id=16060, stack(0x000000e8eaa00000,0x000000e8eab00000) (1024K)]
  0x000002db76f284e0 JavaThread "Monitor Deflation Thread"   daemon [_thread_blocked, id=12916, stack(0x000000e8eab00000,0x000000e8eac00000) (1024K)]
  0x000002db76f29270 JavaThread "C2 CompilerThread0"         daemon [_thread_blocked, id=16204, stack(0x000000e8eac00000,0x000000e8ead00000) (1024K)]
  0x000002db76f2c470 JavaThread "C1 CompilerThread0"         daemon [_thread_blocked, id=11140, stack(0x000000e8ead00000,0x000000e8eae00000) (1024K)]
  0x000002db7b1a6f90 JavaThread "Common-Cleaner"             daemon [_thread_blocked, id=13724, stack(0x000000e8eae00000,0x000000e8eaf00000) (1024K)]
  0x000002db7b210940 JavaThread "Notification Thread"        daemon [_thread_blocked, id=15148, stack(0x000000e8eaf00000,0x000000e8eb000000) (1024K)]
  0x000002db7b41f7a0 JavaThread "Daemon health stats"               [_thread_blocked, id=1740, stack(0x000000e8eb100000,0x000000e8eb200000) (1024K)]
  0x000002db7b39dfc0 JavaThread "Incoming local TCP Connector on port 56239"        [_thread_in_native, id=10436, stack(0x000000e8eb200000,0x000000e8eb300000) (1024K)]
  0x000002db76f80b30 JavaThread "Daemon periodic checks"            [_thread_blocked, id=15480, stack(0x000000e8eb300000,0x000000e8eb400000) (1024K)]
  0x000002db7ba00a80 JavaThread "Daemon"                            [_thread_blocked, id=14612, stack(0x000000e8eb400000,0x000000e8eb500000) (1024K)]
  0x000002db7ba010f0 JavaThread "Handler for socket connection from /127.0.0.1:56239 to /127.0.0.1:62376"        [_thread_in_native, id=13428, stack(0x000000e8eb500000,0x000000e8eb600000) (1024K)]
  0x000002db7c72a980 JavaThread "Cancel handler"                    [_thread_blocked, id=14784, stack(0x000000e8eb600000,0x000000e8eb700000) (1024K)]
  0x000002db7c4e1080 JavaThread "Daemon worker"                     [_thread_blocked, id=9852, stack(0x000000e8eb700000,0x000000e8eb800000) (1024K)]
  0x000002db7c4e3e70 JavaThread "Asynchronous log dispatcher for DefaultDaemonConnection: socket connection from /127.0.0.1:56239 to /127.0.0.1:62376"        [_thread_blocked, id=9008, stack(0x000000e8e9d00000,0x000000e8e9e00000) (1024K)]
  0x000002db7c4e2ac0 JavaThread "Stdin handler"                     [_thread_blocked, id=13140, stack(0x000000e8eb800000,0x000000e8eb900000) (1024K)]
  0x000002db7c4e1da0 JavaThread "Daemon client event forwarder"        [_thread_blocked, id=8008, stack(0x000000e8eb900000,0x000000e8eba00000) (1024K)]
  0x000002db7c4e3150 JavaThread "Cache worker for journal cache (C:\Users\gabil\.gradle\caches\journal-1)"        [_thread_blocked, id=14796, stack(0x000000e8eba00000,0x000000e8ebb00000) (1024K)]
  0x000002db7c4e1710 JavaThread "File lock request listener"        [_thread_in_native, id=15788, stack(0x000000e8ebb00000,0x000000e8ebc00000) (1024K)]
  0x000002db7c4e2430 JavaThread "Cache worker for file hash cache (C:\Users\gabil\.gradle\caches\9.1.0\fileHashes)"        [_thread_blocked, id=16008, stack(0x000000e8ebc00000,0x000000e8ebd00000) (1024K)]
  0x000002db7d4367c0 JavaThread "Cache worker for file hash cache (C:\Users\gabil\AndroidStudioProjects\albahaca_proyecto\.gradle\9.1.0\fileHashes)"        [_thread_blocked, id=12948, stack(0x000000e8e9b00000,0x000000e8e9c00000) (1024K)]
  0x000002db7d436e50 JavaThread "Cache worker for Build Output Cleanup Cache (C:\Users\gabil\AndroidStudioProjects\albahaca_proyecto\.gradle\buildOutputCleanup)"        [_thread_blocked, id=8364, stack(0x000000e8e9c00000,0x000000e8e9d00000) (1024K)]
  0x000002db7d435410 JavaThread "File watcher server"        daemon [_thread_in_native, id=2208, stack(0x000000e8ebd00000,0x000000e8ebe00000) (1024K)]
  0x000002db7d4374e0 JavaThread "File watcher consumer"      daemon [_thread_blocked, id=13800, stack(0x000000e8ebe00000,0x000000e8ebf00000) (1024K)]
  0x000002db7d436130 JavaThread "jar transforms"                    [_thread_blocked, id=2104, stack(0x000000e8ebf00000,0x000000e8ec000000) (1024K)]
  0x000002db7d4346f0 JavaThread "jar transforms Thread 2"           [_thread_blocked, id=2248, stack(0x000000e8ec000000,0x000000e8ec100000) (1024K)]
  0x000002db7d434060 JavaThread "Cache worker for checksums cache (C:\Users\gabil\AndroidStudioProjects\albahaca_proyecto\.gradle\9.1.0\checksums)"        [_thread_blocked, id=9980, stack(0x000000e8ec100000,0x000000e8ec200000) (1024K)]
  0x000002db7d437b70 JavaThread "Cache worker for file content cache (C:\Users\gabil\.gradle\caches\9.1.0\fileContent)"        [_thread_blocked, id=6796, stack(0x000000e8ec200000,0x000000e8ec300000) (1024K)]
  0x000002db7d434d80 JavaThread "Cache worker for cache directory md-supplier (C:\Users\gabil\.gradle\caches\9.1.0\md-supplier)"        [_thread_blocked, id=13432, stack(0x000000e8ec300000,0x000000e8ec400000) (1024K)]
  0x000002db7d438f20 JavaThread "Cache worker for cache directory md-rule (C:\Users\gabil\.gradle\caches\9.1.0\md-rule)"        [_thread_blocked, id=14192, stack(0x000000e8ec400000,0x000000e8ec500000) (1024K)]
  0x000002db7d4395b0 JavaThread "Unconstrained build operations"        [_thread_blocked, id=1720, stack(0x000000e8ec500000,0x000000e8ec600000) (1024K)]
  0x000002db7d439c40 JavaThread "Unconstrained build operations Thread 2"        [_thread_blocked, id=1036, stack(0x000000e8ec600000,0x000000e8ec700000) (1024K)]
  0x000002db7d43a2d0 JavaThread "Unconstrained build operations Thread 3"        [_thread_blocked, id=4768, stack(0x000000e8ec700000,0x000000e8ec800000) (1024K)]
  0x000002db7d43a960 JavaThread "Unconstrained build operations Thread 4"        [_thread_blocked, id=8228, stack(0x000000e8ec800000,0x000000e8ec900000) (1024K)]
  0x000002db85b0d5e0 JavaThread "Kotlin DSL Writer"                 [_thread_blocked, id=15292, stack(0x000000e8ec900000,0x000000e8eca00000) (1024K)]
  0x000002db7fe2a910 JavaThread "Unconstrained build operations Thread 5"        [_thread_blocked, id=16272, stack(0x000000e8ecc00000,0x000000e8ecd00000) (1024K)]
  0x000002db7fe27b20 JavaThread "Unconstrained build operations Thread 6"        [_thread_blocked, id=9032, stack(0x000000e8ecd00000,0x000000e8ece00000) (1024K)]
  0x000002db855aee80 JavaThread "Unconstrained build operations Thread 7"        [_thread_blocked, id=12592, stack(0x000000e8ed000000,0x000000e8ed100000) (1024K)]
  0x000002db855b3d40 JavaThread "Memory manager"                    [_thread_blocked, id=13556, stack(0x000000e8eca00000,0x000000e8ecb00000) (1024K)]
Total: 43

Other Threads:
=>0x000002db76efab50 VMThread "VM Thread"                           [id=6276, stack(0x000000e8ea500000,0x000000e8ea600000) (1024K)]
  0x000002db76ee7cf0 WatcherThread "VM Periodic Task Thread"        [id=12404, stack(0x000000e8ea400000,0x000000e8ea500000) (1024K)]
  0x000002db586e92a0 WorkerThread "GC Thread#0"                     [id=8200, stack(0x000000e8e9f00000,0x000000e8ea000000) (1024K)]
  0x000002db7b228270 WorkerThread "GC Thread#1"                     [id=12756, stack(0x000000e8eb000000,0x000000e8eb100000) (1024K)]
  0x000002db563adfe0 ConcurrentGCThread "G1 Main Marker"            [id=12644, stack(0x000000e8ea000000,0x000000e8ea100000) (1024K)]
  0x000002db586f6d00 WorkerThread "G1 Conc#0"                       [id=14884, stack(0x000000e8ea100000,0x000000e8ea200000) (1024K)]
  0x000002db76dc10a0 ConcurrentGCThread "G1 Refine#0"               [id=15916, stack(0x000000e8ea200000,0x000000e8ea300000) (1024K)]
  0x000002db58735f90 ConcurrentGCThread "G1 Service"                [id=5776, stack(0x000000e8ea300000,0x000000e8ea400000) (1024K)]
Total: 8

Threads with active compile tasks:
Total: 0

VM state: at safepoint (normal execution)

VM Mutex/Monitor currently owned by a thread:  ([mutex/lock_event])
[0x00007ffda71965c0] Threads_lock - owner thread: 0x000002db76efab50
[0x00007ffda71966c0] Heap_lock - owner thread: 0x000002db563adfe0

Heap address: 0x0000000700000000, size: 4096 MB, Compressed Oops mode: Zero based, Oop shift amount: 3

CDS archive(s) mapped at: [0x000002db00000000-0x000002db00c80000-0x000002db00c80000), size 13107200, SharedBaseAddress: 0x000002db00000000, ArchiveRelocationMode: 1.
Compressed class space mapped at: 0x000002db01000000-0x000002db41000000, reserved size: 1073741824
Narrow klass base: 0x000002db00000000, Narrow klass shift: 0, Narrow klass range: 0x100000000

GC Precious Log:
 CardTable entry size: 512
 Card Set container configuration: InlinePtr #cards 4 size 8 Array Of Cards #cards 16 size 48 Howl #buckets 8 coarsen threshold 3686 Howl Bitmap #cards 512 size 80 coarsen threshold 460 Card regions per heap region 1 cards per card region 4096
 CPUs: 2 total, 2 available
 Memory: 8014M
 Large Page Support: Disabled
 NUMA Support: Disabled
 Compressed Oops: Enabled (Zero based)
 Heap Region Size: 2M
 Heap Min Capacity: 8M
 Heap Initial Capacity: 126M
 Heap Max Capacity: 4G
 Pre-touch: Disabled
 Parallel Workers: 2
 Concurrent Workers: 1
 Concurrent Refinement Workers: 2
 Periodic GC: Disabled

Heap:
 garbage-first heap   total 491520K, used 310272K [0x0000000700000000, 0x0000000800000000)
  region size 2048K, 8 young (16384K), 7 survivors (14336K)
 Metaspace       used 195213K, committed 198016K, reserved 1245184K
  class space    used 24991K, committed 26368K, reserved 1048576K

Heap Regions: E=young(eden), S=young(survivor), O=old, HS=humongous(starts), HC=humongous(continues), CS=collection set, F=free, TAMS=top-at-mark-start, PB=parsable bottom
|   0|0x0000000700000000, 0x0000000700200000, 0x0000000700200000|100%| O|  |TAMS 0x0000000700200000| PB 0x0000000700200000| Updating 
|   1|0x0000000700200000, 0x0000000700400000, 0x0000000700400000|100%|HS|  |TAMS 0x0000000700400000| PB 0x0000000700200000| Complete 
|   2|0x0000000700400000, 0x0000000700600000, 0x0000000700600000|100%|HC|  |TAMS 0x0000000700600000| PB 0x0000000700400000| Complete 
|   3|0x0000000700600000, 0x0000000700800000, 0x0000000700800000|100%| O|  |TAMS 0x0000000700800000| PB 0x0000000700800000| Untracked 
|   4|0x0000000700800000, 0x0000000700a00000, 0x0000000700a00000|100%| O|  |TAMS 0x0000000700a00000| PB 0x0000000700a00000| Untracked 
|   5|0x0000000700a00000, 0x0000000700c00000, 0x0000000700c00000|100%| O|  |TAMS 0x0000000700c00000| PB 0x0000000700c00000| Untracked 
|   6|0x0000000700c00000, 0x0000000700e00000, 0x0000000700e00000|100%| O|  |TAMS 0x0000000700e00000| PB 0x0000000700e00000| Untracked 
|   7|0x0000000700e00000, 0x0000000701000000, 0x0000000701000000|100%| O|  |TAMS 0x0000000701000000| PB 0x0000000701000000| Untracked 
|   8|0x0000000701000000, 0x0000000701200000, 0x0000000701200000|100%| O|  |TAMS 0x0000000701200000| PB 0x0000000701200000| Untracked 
|   9|0x0000000701200000, 0x0000000701400000, 0x0000000701400000|100%| O|  |TAMS 0x0000000701400000| PB 0x0000000701400000| Untracked 
|  10|0x0000000701400000, 0x0000000701600000, 0x0000000701600000|100%| O|  |TAMS 0x0000000701600000| PB 0x0000000701600000| Untracked 
|  11|0x0000000701600000, 0x0000000701800000, 0x0000000701800000|100%|HS|  |TAMS 0x0000000701800000| PB 0x0000000701600000| Complete 
|  12|0x0000000701800000, 0x0000000701a00000, 0x0000000701a00000|100%|HS|  |TAMS 0x0000000701a00000| PB 0x0000000701800000| Complete 
|  13|0x0000000701a00000, 0x0000000701c00000, 0x0000000701c00000|100%| O|  |TAMS 0x0000000701c00000| PB 0x0000000701c00000| Untracked 
|  14|0x0000000701c00000, 0x0000000701e00000, 0x0000000701e00000|100%| O|  |TAMS 0x0000000701e00000| PB 0x0000000701e00000| Untracked 
|  15|0x0000000701e00000, 0x0000000702000000, 0x0000000702000000|100%| O|  |TAMS 0x0000000702000000| PB 0x0000000702000000| Updating 
|  16|0x0000000702000000, 0x0000000702200000, 0x0000000702200000|100%|HS|  |TAMS 0x0000000702200000| PB 0x0000000702000000| Complete 
|  17|0x0000000702200000, 0x0000000702400000, 0x0000000702400000|100%|HC|  |TAMS 0x0000000702400000| PB 0x0000000702200000| Complete 
|  18|0x0000000702400000, 0x0000000702600000, 0x0000000702600000|100%|HC|  |TAMS 0x0000000702600000| PB 0x0000000702400000| Complete 
|  19|0x0000000702600000, 0x0000000702800000, 0x0000000702800000|100%|HS|  |TAMS 0x0000000702800000| PB 0x0000000702600000| Complete 
|  20|0x0000000702800000, 0x0000000702a00000, 0x0000000702a00000|100%|HC|  |TAMS 0x0000000702a00000| PB 0x0000000702800000| Complete 
|  21|0x0000000702a00000, 0x0000000702c00000, 0x0000000702c00000|100%|HC|  |TAMS 0x0000000702c00000| PB 0x0000000702a00000| Complete 
|  22|0x0000000702c00000, 0x0000000702e00000, 0x0000000702e00000|100%| O|  |TAMS 0x0000000702e00000| PB 0x0000000702e00000| Untracked 
|  23|0x0000000702e00000, 0x0000000703000000, 0x0000000703000000|100%| O|  |TAMS 0x0000000703000000| PB 0x0000000703000000| Untracked 
|  24|0x0000000703000000, 0x0000000703200000, 0x0000000703200000|100%|HS|  |TAMS 0x0000000703200000| PB 0x0000000703000000| Complete 
|  25|0x0000000703200000, 0x0000000703400000, 0x0000000703400000|100%| O|  |TAMS 0x0000000703400000| PB 0x0000000703400000| Untracked 
|  26|0x0000000703400000, 0x0000000703600000, 0x0000000703600000|100%| O|  |TAMS 0x0000000703600000| PB 0x0000000703600000| Untracked 
|  27|0x0000000703600000, 0x0000000703800000, 0x0000000703800000|100%| O|  |TAMS 0x0000000703800000| PB 0x0000000703800000| Untracked 
|  28|0x0000000703800000, 0x0000000703a00000, 0x0000000703a00000|100%| O|  |TAMS 0x0000000703a00000| PB 0x0000000703a00000| Untracked 
|  29|0x0000000703a00000, 0x0000000703c00000, 0x0000000703c00000|100%| O|  |TAMS 0x0000000703c00000| PB 0x0000000703c00000| Untracked 
|  30|0x0000000703c00000, 0x0000000703e00000, 0x0000000703e00000|100%| O|  |TAMS 0x0000000703e00000| PB 0x0000000703e00000| Untracked 
|  31|0x0000000703e00000, 0x0000000704000000, 0x0000000704000000|100%| O|  |TAMS 0x0000000704000000| PB 0x0000000704000000| Untracked 
|  32|0x0000000704000000, 0x0000000704200000, 0x0000000704200000|100%| O|  |TAMS 0x0000000704200000| PB 0x0000000704200000| Untracked 
|  33|0x0000000704200000, 0x0000000704400000, 0x0000000704400000|100%| O|  |TAMS 0x0000000704400000| PB 0x0000000704400000| Updating 
|  34|0x0000000704400000, 0x0000000704600000, 0x0000000704600000|100%| O|  |TAMS 0x0000000704600000| PB 0x0000000704600000| Untracked 
|  35|0x0000000704600000, 0x0000000704800000, 0x0000000704800000|100%| O|  |TAMS 0x0000000704800000| PB 0x0000000704800000| Untracked 
|  36|0x0000000704800000, 0x0000000704a00000, 0x0000000704a00000|100%| O|  |TAMS 0x0000000704a00000| PB 0x0000000704a00000| Updating 
|  37|0x0000000704a00000, 0x0000000704c00000, 0x0000000704c00000|100%| O|  |TAMS 0x0000000704c00000| PB 0x0000000704c00000| Untracked 
|  38|0x0000000704c00000, 0x0000000704e00000, 0x0000000704e00000|100%| O|  |TAMS 0x0000000704e00000| PB 0x0000000704e00000| Untracked 
|  39|0x0000000704e00000, 0x0000000705000000, 0x0000000705000000|100%| O|  |TAMS 0x0000000705000000| PB 0x0000000705000000| Untracked 
|  40|0x0000000705000000, 0x0000000705200000, 0x0000000705200000|100%| O|  |TAMS 0x0000000705200000| PB 0x0000000705200000| Untracked 
|  41|0x0000000705200000, 0x0000000705400000, 0x0000000705400000|100%| O|  |TAMS 0x0000000705400000| PB 0x0000000705400000| Untracked 
|  42|0x0000000705400000, 0x0000000705600000, 0x0000000705600000|100%| O|  |TAMS 0x0000000705600000| PB 0x0000000705600000| Untracked 
|  43|0x0000000705600000, 0x0000000705800000, 0x0000000705800000|100%| O|  |TAMS 0x0000000705800000| PB 0x0000000705800000| Untracked 
|  44|0x0000000705800000, 0x0000000705a00000, 0x0000000705a00000|100%| O|  |TAMS 0x0000000705a00000| PB 0x0000000705a00000| Untracked 
|  45|0x0000000705a00000, 0x0000000705c00000, 0x0000000705c00000|100%| O|  |TAMS 0x0000000705c00000| PB 0x0000000705c00000| Untracked 
|  46|0x0000000705c00000, 0x0000000705e00000, 0x0000000705e00000|100%| O|  |TAMS 0x0000000705e00000| PB 0x0000000705e00000| Untracked 
|  47|0x0000000705e00000, 0x0000000706000000, 0x0000000706000000|100%| O|  |TAMS 0x0000000706000000| PB 0x0000000706000000| Untracked 
|  48|0x0000000706000000, 0x0000000706200000, 0x0000000706200000|100%| O|  |TAMS 0x0000000706200000| PB 0x0000000706200000| Untracked 
|  49|0x0000000706200000, 0x0000000706400000, 0x0000000706400000|100%| O|  |TAMS 0x0000000706400000| PB 0x0000000706400000| Untracked 
|  50|0x0000000706400000, 0x0000000706600000, 0x0000000706600000|100%| O|  |TAMS 0x0000000706600000| PB 0x0000000706600000| Untracked 
|  51|0x0000000706600000, 0x0000000706800000, 0x0000000706800000|100%| O|  |TAMS 0x0000000706800000| PB 0x0000000706800000| Untracked 
|  52|0x0000000706800000, 0x0000000706a00000, 0x0000000706a00000|100%| O|  |TAMS 0x0000000706a00000| PB 0x0000000706a00000| Untracked 
|  53|0x0000000706a00000, 0x0000000706c00000, 0x0000000706c00000|100%| O|  |TAMS 0x0000000706c00000| PB 0x0000000706c00000| Untracked 
|  54|0x0000000706c00000, 0x0000000706e00000, 0x0000000706e00000|100%| O|  |TAMS 0x0000000706e00000| PB 0x0000000706e00000| Untracked 
|  55|0x0000000706e00000, 0x0000000707000000, 0x0000000707000000|100%| O|  |TAMS 0x0000000707000000| PB 0x0000000707000000| Untracked 
|  56|0x0000000707000000, 0x0000000707200000, 0x0000000707200000|100%| O|  |TAMS 0x0000000707200000| PB 0x0000000707200000| Untracked 
|  57|0x0000000707200000, 0x0000000707400000, 0x0000000707400000|100%| O|  |TAMS 0x0000000707400000| PB 0x0000000707400000| Untracked 
|  58|0x0000000707400000, 0x0000000707400000, 0x0000000707600000|  0%| F|  |TAMS 0x0000000707400000| PB 0x0000000707400000| Untracked 
|  59|0x0000000707600000, 0x0000000707800000, 0x0000000707800000|100%| O|  |TAMS 0x0000000707800000| PB 0x0000000707800000| Untracked 
|  60|0x0000000707800000, 0x0000000707a00000, 0x0000000707a00000|100%| O|  |TAMS 0x0000000707a00000| PB 0x0000000707a00000| Untracked 
|  61|0x0000000707a00000, 0x0000000707c00000, 0x0000000707c00000|100%| O|  |TAMS 0x0000000707c00000| PB 0x0000000707c00000| Untracked 
|  62|0x0000000707c00000, 0x0000000707e00000, 0x0000000707e00000|100%| O|  |TAMS 0x0000000707e00000| PB 0x0000000707e00000| Untracked 
|  63|0x0000000707e00000, 0x0000000708000000, 0x0000000708000000|100%| O|  |TAMS 0x0000000708000000| PB 0x0000000708000000| Updating 
|  64|0x0000000708000000, 0x0000000708200000, 0x0000000708200000|100%|HS|  |TAMS 0x0000000708200000| PB 0x0000000708000000| Complete 
|  65|0x0000000708200000, 0x0000000708400000, 0x0000000708400000|100%|HS|  |TAMS 0x0000000708400000| PB 0x0000000708200000| Complete 
|  66|0x0000000708400000, 0x0000000708600000, 0x0000000708600000|100%| O|  |TAMS 0x0000000708400000| PB 0x0000000708400000| Untracked 
|  67|0x0000000708600000, 0x0000000708800000, 0x0000000708800000|100%| O|  |TAMS 0x0000000708800000| PB 0x0000000708800000| Updating 
|  68|0x0000000708800000, 0x0000000708a00000, 0x0000000708a00000|100%| O|  |TAMS 0x0000000708a00000| PB 0x0000000708a00000| Updating 
|  69|0x0000000708a00000, 0x0000000708a00000, 0x0000000708c00000|  0%| F|  |TAMS 0x0000000708a00000| PB 0x0000000708a00000| Untracked 
|  70|0x0000000708c00000, 0x0000000708e00000, 0x0000000708e00000|100%| O|  |TAMS 0x0000000708e00000| PB 0x0000000708e00000| Untracked 
|  71|0x0000000708e00000, 0x0000000709000000, 0x0000000709000000|100%| O|  |TAMS 0x0000000709000000| PB 0x0000000709000000| Untracked 
|  72|0x0000000709000000, 0x0000000709200000, 0x0000000709200000|100%| O|  |TAMS 0x0000000709200000| PB 0x0000000709200000| Untracked 
|  73|0x0000000709200000, 0x0000000709400000, 0x0000000709400000|100%| O|  |TAMS 0x0000000709400000| PB 0x0000000709400000| Untracked 
|  74|0x0000000709400000, 0x0000000709600000, 0x0000000709600000|100%| O|  |TAMS 0x0000000709600000| PB 0x0000000709600000| Untracked 
|  75|0x0000000709600000, 0x0000000709800000, 0x0000000709800000|100%| O|  |TAMS 0x0000000709800000| PB 0x0000000709800000| Updating 
|  76|0x0000000709800000, 0x0000000709800000, 0x0000000709a00000|  0%| F|  |TAMS 0x0000000709800000| PB 0x0000000709800000| Untracked 
|  77|0x0000000709a00000, 0x0000000709c00000, 0x0000000709c00000|100%| O|  |TAMS 0x0000000709c00000| PB 0x0000000709c00000| Updating 
|  78|0x0000000709c00000, 0x0000000709e00000, 0x0000000709e00000|100%| O|  |TAMS 0x0000000709e00000| PB 0x0000000709e00000| Updating 
|  79|0x0000000709e00000, 0x000000070a000000, 0x000000070a000000|100%| O|  |TAMS 0x000000070a000000| PB 0x000000070a000000| Updating 
|  80|0x000000070a000000, 0x000000070a200000, 0x000000070a200000|100%| O|  |TAMS 0x000000070a200000| PB 0x000000070a200000| Updating 
|  81|0x000000070a200000, 0x000000070a400000, 0x000000070a400000|100%| O|  |TAMS 0x000000070a400000| PB 0x000000070a400000| Updating 
|  82|0x000000070a400000, 0x000000070a600000, 0x000000070a600000|100%| O|  |TAMS 0x000000070a600000| PB 0x000000070a600000| Untracked 
|  83|0x000000070a600000, 0x000000070a800000, 0x000000070a800000|100%| O|  |TAMS 0x000000070a800000| PB 0x000000070a800000| Updating 
|  84|0x000000070a800000, 0x000000070aa00000, 0x000000070aa00000|100%| O|  |TAMS 0x000000070aa00000| PB 0x000000070aa00000| Untracked 
|  85|0x000000070aa00000, 0x000000070ac00000, 0x000000070ac00000|100%| O|  |TAMS 0x000000070ac00000| PB 0x000000070ac00000| Untracked 
|  86|0x000000070ac00000, 0x000000070ae00000, 0x000000070ae00000|100%| O|  |TAMS 0x000000070ae00000| PB 0x000000070ae00000| Untracked 
|  87|0x000000070ae00000, 0x000000070b000000, 0x000000070b000000|100%| O|  |TAMS 0x000000070b000000| PB 0x000000070b000000| Untracked 
|  88|0x000000070b000000, 0x000000070b200000, 0x000000070b200000|100%| O|  |TAMS 0x000000070b200000| PB 0x000000070b200000| Updating 
|  89|0x000000070b200000, 0x000000070b400000, 0x000000070b400000|100%| O|  |TAMS 0x000000070b400000| PB 0x000000070b400000| Untracked 
|  90|0x000000070b400000, 0x000000070b600000, 0x000000070b600000|100%| O|  |TAMS 0x000000070b600000| PB 0x000000070b600000| Untracked 
|  91|0x000000070b600000, 0x000000070b800000, 0x000000070b800000|100%| O|  |TAMS 0x000000070b800000| PB 0x000000070b800000| Untracked 
|  92|0x000000070b800000, 0x000000070ba00000, 0x000000070ba00000|100%| O|  |TAMS 0x000000070ba00000| PB 0x000000070ba00000| Untracked 
|  93|0x000000070ba00000, 0x000000070bc00000, 0x000000070bc00000|100%| O|  |TAMS 0x000000070bc00000| PB 0x000000070bc00000| Untracked 
|  94|0x000000070bc00000, 0x000000070be00000, 0x000000070be00000|100%| O|  |TAMS 0x000000070be00000| PB 0x000000070be00000| Untracked 
|  95|0x000000070be00000, 0x000000070c000000, 0x000000070c000000|100%| O|  |TAMS 0x000000070c000000| PB 0x000000070c000000| Updating 
|  96|0x000000070c000000, 0x000000070c200000, 0x000000070c200000|100%| O|  |TAMS 0x000000070c200000| PB 0x000000070c200000| Updating 
|  97|0x000000070c200000, 0x000000070c400000, 0x000000070c400000|100%| O|  |TAMS 0x000000070c200000| PB 0x000000070c200000| Untracked 
|  98|0x000000070c400000, 0x000000070c600000, 0x000000070c600000|100%| O|  |TAMS 0x000000070c600000| PB 0x000000070c600000| Updating 
|  99|0x000000070c600000, 0x000000070c600000, 0x000000070c800000|  0%| F|  |TAMS 0x000000070c600000| PB 0x000000070c600000| Untracked 
| 100|0x000000070c800000, 0x000000070ca00000, 0x000000070ca00000|100%| O|  |TAMS 0x000000070c800000| PB 0x000000070c800000| Untracked 
| 101|0x000000070ca00000, 0x000000070cc00000, 0x000000070cc00000|100%| O|  |TAMS 0x000000070cc00000| PB 0x000000070cc00000| Updating 
| 102|0x000000070cc00000, 0x000000070cc00000, 0x000000070ce00000|  0%| F|  |TAMS 0x000000070cc00000| PB 0x000000070cc00000| Untracked 
| 103|0x000000070ce00000, 0x000000070ce00000, 0x000000070d000000|  0%| F|  |TAMS 0x000000070ce00000| PB 0x000000070ce00000| Untracked 
| 104|0x000000070d000000, 0x000000070d200000, 0x000000070d200000|100%| O|  |TAMS 0x000000070d200000| PB 0x000000070d200000| Updating 
| 105|0x000000070d200000, 0x000000070d400000, 0x000000070d400000|100%| O|  |TAMS 0x000000070d400000| PB 0x000000070d400000| Updating 
| 106|0x000000070d400000, 0x000000070d400000, 0x000000070d600000|  0%| F|  |TAMS 0x000000070d400000| PB 0x000000070d400000| Untracked 
| 107|0x000000070d600000, 0x000000070d800000, 0x000000070d800000|100%| O|  |TAMS 0x000000070d800000| PB 0x000000070d800000| Updating 
| 108|0x000000070d800000, 0x000000070d800000, 0x000000070da00000|  0%| F|  |TAMS 0x000000070d800000| PB 0x000000070d800000| Untracked 
| 109|0x000000070da00000, 0x000000070dc00000, 0x000000070dc00000|100%| O|  |TAMS 0x000000070dc00000| PB 0x000000070dc00000| Updating 
| 110|0x000000070dc00000, 0x000000070de00000, 0x000000070de00000|100%| O|  |TAMS 0x000000070de00000| PB 0x000000070de00000| Updating 
| 111|0x000000070de00000, 0x000000070de00000, 0x000000070e000000|  0%| F|  |TAMS 0x000000070de00000| PB 0x000000070de00000| Untracked 
| 112|0x000000070e000000, 0x000000070e200000, 0x000000070e200000|100%| O|  |TAMS 0x000000070e200000| PB 0x000000070e200000| Updating 
| 113|0x000000070e200000, 0x000000070e200000, 0x000000070e400000|  0%| F|  |TAMS 0x000000070e200000| PB 0x000000070e200000| Untracked 
| 114|0x000000070e400000, 0x000000070e600000, 0x000000070e600000|100%| O|  |TAMS 0x000000070e600000| PB 0x000000070e600000| Updating 
| 115|0x000000070e600000, 0x000000070e800000, 0x000000070e800000|100%| O|  |TAMS 0x000000070e800000| PB 0x000000070e800000| Updating 
| 116|0x000000070e800000, 0x000000070ea00000, 0x000000070ea00000|100%| O|  |TAMS 0x000000070ea00000| PB 0x000000070ea00000| Updating 
| 117|0x000000070ea00000, 0x000000070ec00000, 0x000000070ec00000|100%| O|  |TAMS 0x000000070ec00000| PB 0x000000070ec00000| Updating 
| 118|0x000000070ec00000, 0x000000070ec00000, 0x000000070ee00000|  0%| F|  |TAMS 0x000000070ec00000| PB 0x000000070ec00000| Untracked 
| 119|0x000000070ee00000, 0x000000070ee00000, 0x000000070f000000|  0%| F|  |TAMS 0x000000070ee00000| PB 0x000000070ee00000| Untracked 
| 120|0x000000070f000000, 0x000000070f000000, 0x000000070f200000|  0%| F|  |TAMS 0x000000070f000000| PB 0x000000070f000000| Untracked 
| 121|0x000000070f200000, 0x000000070f200000, 0x000000070f400000|  0%| F|  |TAMS 0x000000070f200000| PB 0x000000070f200000| Untracked 
| 122|0x000000070f400000, 0x000000070f600000, 0x000000070f600000|100%| O|  |TAMS 0x000000070f400000| PB 0x000000070f400000| Untracked 
| 123|0x000000070f600000, 0x000000070f800000, 0x000000070f800000|100%| O|  |TAMS 0x000000070f800000| PB 0x000000070f800000| Updating 
| 124|0x000000070f800000, 0x000000070f800000, 0x000000070fa00000|  0%| F|  |TAMS 0x000000070f800000| PB 0x000000070f800000| Untracked 
| 125|0x000000070fa00000, 0x000000070fa00000, 0x000000070fc00000|  0%| F|  |TAMS 0x000000070fa00000| PB 0x000000070fa00000| Untracked 
| 126|0x000000070fc00000, 0x000000070fe00000, 0x000000070fe00000|100%| O|  |TAMS 0x000000070fe00000| PB 0x000000070fe00000| Untracked 
| 127|0x000000070fe00000, 0x0000000710000000, 0x0000000710000000|100%| O|  |TAMS 0x0000000710000000| PB 0x0000000710000000| Updating 
| 128|0x0000000710000000, 0x0000000710000000, 0x0000000710200000|  0%| F|  |TAMS 0x0000000710000000| PB 0x0000000710000000| Untracked 
| 129|0x0000000710200000, 0x0000000710400000, 0x0000000710400000|100%| O|  |TAMS 0x0000000710400000| PB 0x0000000710400000| Untracked 
| 130|0x0000000710400000, 0x0000000710600000, 0x0000000710600000|100%| O|  |TAMS 0x0000000710600000| PB 0x0000000710600000| Untracked 
| 131|0x0000000710600000, 0x0000000710800000, 0x0000000710800000|100%| O|  |TAMS 0x0000000710800000| PB 0x0000000710800000| Untracked 
| 132|0x0000000710800000, 0x0000000710800000, 0x0000000710a00000|  0%| F|  |TAMS 0x0000000710800000| PB 0x0000000710800000| Untracked 
| 133|0x0000000710a00000, 0x0000000710c00000, 0x0000000710c00000|100%| O|  |TAMS 0x0000000710c00000| PB 0x0000000710c00000| Untracked 
| 134|0x0000000710c00000, 0x0000000710e00000, 0x0000000710e00000|100%| O|  |TAMS 0x0000000710e00000| PB 0x0000000710e00000| Updating 
| 135|0x0000000710e00000, 0x0000000711000000, 0x0000000711000000|100%| O|  |TAMS 0x0000000710e00000| PB 0x0000000710e00000| Untracked 
| 136|0x0000000711000000, 0x0000000711200000, 0x0000000711200000|100%| O|  |TAMS 0x0000000711200000| PB 0x0000000711200000| Untracked 
| 137|0x0000000711200000, 0x0000000711400000, 0x0000000711400000|100%| O|  |TAMS 0x0000000711400000| PB 0x0000000711400000| Updating 
| 138|0x0000000711400000, 0x0000000711600000, 0x0000000711600000|100%| O|  |TAMS 0x0000000711600000| PB 0x0000000711600000| Untracked 
| 139|0x0000000711600000, 0x0000000711800000, 0x0000000711800000|100%| O|  |TAMS 0x0000000711800000| PB 0x0000000711800000| Untracked 
| 140|0x0000000711800000, 0x0000000711a00000, 0x0000000711a00000|100%| O|  |TAMS 0x0000000711a00000| PB 0x0000000711a00000| Untracked 
| 141|0x0000000711a00000, 0x0000000711c00000, 0x0000000711c00000|100%| O|  |TAMS 0x0000000711c00000| PB 0x0000000711c00000| Untracked 
| 142|0x0000000711c00000, 0x0000000711e00000, 0x0000000711e00000|100%| O|  |TAMS 0x0000000711e00000| PB 0x0000000711e00000| Updating 
| 143|0x0000000711e00000, 0x0000000712000000, 0x0000000712000000|100%| O|  |TAMS 0x0000000711e00000| PB 0x0000000711e00000| Untracked 
| 144|0x0000000712000000, 0x0000000712200000, 0x0000000712200000|100%| O|  |TAMS 0x0000000712200000| PB 0x0000000712200000| Untracked 
| 145|0x0000000712200000, 0x0000000712400000, 0x0000000712400000|100%| O|  |TAMS 0x0000000712400000| PB 0x0000000712400000| Updating 
| 146|0x0000000712400000, 0x0000000712600000, 0x0000000712600000|100%| O|  |TAMS 0x0000000712400000| PB 0x0000000712400000| Untracked 
| 147|0x0000000712600000, 0x0000000712800000, 0x0000000712800000|100%| O|  |TAMS 0x0000000712600000| PB 0x0000000712600000| Untracked 
| 148|0x0000000712800000, 0x0000000712a00000, 0x0000000712a00000|100%| O|  |TAMS 0x0000000712900000| PB 0x0000000712900000| Untracked 
| 149|0x0000000712a00000, 0x0000000712c00000, 0x0000000712c00000|100%| O|  |TAMS 0x0000000712a00000| PB 0x0000000712a00000| Untracked 
| 150|0x0000000712c00000, 0x0000000712d00000, 0x0000000712e00000| 50%| O|  |TAMS 0x0000000712c00000| PB 0x0000000712c00000| Updating 
| 151|0x0000000712e00000, 0x0000000713000000, 0x0000000713000000|100%| O|  |TAMS 0x0000000713000000| PB 0x0000000713000000| Updating 
| 152|0x0000000713000000, 0x0000000713000000, 0x0000000713200000|  0%| F|  |TAMS 0x0000000713000000| PB 0x0000000713000000| Untracked 
| 153|0x0000000713200000, 0x0000000713400000, 0x0000000713400000|100%| O|  |TAMS 0x0000000713400000| PB 0x0000000713400000| Updating 
| 154|0x0000000713400000, 0x0000000713600000, 0x0000000713600000|100%|HS|  |TAMS 0x0000000713400000| PB 0x0000000713400000| Complete 
| 155|0x0000000713600000, 0x0000000713800000, 0x0000000713800000|100%|HC|  |TAMS 0x0000000713600000| PB 0x0000000713600000| Complete 
| 156|0x0000000713800000, 0x0000000713a00000, 0x0000000713a00000|100%|HC|  |TAMS 0x0000000713800000| PB 0x0000000713800000| Complete 
| 157|0x0000000713a00000, 0x0000000713a00000, 0x0000000713c00000|  0%| F|  |TAMS 0x0000000713a00000| PB 0x0000000713a00000| Untracked 
| 158|0x0000000713c00000, 0x0000000713c00000, 0x0000000713e00000|  0%| F|  |TAMS 0x0000000713c00000| PB 0x0000000713c00000| Untracked 
| 159|0x0000000713e00000, 0x0000000713e00000, 0x0000000714000000|  0%| F|  |TAMS 0x0000000713e00000| PB 0x0000000713e00000| Untracked 
| 160|0x0000000714000000, 0x0000000714000000, 0x0000000714200000|  0%| F|  |TAMS 0x0000000714000000| PB 0x0000000714000000| Untracked 
| 161|0x0000000714200000, 0x0000000714400000, 0x0000000714400000|100%| O|  |TAMS 0x0000000714400000| PB 0x0000000714400000| Updating 
| 162|0x0000000714400000, 0x0000000714600000, 0x0000000714600000|100%| O|  |TAMS 0x0000000714600000| PB 0x0000000714600000| Updating 
| 163|0x0000000714600000, 0x0000000714800000, 0x0000000714800000|100%| O|  |TAMS 0x0000000714800000| PB 0x0000000714800000| Updating 
| 164|0x0000000714800000, 0x0000000714800000, 0x0000000714a00000|  0%| F|  |TAMS 0x0000000714800000| PB 0x0000000714800000| Untracked 
| 165|0x0000000714a00000, 0x0000000714a00000, 0x0000000714c00000|  0%| F|  |TAMS 0x0000000714a00000| PB 0x0000000714a00000| Untracked 
| 166|0x0000000714c00000, 0x0000000714c00000, 0x0000000714e00000|  0%| F|  |TAMS 0x0000000714c00000| PB 0x0000000714c00000| Untracked 
| 167|0x0000000714e00000, 0x0000000714e00000, 0x0000000715000000|  0%| F|  |TAMS 0x0000000714e00000| PB 0x0000000714e00000| Untracked 
| 168|0x0000000715000000, 0x0000000715000000, 0x0000000715200000|  0%| F|  |TAMS 0x0000000715000000| PB 0x0000000715000000| Untracked 
| 169|0x0000000715200000, 0x0000000715200000, 0x0000000715400000|  0%| F|  |TAMS 0x0000000715200000| PB 0x0000000715200000| Untracked 
| 170|0x0000000715400000, 0x0000000715400000, 0x0000000715600000|  0%| F|  |TAMS 0x0000000715400000| PB 0x0000000715400000| Untracked 
| 171|0x0000000715600000, 0x0000000715600000, 0x0000000715800000|  0%| F|  |TAMS 0x0000000715600000| PB 0x0000000715600000| Untracked 
| 172|0x0000000715800000, 0x0000000715800000, 0x0000000715a00000|  0%| F|  |TAMS 0x0000000715800000| PB 0x0000000715800000| Untracked 
| 173|0x0000000715a00000, 0x0000000715a00000, 0x0000000715c00000|  0%| F|  |TAMS 0x0000000715a00000| PB 0x0000000715a00000| Untracked 
| 174|0x0000000715c00000, 0x0000000715c00000, 0x0000000715e00000|  0%| F|  |TAMS 0x0000000715c00000| PB 0x0000000715c00000| Untracked 
| 175|0x0000000715e00000, 0x0000000715e00000, 0x0000000716000000|  0%| F|  |TAMS 0x0000000715e00000| PB 0x0000000715e00000| Untracked 
| 176|0x0000000716000000, 0x0000000716000000, 0x0000000716200000|  0%| F|  |TAMS 0x0000000716000000| PB 0x0000000716000000| Untracked 
| 177|0x0000000716200000, 0x0000000716200000, 0x0000000716400000|  0%| F|  |TAMS 0x0000000716200000| PB 0x0000000716200000| Untracked 
| 178|0x0000000716400000, 0x0000000716400000, 0x0000000716600000|  0%| F|  |TAMS 0x0000000716400000| PB 0x0000000716400000| Untracked 
| 179|0x0000000716600000, 0x0000000716600000, 0x0000000716800000|  0%| F|  |TAMS 0x0000000716600000| PB 0x0000000716600000| Untracked 
| 180|0x0000000716800000, 0x0000000716800000, 0x0000000716a00000|  0%| F|  |TAMS 0x0000000716800000| PB 0x0000000716800000| Untracked 
| 181|0x0000000716a00000, 0x0000000716a00000, 0x0000000716c00000|  0%| F|  |TAMS 0x0000000716a00000| PB 0x0000000716a00000| Untracked 
| 182|0x0000000716c00000, 0x0000000716c00000, 0x0000000716e00000|  0%| F|  |TAMS 0x0000000716c00000| PB 0x0000000716c00000| Untracked 
| 183|0x0000000716e00000, 0x0000000716e00000, 0x0000000717000000|  0%| F|  |TAMS 0x0000000716e00000| PB 0x0000000716e00000| Untracked 
| 184|0x0000000717000000, 0x0000000717000000, 0x0000000717200000|  0%| F|  |TAMS 0x0000000717000000| PB 0x0000000717000000| Untracked 
| 185|0x0000000717200000, 0x0000000717200000, 0x0000000717400000|  0%| F|  |TAMS 0x0000000717200000| PB 0x0000000717200000| Untracked 
| 186|0x0000000717400000, 0x0000000717400000, 0x0000000717600000|  0%| F|  |TAMS 0x0000000717400000| PB 0x0000000717400000| Untracked 
| 187|0x0000000717600000, 0x0000000717600000, 0x0000000717800000|  0%| F|  |TAMS 0x0000000717600000| PB 0x0000000717600000| Untracked 
| 188|0x0000000717800000, 0x0000000717800000, 0x0000000717a00000|  0%| F|  |TAMS 0x0000000717800000| PB 0x0000000717800000| Untracked 
| 189|0x0000000717a00000, 0x0000000717a00000, 0x0000000717c00000|  0%| F|  |TAMS 0x0000000717a00000| PB 0x0000000717a00000| Untracked 
| 190|0x0000000717c00000, 0x0000000717c00000, 0x0000000717e00000|  0%| F|  |TAMS 0x0000000717c00000| PB 0x0000000717c00000| Untracked 
| 191|0x0000000717e00000, 0x0000000717e00000, 0x0000000718000000|  0%| F|  |TAMS 0x0000000717e00000| PB 0x0000000717e00000| Untracked 
| 192|0x0000000718000000, 0x0000000718000000, 0x0000000718200000|  0%| F|  |TAMS 0x0000000718000000| PB 0x0000000718000000| Untracked 
| 193|0x0000000718200000, 0x0000000718200000, 0x0000000718400000|  0%| F|  |TAMS 0x0000000718200000| PB 0x0000000718200000| Untracked 
| 194|0x0000000718400000, 0x0000000718400000, 0x0000000718600000|  0%| F|  |TAMS 0x0000000718400000| PB 0x0000000718400000| Untracked 
| 195|0x0000000718600000, 0x0000000718600000, 0x0000000718800000|  0%| F|  |TAMS 0x0000000718600000| PB 0x0000000718600000| Untracked 
| 196|0x0000000718800000, 0x0000000718800000, 0x0000000718a00000|  0%| F|  |TAMS 0x0000000718800000| PB 0x0000000718800000| Untracked 
| 197|0x0000000718a00000, 0x0000000718a00000, 0x0000000718c00000|  0%| F|  |TAMS 0x0000000718a00000| PB 0x0000000718a00000| Untracked 
| 198|0x0000000718c00000, 0x0000000718c00000, 0x0000000718e00000|  0%| F|  |TAMS 0x0000000718c00000| PB 0x0000000718c00000| Untracked 
| 199|0x0000000718e00000, 0x0000000718e00000, 0x0000000719000000|  0%| F|  |TAMS 0x0000000718e00000| PB 0x0000000718e00000| Untracked 
| 200|0x0000000719000000, 0x0000000719000000, 0x0000000719200000|  0%| F|  |TAMS 0x0000000719000000| PB 0x0000000719000000| Untracked 
| 201|0x0000000719200000, 0x0000000719400000, 0x0000000719400000|100%| S|CS|TAMS 0x0000000719200000| PB 0x0000000719200000| Complete 
| 202|0x0000000719400000, 0x0000000719600000, 0x0000000719600000|100%| S|CS|TAMS 0x0000000719400000| PB 0x0000000719400000| Complete 
| 203|0x0000000719600000, 0x0000000719800000, 0x0000000719800000|100%| S|CS|TAMS 0x0000000719600000| PB 0x0000000719600000| Complete 
| 204|0x0000000719800000, 0x0000000719a00000, 0x0000000719a00000|100%| S|CS|TAMS 0x0000000719800000| PB 0x0000000719800000| Complete 
| 205|0x0000000719a00000, 0x0000000719c00000, 0x0000000719c00000|100%| S|CS|TAMS 0x0000000719a00000| PB 0x0000000719a00000| Complete 
| 206|0x0000000719c00000, 0x0000000719e00000, 0x0000000719e00000|100%| S|CS|TAMS 0x0000000719c00000| PB 0x0000000719c00000| Complete 
| 207|0x0000000719e00000, 0x000000071a000000, 0x000000071a000000|100%| S|CS|TAMS 0x0000000719e00000| PB 0x0000000719e00000| Complete 
| 208|0x000000071a000000, 0x000000071a000000, 0x000000071a200000|  0%| F|  |TAMS 0x000000071a000000| PB 0x000000071a000000| Untracked 
| 209|0x000000071a200000, 0x000000071a200000, 0x000000071a400000|  0%| F|  |TAMS 0x000000071a200000| PB 0x000000071a200000| Untracked 
| 210|0x000000071a400000, 0x000000071a400000, 0x000000071a600000|  0%| F|  |TAMS 0x000000071a400000| PB 0x000000071a400000| Untracked 
| 211|0x000000071a600000, 0x000000071a600000, 0x000000071a800000|  0%| F|  |TAMS 0x000000071a600000| PB 0x000000071a600000| Untracked 
| 212|0x000000071a800000, 0x000000071a800000, 0x000000071aa00000|  0%| F|  |TAMS 0x000000071a800000| PB 0x000000071a800000| Untracked 
| 213|0x000000071aa00000, 0x000000071aa00000, 0x000000071ac00000|  0%| F|  |TAMS 0x000000071aa00000| PB 0x000000071aa00000| Untracked 
| 214|0x000000071ac00000, 0x000000071ac00000, 0x000000071ae00000|  0%| F|  |TAMS 0x000000071ac00000| PB 0x000000071ac00000| Untracked 
| 215|0x000000071ae00000, 0x000000071ae00000, 0x000000071b000000|  0%| F|  |TAMS 0x000000071ae00000| PB 0x000000071ae00000| Untracked 
| 216|0x000000071b000000, 0x000000071b000000, 0x000000071b200000|  0%| F|  |TAMS 0x000000071b000000| PB 0x000000071b000000| Untracked 
| 217|0x000000071b200000, 0x000000071b200000, 0x000000071b400000|  0%| F|  |TAMS 0x000000071b200000| PB 0x000000071b200000| Untracked 
| 218|0x000000071b400000, 0x000000071b400000, 0x000000071b600000|  0%| F|  |TAMS 0x000000071b400000| PB 0x000000071b400000| Untracked 
| 219|0x000000071b600000, 0x000000071b600000, 0x000000071b800000|  0%| F|  |TAMS 0x000000071b600000| PB 0x000000071b600000| Untracked 
| 220|0x000000071b800000, 0x000000071b800000, 0x000000071ba00000|  0%| F|  |TAMS 0x000000071b800000| PB 0x000000071b800000| Untracked 
| 221|0x000000071ba00000, 0x000000071ba00000, 0x000000071bc00000|  0%| F|  |TAMS 0x000000071ba00000| PB 0x000000071ba00000| Untracked 
| 222|0x000000071bc00000, 0x000000071bc00000, 0x000000071be00000|  0%| F|  |TAMS 0x000000071bc00000| PB 0x000000071bc00000| Untracked 
| 223|0x000000071be00000, 0x000000071be00000, 0x000000071c000000|  0%| F|  |TAMS 0x000000071be00000| PB 0x000000071be00000| Untracked 
| 224|0x000000071c000000, 0x000000071c000000, 0x000000071c200000|  0%| F|  |TAMS 0x000000071c000000| PB 0x000000071c000000| Untracked 
| 225|0x000000071c200000, 0x000000071c200000, 0x000000071c400000|  0%| F|  |TAMS 0x000000071c200000| PB 0x000000071c200000| Untracked 
|2034|0x00000007fe400000, 0x00000007fe400000, 0x00000007fe600000|  0%| F|  |TAMS 0x00000007fe400000| PB 0x00000007fe400000| Untracked 
|2035|0x00000007fe600000, 0x00000007fe600000, 0x00000007fe800000|  0%| F|  |TAMS 0x00000007fe600000| PB 0x00000007fe600000| Untracked 
|2036|0x00000007fe800000, 0x00000007fe800000, 0x00000007fea00000|  0%| F|  |TAMS 0x00000007fe800000| PB 0x00000007fe800000| Untracked 
|2037|0x00000007fea00000, 0x00000007fea00000, 0x00000007fec00000|  0%| F|  |TAMS 0x00000007fea00000| PB 0x00000007fea00000| Untracked 
|2038|0x00000007fec00000, 0x00000007fec00000, 0x00000007fee00000|  0%| F|  |TAMS 0x00000007fec00000| PB 0x00000007fec00000| Untracked 
|2039|0x00000007fee00000, 0x00000007fee00000, 0x00000007ff000000|  0%| F|  |TAMS 0x00000007fee00000| PB 0x00000007fee00000| Untracked 
|2040|0x00000007ff000000, 0x00000007ff000000, 0x00000007ff200000|  0%| F|  |TAMS 0x00000007ff000000| PB 0x00000007ff000000| Untracked 
|2041|0x00000007ff200000, 0x00000007ff200000, 0x00000007ff400000|  0%| F|  |TAMS 0x00000007ff200000| PB 0x00000007ff200000| Untracked 
|2042|0x00000007ff400000, 0x00000007ff400000, 0x00000007ff600000|  0%| F|  |TAMS 0x00000007ff400000| PB 0x00000007ff400000| Untracked 
|2043|0x00000007ff600000, 0x00000007ff704ca0, 0x00000007ff800000| 50%| E|  |TAMS 0x00000007ff600000| PB 0x00000007ff600000| Complete 
|2044|0x00000007ff800000, 0x00000007ffa00000, 0x00000007ffa00000|100%| O|  |TAMS 0x00000007ffa00000| PB 0x00000007ffa00000| Untracked 
|2045|0x00000007ffa00000, 0x00000007ffc00000, 0x00000007ffc00000|100%| O|  |TAMS 0x00000007ffc00000| PB 0x00000007ffc00000| Untracked 
|2046|0x00000007ffc00000, 0x00000007ffe00000, 0x00000007ffe00000|100%| O|  |TAMS 0x00000007ffe00000| PB 0x00000007ffe00000| Untracked 
|2047|0x00000007ffe00000, 0x0000000800000000, 0x0000000800000000|100%| O|  |TAMS 0x0000000800000000| PB 0x0000000800000000| Untracked 

Card table byte_map: [0x000002db705b0000,0x000002db70db0000] _byte_map_base: 0x000002db6cdb0000

Marking Bits: (CMBitMap*) 0x000002db586e98c0
 Bits: [0x000002db70db0000, 0x000002db74db0000)

Polling page: 0x000002db562a0000

Metaspace:

Usage:
  Non-class:    166.23 MB used.
      Class:     24.41 MB used.
       Both:    190.64 MB used.

Virtual space:
  Non-class space:      192.00 MB reserved,     167.62 MB ( 87%) committed,  3 nodes.
      Class space:        1.00 GB reserved,      25.75 MB (  3%) committed,  1 nodes.
             Both:        1.19 GB reserved,     193.38 MB ( 16%) committed. 

Chunk freelists:
   Non-Class:  8.26 MB
       Class:  6.27 MB
        Both:  14.53 MB

MaxMetaspaceSize: unlimited
CompressedClassSpaceSize: 1.00 GB
Initial GC threshold: 21.00 MB
Current GC threshold: 311.50 MB
CDS: on
 - commit_granule_bytes: 65536.
 - commit_granule_words: 8192.
 - virtual_space_node_default_size: 8388608.
 - enlarge_chunks_in_place: 1.
 - use_allocation_guard: 0.


Internal statistics:

num_allocs_failed_limit: 3.
num_arena_births: 4944.
num_arena_deaths: 0.
num_vsnodes_births: 4.
num_vsnodes_deaths: 0.
num_space_committed: 3092.
num_space_uncommitted: 0.
num_chunks_returned_to_freelist: 3.
num_chunks_taken_from_freelist: 12970.
num_chunk_merges: 3.
num_chunk_splits: 9160.
num_chunks_enlarged: 6576.
num_inconsistent_stats: 0.

CodeHeap 'non-profiled nmethods': size=120064Kb used=15758Kb max_used=16814Kb free=104305Kb
 bounds [0x000002db68870000, 0x000002db69900000, 0x000002db6fdb0000]
CodeHeap 'profiled nmethods': size=120000Kb used=49687Kb max_used=52966Kb free=70312Kb
 bounds [0x000002db60db0000, 0x000002db64170000, 0x000002db682e0000]
CodeHeap 'non-nmethods': size=5696Kb used=2372Kb max_used=2433Kb free=3323Kb
 bounds [0x000002db682e0000, 0x000002db68550000, 0x000002db68870000]
CodeCache: size=245760Kb, used=67817Kb, max_used=72213Kb, free=177940Kb
 total_blobs=19864, nmethods=18675, adapters=1089, full_count=0
Compilation: enabled, stopped_count=0, restarted_count=0

Compilation events (20 events):
Event: 786.222 Thread 0x000002db76f2c470 28881       3       org.gradle.kotlin.dsl.provider.plugins.DefaultProjectSchemaProviderKt$accessorTypePrecedenceSequence$1::create (23 bytes)
Event: 786.222 Thread 0x000002db76f2c470 nmethod 28881 0x000002db62dd9510 code [0x000002db62dd96e0, 0x000002db62dd9a38]
Event: 786.224 Thread 0x000002db76f2c470 28882       3       org.gradle.kotlin.dsl.provider.plugins.DefaultProjectSchemaProviderKt$accessorTypePrecedenceSequence$1::invokeSuspend (450 bytes)
Event: 786.228 Thread 0x000002db76f2c470 nmethod 28882 0x000002db611ef310 code [0x000002db611ef980, 0x000002db611f39a0]
Event: 786.228 Thread 0x000002db76f2c470 28883       3       org.gradle.kotlin.dsl.provider.plugins.DefaultProjectSchemaProviderKt$ancestorClassesIncludingSelf$1::create (23 bytes)
Event: 786.229 Thread 0x000002db76f2c470 nmethod 28883 0x000002db62ef1610 code [0x000002db62ef17e0, 0x000002db62ef1b38]
Event: 786.232 Thread 0x000002db76f2c470 28884       1       kotlin.reflect.jvm.internal.impl.serialization.deserialization.descriptors.DeserializedClassDescriptor::getVisibility (5 bytes)
Event: 786.232 Thread 0x000002db76f2c470 nmethod 28884 0x000002db696edb90 code [0x000002db696edd20, 0x000002db696eddf0]
Event: 786.234 Thread 0x000002db76f2c470 28885       3       org.gradle.api.internal.tasks.DefaultTaskCollection$1$2$1::getName (13 bytes)
Event: 786.235 Thread 0x000002db76f2c470 nmethod 28885 0x000002db61978790 code [0x000002db61978940, 0x000002db61978c10]
Event: 786.235 Thread 0x000002db76f2c470 28886       1       org.gradle.api.internal.artifacts.configurations.DefaultConfiguration::getDeclarationAlternatives (5 bytes)
Event: 786.235 Thread 0x000002db76f2c470 nmethod 28886 0x000002db69201210 code [0x000002db692013a0, 0x000002db69201470]
Event: 786.239 Thread 0x000002db76f29270 28887   !   4       org.gradle.cache.internal.LockOnDemandCrossProcessCacheAccess::incrementLockCount (191 bytes)
Event: 786.244 Thread 0x000002db76f2c470 28888       3       org.gradle.api.internal.changedetection.state.DefaultResourceSnapshotterCacheService::hashFile (98 bytes)
Event: 786.246 Thread 0x000002db76f2c470 nmethod 28888 0x000002db61d81f90 code [0x000002db61d823c0, 0x000002db61d84380]
Event: 786.254 Thread 0x000002db76f29270 nmethod 28887 0x000002db69001790 code [0x000002db69001a20, 0x000002db69002498]
Event: 786.254 Thread 0x000002db76f29270 28889       4       org.gradle.internal.fingerprint.FingerprintHashingStrategy::appendCollectionToHasherKeepingOrder (39 bytes)
Event: 786.266 Thread 0x000002db76f29270 nmethod 28889 0x000002db68a69390 code [0x000002db68a695e0, 0x000002db68a69c10]
Event: 786.353 Thread 0x000002db76f29270 28890       4       kotlin.text.StringsKt__StringsKt::lastIndexOf (48 bytes)
Event: 786.429 Thread 0x000002db76f29270 nmethod 28890 0x000002db69200b90 code [0x000002db69200d40, 0x000002db69200f28]

GC Heap History (20 events):
Event: 637.376 GC heap before
{Heap before GC invocations=134 (full 0):
 garbage-first heap   total 477184K, used 405504K [0x0000000700000000, 0x0000000800000000)
  region size 2048K, 71 young (145408K), 12 survivors (24576K)
 Metaspace       used 177063K, committed 179712K, reserved 1245184K
  class space    used 22531K, committed 23808K, reserved 1048576K
}
Event: 637.452 GC heap after
{Heap after GC invocations=135 (full 0):
 garbage-first heap   total 477184K, used 290816K [0x0000000700000000, 0x0000000800000000)
  region size 2048K, 3 young (6144K), 3 survivors (6144K)
 Metaspace       used 177063K, committed 179712K, reserved 1245184K
  class space    used 22531K, committed 23808K, reserved 1048576K
}
Event: 644.863 GC heap before
{Heap before GC invocations=136 (full 0):
 garbage-first heap   total 477184K, used 389120K [0x0000000700000000, 0x0000000800000000)
  region size 2048K, 64 young (131072K), 3 survivors (6144K)
 Metaspace       used 179001K, committed 181760K, reserved 1245184K
  class space    used 22855K, committed 24192K, reserved 1048576K
}
Event: 644.971 GC heap after
{Heap after GC invocations=137 (full 0):
 garbage-first heap   total 477184K, used 303104K [0x0000000700000000, 0x0000000800000000)
  region size 2048K, 8 young (16384K), 8 survivors (16384K)
 Metaspace       used 179001K, committed 181760K, reserved 1245184K
  class space    used 22855K, committed 24192K, reserved 1048576K
}
Event: 657.551 GC heap before
{Heap before GC invocations=137 (full 0):
 garbage-first heap   total 477184K, used 407552K [0x0000000700000000, 0x0000000800000000)
  region size 2048K, 59 young (120832K), 8 survivors (16384K)
 Metaspace       used 181345K, committed 184064K, reserved 1245184K
  class space    used 23171K, committed 24512K, reserved 1048576K
}
Event: 657.633 GC heap after
{Heap after GC invocations=138 (full 0):
 garbage-first heap   total 477184K, used 322560K [0x0000000700000000, 0x0000000800000000)
  region size 2048K, 8 young (16384K), 8 survivors (16384K)
 Metaspace       used 181345K, committed 184064K, reserved 1245184K
  class space    used 23171K, committed 24512K, reserved 1048576K
}
Event: 665.323 GC heap before
{Heap before GC invocations=138 (full 0):
 garbage-first heap   total 477184K, used 396288K [0x0000000700000000, 0x0000000800000000)
  region size 2048K, 45 young (92160K), 8 survivors (16384K)
 Metaspace       used 185761K, committed 188480K, reserved 1245184K
  class space    used 23793K, committed 25152K, reserved 1048576K
}
Event: 665.363 GC heap after
{Heap after GC invocations=139 (full 0):
 garbage-first heap   total 477184K, used 329728K [0x0000000700000000, 0x0000000800000000)
  region size 2048K, 3 young (6144K), 3 survivors (6144K)
 Metaspace       used 185761K, committed 188480K, reserved 1245184K
  class space    used 23793K, committed 25152K, reserved 1048576K
}
Event: 698.915 GC heap before
{Heap before GC invocations=140 (full 0):
 garbage-first heap   total 477184K, used 370688K [0x0000000700000000, 0x0000000800000000)
  region size 2048K, 48 young (98304K), 3 survivors (6144K)
 Metaspace       used 185960K, committed 188736K, reserved 1245184K
  class space    used 23793K, committed 25152K, reserved 1048576K
}
Event: 698.967 GC heap after
{Heap after GC invocations=141 (full 0):
 garbage-first heap   total 477184K, used 283648K [0x0000000700000000, 0x0000000800000000)
  region size 2048K, 6 young (12288K), 6 survivors (12288K)
 Metaspace       used 185960K, committed 188736K, reserved 1245184K
  class space    used 23793K, committed 25152K, reserved 1048576K
}
Event: 703.834 GC heap before
{Heap before GC invocations=141 (full 0):
 garbage-first heap   total 477184K, used 414720K [0x0000000700000000, 0x0000000800000000)
  region size 2048K, 70 young (143360K), 6 survivors (12288K)
 Metaspace       used 186108K, committed 188864K, reserved 1245184K
  class space    used 23801K, committed 25152K, reserved 1048576K
}
Event: 703.956 GC heap after
{Heap after GC invocations=142 (full 0):
 garbage-first heap   total 477184K, used 320512K [0x0000000700000000, 0x0000000800000000)
  region size 2048K, 9 young (18432K), 9 survivors (18432K)
 Metaspace       used 186108K, committed 188864K, reserved 1245184K
  class space    used 23801K, committed 25152K, reserved 1048576K
}
Event: 750.225 GC heap before
{Heap before GC invocations=142 (full 0):
 garbage-first heap   total 477184K, used 412672K [0x0000000700000000, 0x0000000800000000)
  region size 2048K, 54 young (110592K), 9 survivors (18432K)
 Metaspace       used 188586K, committed 191360K, reserved 1245184K
  class space    used 24009K, committed 25344K, reserved 1048576K
}
Event: 750.312 GC heap after
{Heap after GC invocations=143 (full 0):
 garbage-first heap   total 477184K, used 338944K [0x0000000700000000, 0x0000000800000000)
  region size 2048K, 7 young (14336K), 7 survivors (14336K)
 Metaspace       used 188586K, committed 191360K, reserved 1245184K
  class space    used 24009K, committed 25344K, reserved 1048576K
}
Event: 766.398 GC heap before
{Heap before GC invocations=144 (full 0):
 garbage-first heap   total 491520K, used 375808K [0x0000000700000000, 0x0000000800000000)
  region size 2048K, 47 young (96256K), 7 survivors (14336K)
 Metaspace       used 193761K, committed 196544K, reserved 1245184K
  class space    used 24829K, committed 26176K, reserved 1048576K
}
Event: 766.449 GC heap after
{Heap after GC invocations=145 (full 0):
 garbage-first heap   total 491520K, used 300032K [0x0000000700000000, 0x0000000800000000)
  region size 2048K, 3 young (6144K), 3 survivors (6144K)
 Metaspace       used 193761K, committed 196544K, reserved 1245184K
  class space    used 24829K, committed 26176K, reserved 1048576K
}
Event: 776.742 GC heap before
{Heap before GC invocations=145 (full 0):
 garbage-first heap   total 491520K, used 422912K [0x0000000700000000, 0x0000000800000000)
  region size 2048K, 63 young (129024K), 3 survivors (6144K)
 Metaspace       used 194900K, committed 197696K, reserved 1245184K
  class space    used 24987K, committed 26368K, reserved 1048576K
}
Event: 776.836 GC heap after
{Heap after GC invocations=146 (full 0):
 garbage-first heap   total 491520K, used 326656K [0x0000000700000000, 0x0000000800000000)
  region size 2048K, 8 young (16384K), 8 survivors (16384K)
 Metaspace       used 194900K, committed 197696K, reserved 1245184K
  class space    used 24987K, committed 26368K, reserved 1048576K
}
Event: 786.355 GC heap before
{Heap before GC invocations=146 (full 0):
 garbage-first heap   total 491520K, used 381952K [0x0000000700000000, 0x0000000800000000)
  region size 2048K, 36 young (73728K), 8 survivors (16384K)
 Metaspace       used 195213K, committed 198016K, reserved 1245184K
  class space    used 24991K, committed 26368K, reserved 1048576K
}
Event: 786.429 GC heap after
{Heap after GC invocations=147 (full 0):
 garbage-first heap   total 491520K, used 345088K [0x0000000700000000, 0x0000000800000000)
  region size 2048K, 7 young (14336K), 7 survivors (14336K)
 Metaspace       used 195213K, committed 198016K, reserved 1245184K
  class space    used 24991K, committed 26368K, reserved 1048576K
}

Dll operation events (15 events):
Event: 0.619 Loaded shared library C:\Users\gabil\.gradle\jdks\amazon_com_inc_-21-amd64-windows.2\bin\java.dll
Event: 1.154 Loaded shared library C:\Users\gabil\.gradle\jdks\amazon_com_inc_-21-amd64-windows.2\bin\jsvml.dll
Event: 2.115 Loaded shared library C:\Users\gabil\.gradle\jdks\amazon_com_inc_-21-amd64-windows.2\bin\zip.dll
Event: 2.128 Loaded shared library C:\Users\gabil\.gradle\jdks\amazon_com_inc_-21-amd64-windows.2\bin\instrument.dll
Event: 2.258 Loaded shared library C:\Users\gabil\.gradle\jdks\amazon_com_inc_-21-amd64-windows.2\bin\net.dll
Event: 2.401 Loaded shared library C:\Users\gabil\.gradle\jdks\amazon_com_inc_-21-amd64-windows.2\bin\nio.dll
Event: 2.410 Loaded shared library C:\Users\gabil\.gradle\jdks\amazon_com_inc_-21-amd64-windows.2\bin\zip.dll
Event: 6.017 Loaded shared library C:\Users\gabil\.gradle\jdks\amazon_com_inc_-21-amd64-windows.2\bin\jimage.dll
Event: 11.892 Loaded shared library C:\Users\gabil\.gradle\jdks\amazon_com_inc_-21-amd64-windows.2\bin\verify.dll
Event: 12.429 Loaded shared library C:\Users\gabil\.gradle\native\1def1411415f61bf3af743bc5b6707747c0891f09f0c88961ee8f79bc544acac\windows-amd64\native-platform.dll
Event: 12.923 Loaded shared library C:\Users\gabil\.gradle\native\0.2.8\x86_64-windows-gnu\gradle-fileevents.dll
Event: 26.668 Loaded shared library C:\Users\gabil\.gradle\jdks\amazon_com_inc_-21-amd64-windows.2\bin\management.dll
Event: 26.838 Loaded shared library C:\Users\gabil\.gradle\jdks\amazon_com_inc_-21-amd64-windows.2\bin\management_ext.dll
Event: 29.790 Loaded shared library C:\Users\gabil\.gradle\jdks\amazon_com_inc_-21-amd64-windows.2\bin\extnet.dll
Event: 36.185 Loaded shared library C:\Users\gabil\.gradle\jdks\amazon_com_inc_-21-amd64-windows.2\bin\sunmscapi.dll

Deoptimization events (20 events):
Event: 785.640 Thread 0x000002db7c4e1080 Uncommon trap: trap_request=0xffffffde fr.pc=0x000002db68d471d4 relative=0x0000000000000a54
Event: 785.640 Thread 0x000002db7c4e1080 Uncommon trap: reason=class_check action=maybe_recompile pc=0x000002db68d471d4 method=java.util.stream.Streams$ConcatSpliterator.<init>(Ljava/util/Spliterator;Ljava/util/Spliterator;)V @ 21 c2
Event: 785.640 Thread 0x000002db7c4e1080 DEOPT PACKING pc=0x000002db68d471d4 sp=0x000000e8eb7f7e10
Event: 785.640 Thread 0x000002db7c4e1080 DEOPT UNPACKING pc=0x000002db6833439c sp=0x000000e8eb7f7d20 mode 2
Event: 785.640 Thread 0x000002db7c4e1080 Uncommon trap: trap_request=0xffffffde fr.pc=0x000002db693438d0 relative=0x0000000000000510
Event: 785.640 Thread 0x000002db7c4e1080 Uncommon trap: reason=class_check action=maybe_recompile pc=0x000002db693438d0 method=java.util.stream.SortedOps$OfRef.<init>(Ljava/util/stream/AbstractPipeline;Ljava/util/Comparator;)V @ 25 c2
Event: 785.640 Thread 0x000002db7c4e1080 DEOPT PACKING pc=0x000002db693438d0 sp=0x000000e8eb7f7e50
Event: 785.640 Thread 0x000002db7c4e1080 DEOPT UNPACKING pc=0x000002db6833439c sp=0x000000e8eb7f7d38 mode 2
Event: 785.640 Thread 0x000002db7c4e1080 Uncommon trap: trap_request=0xffffffde fr.pc=0x000002db690e1c0c relative=0x00000000000000cc
Event: 785.640 Thread 0x000002db7c4e1080 Uncommon trap: reason=class_check action=maybe_recompile pc=0x000002db690e1c0c method=java.util.stream.Streams$ConcatSpliterator.estimateSize()J @ 11 c2
Event: 785.640 Thread 0x000002db7c4e1080 DEOPT PACKING pc=0x000002db690e1c0c sp=0x000000e8eb7f7de0
Event: 785.640 Thread 0x000002db7c4e1080 DEOPT UNPACKING pc=0x000002db6833439c sp=0x000000e8eb7f7d68 mode 2
Event: 785.640 Thread 0x000002db7c4e1080 Uncommon trap: trap_request=0xffffffde fr.pc=0x000002db690a7634 relative=0x00000000000001d4
Event: 785.640 Thread 0x000002db7c4e1080 Uncommon trap: reason=class_check action=maybe_recompile pc=0x000002db690a7634 method=java.util.stream.Streams$ConcatSpliterator.forEachRemaining(Ljava/util/function/Consumer;)V @ 12 c2
Event: 785.640 Thread 0x000002db7c4e1080 DEOPT PACKING pc=0x000002db690a7634 sp=0x000000e8eb7f7de0
Event: 785.640 Thread 0x000002db7c4e1080 DEOPT UNPACKING pc=0x000002db6833439c sp=0x000000e8eb7f7d88 mode 2
Event: 786.258 Thread 0x000002db7c4e1080 Uncommon trap: trap_request=0xffffff76 fr.pc=0x000002db691ef0d4 relative=0x00000000000002f4
Event: 786.258 Thread 0x000002db7c4e1080 Uncommon trap: reason=predicate action=maybe_recompile pc=0x000002db691ef0d4 method=org.gradle.internal.fingerprint.FingerprintHashingStrategy.appendCollectionToHasherKeepingOrder(Lorg/gradle/internal/hash/Hasher;Ljava/util/Collection;)V @ 7 c2
Event: 786.258 Thread 0x000002db7c4e1080 DEOPT PACKING pc=0x000002db691ef0d4 sp=0x000000e8eb7f77e0
Event: 786.258 Thread 0x000002db7c4e1080 DEOPT UNPACKING pc=0x000002db6833439c sp=0x000000e8eb7f77a8 mode 2

Classes loaded (20 events):
Event: 564.270 Loading class sun/security/util/ManifestEntryVerifier$SunProviderHolder
Event: 564.270 Loading class sun/security/util/ManifestEntryVerifier$SunProviderHolder done
Event: 564.691 Loading class java/security/KeyStore$ProtectionParameter
Event: 564.696 Loading class java/security/KeyStore$ProtectionParameter done
Event: 566.768 Loading class sun/reflect/annotation/AnnotationInvocationHandler$1
Event: 566.769 Loading class sun/reflect/annotation/AnnotationInvocationHandler$1 done
Event: 566.987 Loading class java/lang/foreign/ValueLayout
Event: 566.988 Loading class java/lang/foreign/MemoryLayout
Event: 566.991 Loading class java/lang/foreign/MemoryLayout done
Event: 566.991 Loading class java/lang/foreign/ValueLayout done
Event: 615.223 Loading class java/text/MessageFormat$Field
Event: 615.223 Loading class java/text/MessageFormat$Field done
Event: 761.056 Loading class java/util/ArrayList$SubList$2
Event: 761.056 Loading class java/util/ArrayList$SubList$2 done
Event: 768.205 Loading class java/util/stream/ReduceOps$5
Event: 768.213 Loading class java/util/stream/ReduceOps$5 done
Event: 768.213 Loading class java/util/stream/ReduceOps$CountingSink$OfRef
Event: 768.214 Loading class java/util/stream/ReduceOps$CountingSink
Event: 768.214 Loading class java/util/stream/ReduceOps$CountingSink done
Event: 768.214 Loading class java/util/stream/ReduceOps$CountingSink$OfRef done

Classes unloaded (0 events):
No events

Classes redefined (0 events):
No events

Internal exceptions (20 events):
Event: 664.548 Thread 0x000002db7c4e1080 Exception <a 'java/lang/NoSuchMethodError'{0x00000007188d59e8}: 'java.lang.Object java.lang.invoke.Invokers$Holder.linkToTargetMethod(java.lang.Object, java.lang.Object, java.lang.Object, int, java.lang.Object, java.lang.Object, java.lang.Object, java.lang.Object, java.lang.Object)'> (0x00000007188d59e8) 
thrown [s\src\hotspot\share\interpreter\linkResolver.cpp, line 773]
Event: 698.400 Thread 0x000002db7c4e1080 Exception <a 'sun/nio/fs/WindowsException'{0x00000007188249b0}> (0x00000007188249b0) 
thrown [s\src\hotspot\share\prims\jni.cpp, line 520]
Event: 698.408 Thread 0x000002db7c4e1080 Exception <a 'sun/nio/fs/WindowsException'{0x0000000718826818}> (0x0000000718826818) 
thrown [s\src\hotspot\share\prims\jni.cpp, line 520]
Event: 730.720 Thread 0x000002db7c4e1080 Exception <a 'java/lang/NoSuchMethodError'{0x00000007185e6f00}: 'java.lang.Object java.lang.invoke.DirectMethodHandle$Holder.newInvokeSpecial(java.lang.Object, java.lang.Object, java.lang.Object, java.lang.Object, java.lang.Object, int, int)'> (0x00000007185e6f00) 
thrown [s\src\hotspot\share\interpreter\linkResolver.cpp, line 773]
Event: 730.720 Thread 0x000002db7c4e1080 Exception <a 'java/lang/NoSuchMethodError'{0x00000007185ecd38}: 'java.lang.Object java.lang.invoke.DirectMethodHandle$Holder.invokeSpecial(java.lang.Object, java.lang.Object, java.lang.Object, java.lang.Object, java.lang.Object, java.lang.Object, int, int)'> (0x00000007185ecd38) 
thrown [s\src\hotspot\share\interpreter\linkResolver.cpp, line 773]
Event: 730.728 Thread 0x000002db7c4e1080 Exception <a 'java/lang/NoSuchMethodError'{0x00000007185f23d0}: 'java.lang.Object java.lang.invoke.Invokers$Holder.linkToTargetMethod(java.lang.Object, java.lang.Object, java.lang.Object, java.lang.Object, int, int, java.lang.Object)'> (0x00000007185f23d0) 
thrown [s\src\hotspot\share\interpreter\linkResolver.cpp, line 773]
Event: 738.582 Thread 0x000002db7c4e1080 Exception <a 'java/lang/NoSuchMethodError'{0x0000000717c820c0}: 'java.lang.Object java.lang.invoke.DirectMethodHandle$Holder.invokeStatic(java.lang.Object, int, int, java.lang.Object)'> (0x0000000717c820c0) 
thrown [s\src\hotspot\share\interpreter\linkResolver.cpp, line 773]
Event: 739.200 Thread 0x000002db7c4e1080 Exception <a 'sun/nio/fs/WindowsException'{0x0000000717cac398}> (0x0000000717cac398) 
thrown [s\src\hotspot\share\prims\jni.cpp, line 520]
Event: 739.250 Thread 0x000002db7c4e1080 Exception <a 'sun/nio/fs/WindowsException'{0x0000000717cae288}> (0x0000000717cae288) 
thrown [s\src\hotspot\share\prims\jni.cpp, line 520]
Event: 739.280 Thread 0x000002db7c4e1080 Exception <a 'sun/nio/fs/WindowsException'{0x0000000717cc2140}> (0x0000000717cc2140) 
thrown [s\src\hotspot\share\prims\jni.cpp, line 520]
Event: 739.360 Thread 0x000002db7c4e1080 Exception <a 'sun/nio/fs/WindowsException'{0x0000000717cdce30}> (0x0000000717cdce30) 
thrown [s\src\hotspot\share\prims\jni.cpp, line 520]
Event: 739.497 Thread 0x000002db7c4e1080 Exception <a 'sun/nio/fs/WindowsException'{0x0000000717cf38e0}> (0x0000000717cf38e0) 
thrown [s\src\hotspot\share\prims\jni.cpp, line 520]
Event: 739.587 Thread 0x000002db7c4e1080 Exception <a 'sun/nio/fs/WindowsException'{0x0000000717d01f10}> (0x0000000717d01f10) 
thrown [s\src\hotspot\share\prims\jni.cpp, line 520]
Event: 739.682 Thread 0x000002db7c4e1080 Exception <a 'sun/nio/fs/WindowsException'{0x0000000717d13ae0}> (0x0000000717d13ae0) 
thrown [s\src\hotspot\share\prims\jni.cpp, line 520]
Event: 773.487 Thread 0x000002db7c4e1080 Exception <a 'sun/nio/fs/WindowsException'{0x00000007fe7bec78}> (0x00000007fe7bec78) 
thrown [s\src\hotspot\share\prims\jni.cpp, line 520]
Event: 773.488 Thread 0x000002db7c4e1080 Exception <a 'sun/nio/fs/WindowsException'{0x00000007fe7c0d90}> (0x00000007fe7c0d90) 
thrown [s\src\hotspot\share\prims\jni.cpp, line 520]
Event: 780.648 Thread 0x000002db7c4e1080 Exception <a 'sun/nio/fs/WindowsException'{0x000000071a4ad3a8}> (0x000000071a4ad3a8) 
thrown [s\src\hotspot\share\prims\jni.cpp, line 520]
Event: 780.672 Thread 0x000002db7c4e1080 Exception <a 'sun/nio/fs/WindowsException'{0x000000071a4af298}> (0x000000071a4af298) 
thrown [s\src\hotspot\share\prims\jni.cpp, line 520]
Event: 780.695 Thread 0x000002db7c4e1080 Exception <a 'sun/nio/fs/WindowsException'{0x000000071a4bda38}> (0x000000071a4bda38) 
thrown [s\src\hotspot\share\prims\jni.cpp, line 520]
Event: 780.783 Thread 0x000002db7c4e1080 Exception <a 'sun/nio/fs/WindowsException'{0x000000071a4cb7a0}> (0x000000071a4cb7a0) 
thrown [s\src\hotspot\share\prims\jni.cpp, line 520]

ZGC Phase Switch (0 events):
No events

VM Operations (20 events):
Event: 774.037 Executing safepoint VM operation: Cleanup done
Event: 776.045 Executing safepoint VM operation: Cleanup
Event: 776.045 Executing safepoint VM operation: Cleanup done
Event: 776.742 Executing safepoint VM operation: G1CollectForAllocation (G1 Evacuation Pause)
Event: 776.836 Executing safepoint VM operation: G1CollectForAllocation (G1 Evacuation Pause) done
Event: 777.845 Executing safepoint VM operation: Cleanup
Event: 777.855 Executing safepoint VM operation: Cleanup done
Event: 778.868 Executing safepoint VM operation: Cleanup
Event: 778.876 Executing safepoint VM operation: Cleanup done
Event: 779.881 Executing safepoint VM operation: Cleanup
Event: 779.881 Executing safepoint VM operation: Cleanup done
Event: 780.884 Executing safepoint VM operation: Cleanup
Event: 780.884 Executing safepoint VM operation: Cleanup done
Event: 784.912 Executing safepoint VM operation: Cleanup
Event: 784.928 Executing safepoint VM operation: Cleanup done
Event: 785.933 Executing safepoint VM operation: Cleanup
Event: 785.943 Executing safepoint VM operation: Cleanup done
Event: 786.354 Executing safepoint VM operation: G1TryInitiateConcMark (G1 Humongous Allocation)
Event: 786.429 Executing safepoint VM operation: G1TryInitiateConcMark (G1 Humongous Allocation) done
Event: 786.971 Executing safepoint VM operation: G1PauseRemark

Memory protections (0 events):
No events

Nmethod flushes (20 events):
Event: 787.015 Thread 0x000002db76efab50 flushing  nmethod 0x000002db630f4d10
Event: 787.015 Thread 0x000002db76efab50 flushing  nmethod 0x000002db63162910
Event: 787.015 Thread 0x000002db76efab50 flushing  nmethod 0x000002db63412b90
Event: 787.015 Thread 0x000002db76efab50 flushing  nmethod 0x000002db634f5090
Event: 787.015 Thread 0x000002db76efab50 flushing  nmethod 0x000002db63528910
Event: 787.015 Thread 0x000002db76efab50 flushing  nmethod 0x000002db63568790
Event: 787.015 Thread 0x000002db76efab50 flushing  nmethod 0x000002db63572890
Event: 787.015 Thread 0x000002db76efab50 flushing  nmethod 0x000002db63576510
Event: 787.015 Thread 0x000002db76efab50 flushing  nmethod 0x000002db635b4790
Event: 787.015 Thread 0x000002db76efab50 flushing  nmethod 0x000002db635b8d10
Event: 787.015 Thread 0x000002db76efab50 flushing  nmethod 0x000002db635be910
Event: 787.015 Thread 0x000002db76efab50 flushing  nmethod 0x000002db635ddc90
Event: 787.015 Thread 0x000002db76efab50 flushing  nmethod 0x000002db635f8390
Event: 787.015 Thread 0x000002db76efab50 flushing  nmethod 0x000002db635f8f10
Event: 787.015 Thread 0x000002db76efab50 flushing  nmethod 0x000002db635fa590
Event: 787.015 Thread 0x000002db76efab50 flushing  nmethod 0x000002db63622710
Event: 787.015 Thread 0x000002db76efab50 flushing  nmethod 0x000002db63622b10
Event: 787.015 Thread 0x000002db76efab50 flushing  nmethod 0x000002db6371fe90
Event: 787.015 Thread 0x000002db76efab50 flushing  nmethod 0x000002db63ce7390
Event: 787.015 Thread 0x000002db76efab50 flushing  nmethod 0x000002db63e2c590

Events (20 events):
Event: 80.130 Thread 0x000002db7c4e1080 Thread added: 0x000002db7c4e2430
Event: 93.659 Thread 0x000002db7c4e1080 Thread added: 0x000002db7d4367c0
Event: 93.727 Thread 0x000002db7c4e1080 Thread added: 0x000002db7d436e50
Event: 94.900 Thread 0x000002db7c4e1080 Thread added: 0x000002db7d435410
Event: 94.931 Thread 0x000002db7c4e1080 Thread added: 0x000002db7d4374e0
Event: 95.626 Thread 0x000002db7c4e1080 Thread added: 0x000002db7d436130
Event: 95.627 Thread 0x000002db7c4e1080 Thread added: 0x000002db7d4346f0
Event: 101.074 Thread 0x000002db7c4e1080 Thread added: 0x000002db7d434060
Event: 101.368 Thread 0x000002db7c4e1080 Thread added: 0x000002db7d437b70
Event: 103.171 Thread 0x000002db7c4e1080 Thread added: 0x000002db7d434d80
Event: 103.761 Thread 0x000002db7c4e1080 Thread added: 0x000002db7d438f20
Event: 120.143 Thread 0x000002db7c4e1080 Thread added: 0x000002db7d4395b0
Event: 120.274 Thread 0x000002db7c4e1080 Thread added: 0x000002db7d439c40
Event: 121.752 Thread 0x000002db7c4e1080 Thread added: 0x000002db7d43a2d0
Event: 123.464 Thread 0x000002db7c4e1080 Thread added: 0x000002db7d43a960
Event: 264.876 Thread 0x000002db7c4e1080 Thread added: 0x000002db85b0d5e0
Event: 284.218 Thread 0x000002db7c4e1080 Thread added: 0x000002db7fe2a910
Event: 288.674 Thread 0x000002db7c4e1080 Thread added: 0x000002db7fe27b20
Event: 327.571 Thread 0x000002db7c4e1080 Thread added: 0x000002db855aee80
Event: 557.941 Thread 0x000002db7c4e1080 Thread added: 0x000002db855b3d40


Dynamic libraries:
0x00007ff77fc50000 - 0x00007ff77fc5e000 	C:\Users\gabil\.gradle\jdks\amazon_com_inc_-21-amd64-windows.2\bin\java.exe
0x00007ffe57b40000 - 0x00007ffe57da9000 	C:\WINDOWS\SYSTEM32\ntdll.dll
0x00007ffe564d0000 - 0x00007ffe56599000 	C:\WINDOWS\System32\KERNEL32.DLL
0x00007ffe55230000 - 0x00007ffe55623000 	C:\WINDOWS\System32\KERNELBASE.dll
0x00007ffe55660000 - 0x00007ffe557ab000 	C:\WINDOWS\System32\ucrtbase.dll
0x00007ffe41600000 - 0x00007ffe41618000 	C:\Users\gabil\.gradle\jdks\amazon_com_inc_-21-amd64-windows.2\bin\jli.dll
0x00007ffe55c70000 - 0x00007ffe55e34000 	C:\WINDOWS\System32\USER32.dll
0x00007ffe55630000 - 0x00007ffe55657000 	C:\WINDOWS\System32\win32u.dll
0x00007ffe561a0000 - 0x00007ffe561cb000 	C:\WINDOWS\System32\GDI32.dll
0x00007ffe54ef0000 - 0x00007ffe5501d000 	C:\WINDOWS\System32\gdi32full.dll
0x00007ffe54e40000 - 0x00007ffe54ee3000 	C:\WINDOWS\System32\msvcp_win.dll
0x00007ffe3bd10000 - 0x00007ffe3bfa3000 	C:\WINDOWS\WinSxS\amd64_microsoft.windows.common-controls_6595b64144ccf1df_6.0.26100.5074_none_3e0d6f78e32fd63f\COMCTL32.dll
0x00007ffe561d0000 - 0x00007ffe56279000 	C:\WINDOWS\System32\msvcrt.dll
0x00007ffe3eb50000 - 0x00007ffe3eb6e000 	C:\Users\gabil\.gradle\jdks\amazon_com_inc_-21-amd64-windows.2\bin\VCRUNTIME140.dll
0x00007ffe565a0000 - 0x00007ffe565cf000 	C:\WINDOWS\System32\IMM32.DLL
0x00007ffe415f0000 - 0x00007ffe415fc000 	C:\Users\gabil\.gradle\jdks\amazon_com_inc_-21-amd64-windows.2\bin\vcruntime140_1.dll
0x00007ffe035d0000 - 0x00007ffe03659000 	C:\Users\gabil\.gradle\jdks\amazon_com_inc_-21-amd64-windows.2\bin\msvcp140.dll
0x00007ffda64d0000 - 0x00007ffda7278000 	C:\Users\gabil\.gradle\jdks\amazon_com_inc_-21-amd64-windows.2\bin\server\jvm.dll
0x00007ffe56960000 - 0x00007ffe56a14000 	C:\WINDOWS\System32\ADVAPI32.dll
0x00007ffe57260000 - 0x00007ffe57306000 	C:\WINDOWS\System32\sechost.dll
0x00007ffe55ad0000 - 0x00007ffe55be8000 	C:\WINDOWS\System32\RPCRT4.dll
0x00007ffe55bf0000 - 0x00007ffe55c64000 	C:\WINDOWS\System32\WS2_32.dll
0x00007ffe54b30000 - 0x00007ffe54b8e000 	C:\WINDOWS\SYSTEM32\POWRPROF.dll
0x00007ffe3e2a0000 - 0x00007ffe3e2d5000 	C:\WINDOWS\SYSTEM32\WINMM.dll
0x00007ffe480d0000 - 0x00007ffe480db000 	C:\WINDOWS\SYSTEM32\VERSION.dll
0x00007ffe54b10000 - 0x00007ffe54b24000 	C:\WINDOWS\SYSTEM32\UMPDC.dll
0x00007ffe53a90000 - 0x00007ffe53aab000 	C:\WINDOWS\SYSTEM32\kernel.appcore.dll
0x00007ffe2e880000 - 0x00007ffe2e88a000 	C:\Users\gabil\.gradle\jdks\amazon_com_inc_-21-amd64-windows.2\bin\jimage.dll
0x00007ffe52530000 - 0x00007ffe52772000 	C:\WINDOWS\SYSTEM32\DBGHELP.DLL
0x00007ffe565e0000 - 0x00007ffe5695b000 	C:\WINDOWS\System32\combase.dll
0x00007ffe55e70000 - 0x00007ffe55f47000 	C:\WINDOWS\System32\OLEAUT32.dll
0x00007ffe35370000 - 0x00007ffe353ad000 	C:\WINDOWS\SYSTEM32\dbgcore.DLL
0x00007ffe55870000 - 0x00007ffe55909000 	C:\WINDOWS\System32\bcryptPrimitives.dll
0x00007ffe2dca0000 - 0x00007ffe2dcb0000 	C:\Users\gabil\.gradle\jdks\amazon_com_inc_-21-amd64-windows.2\bin\instrument.dll
0x00007ffe1bd20000 - 0x00007ffe1bd41000 	C:\Users\gabil\.gradle\jdks\amazon_com_inc_-21-amd64-windows.2\bin\java.dll
0x00007ffe56a70000 - 0x00007ffe571bd000 	C:\WINDOWS\System32\SHELL32.dll
0x00007ffe54cd0000 - 0x00007ffe54e3c000 	C:\WINDOWS\System32\wintypes.dll
0x00007ffe52910000 - 0x00007ffe53169000 	C:\WINDOWS\SYSTEM32\windows.storage.dll
0x00007ffe57370000 - 0x00007ffe57460000 	C:\WINDOWS\System32\SHCORE.dll
0x00007ffe56280000 - 0x00007ffe562e2000 	C:\WINDOWS\System32\shlwapi.dll
0x00007ffe54bf0000 - 0x00007ffe54c19000 	C:\WINDOWS\SYSTEM32\profapi.dll
0x00007ffe034f0000 - 0x00007ffe035c7000 	C:\Users\gabil\.gradle\jdks\amazon_com_inc_-21-amd64-windows.2\bin\jsvml.dll
0x00007ffe2dc80000 - 0x00007ffe2dc98000 	C:\Users\gabil\.gradle\jdks\amazon_com_inc_-21-amd64-windows.2\bin\zip.dll
0x00007ffe29a70000 - 0x00007ffe29a81000 	C:\Users\gabil\.gradle\jdks\amazon_com_inc_-21-amd64-windows.2\bin\net.dll
0x00007ffe448c0000 - 0x00007ffe449df000 	C:\WINDOWS\SYSTEM32\WINHTTP.dll
0x00007ffe54030000 - 0x00007ffe5409b000 	C:\WINDOWS\system32\mswsock.dll
0x00007ffe26720000 - 0x00007ffe26736000 	C:\Users\gabil\.gradle\jdks\amazon_com_inc_-21-amd64-windows.2\bin\nio.dll
0x00007ffe2bb30000 - 0x00007ffe2bb40000 	C:\Users\gabil\.gradle\jdks\amazon_com_inc_-21-amd64-windows.2\bin\verify.dll
0x00007ffe23420000 - 0x00007ffe23447000 	C:\Users\gabil\.gradle\native\1def1411415f61bf3af743bc5b6707747c0891f09f0c88961ee8f79bc544acac\windows-amd64\native-platform.dll
0x00007ffe02930000 - 0x00007ffe029a7000 	C:\Users\gabil\.gradle\native\0.2.8\x86_64-windows-gnu\gradle-fileevents.dll
0x00007ffe2a780000 - 0x00007ffe2a78a000 	C:\Users\gabil\.gradle\jdks\amazon_com_inc_-21-amd64-windows.2\bin\management.dll
0x00007ffe2a130000 - 0x00007ffe2a13c000 	C:\Users\gabil\.gradle\jdks\amazon_com_inc_-21-amd64-windows.2\bin\management_ext.dll
0x00007ffe57480000 - 0x00007ffe57488000 	C:\WINDOWS\System32\PSAPI.DLL
0x00007ffe534d0000 - 0x00007ffe53504000 	C:\WINDOWS\SYSTEM32\IPHLPAPI.DLL
0x00007ffe57250000 - 0x00007ffe5725a000 	C:\WINDOWS\System32\NSI.dll
0x00007ffe2a120000 - 0x00007ffe2a129000 	C:\Users\gabil\.gradle\jdks\amazon_com_inc_-21-amd64-windows.2\bin\extnet.dll
0x00007ffe542d0000 - 0x00007ffe542eb000 	C:\WINDOWS\SYSTEM32\CRYPTSP.dll
0x00007ffe539f0000 - 0x00007ffe53a2b000 	C:\WINDOWS\system32\rsaenh.dll
0x00007ffe540d0000 - 0x00007ffe540fb000 	C:\WINDOWS\SYSTEM32\USERENV.dll
0x00007ffe54bc0000 - 0x00007ffe54be6000 	C:\WINDOWS\SYSTEM32\bcrypt.dll
0x00007ffe542f0000 - 0x00007ffe542fc000 	C:\WINDOWS\SYSTEM32\CRYPTBASE.dll
0x00007ffe2a110000 - 0x00007ffe2a11e000 	C:\Users\gabil\.gradle\jdks\amazon_com_inc_-21-amd64-windows.2\bin\sunmscapi.dll
0x00007ffe55020000 - 0x00007ffe55197000 	C:\WINDOWS\System32\CRYPT32.dll
0x00007ffe544f0000 - 0x00007ffe54520000 	C:\WINDOWS\SYSTEM32\ncrypt.dll
0x00007ffe544a0000 - 0x00007ffe544df000 	C:\WINDOWS\SYSTEM32\NTASN1.dll
0x00007ffe3b830000 - 0x00007ffe3b838000 	C:\WINDOWS\system32\wshunix.dll
0x00007ffe53570000 - 0x00007ffe53696000 	C:\WINDOWS\SYSTEM32\DNSAPI.dll
0x00007ffe432f0000 - 0x00007ffe432fb000 	C:\Windows\System32\rasadhlp.dll
0x00007ffe427b0000 - 0x00007ffe42836000 	C:\WINDOWS\System32\fwpuclnt.dll

JVMTI agents:
C:\Users\gabil\.gradle\wrapper\dists\gradle-9.1.0-bin\9agqghryom9wkf8r80qlhnts3\gradle-9.1.0\lib\agents\gradle-instrumentation-agent-9.1.0.jar path:C:\Users\gabil\.gradle\jdks\amazon_com_inc_-21-amd64-windows.2\bin\instrument.dll, loaded, initialized, instrumentlib options:none

dbghelp: loaded successfully - version: 4.0.5 - missing functions: none
symbol engine: initialized successfully - sym options: 0x614 - pdb path: .;C:\Users\gabil\.gradle\jdks\amazon_com_inc_-21-amd64-windows.2\bin;C:\WINDOWS\SYSTEM32;C:\WINDOWS\WinSxS\amd64_microsoft.windows.common-controls_6595b64144ccf1df_6.0.26100.5074_none_3e0d6f78e32fd63f;C:\Users\gabil\.gradle\jdks\amazon_com_inc_-21-amd64-windows.2\bin\server;C:\Users\gabil\.gradle\native\1def1411415f61bf3af743bc5b6707747c0891f09f0c88961ee8f79bc544acac\windows-amd64;C:\Users\gabil\.gradle\native\0.2.8\x86_64-windows-gnu

VM Arguments:
jvm_args: --add-opens=java.base/java.lang=ALL-UNNAMED --add-opens=java.base/java.lang.invoke=ALL-UNNAMED --add-opens=java.base/java.util=ALL-UNNAMED --add-opens=java.prefs/java.util.prefs=ALL-UNNAMED --add-exports=jdk.compiler/com.sun.tools.javac.api=ALL-UNNAMED --add-exports=jdk.compiler/com.sun.tools.javac.util=ALL-UNNAMED --add-opens=java.base/java.util=ALL-UNNAMED --add-opens=java.prefs/java.util.prefs=ALL-UNNAMED --add-opens=java.base/java.nio.charset=ALL-UNNAMED --add-opens=java.base/java.net=ALL-UNNAMED --add-opens=java.base/java.util.concurrent=ALL-UNNAMED --add-opens=java.base/java.util.concurrent.atomic=ALL-UNNAMED --add-opens=java.xml/javax.xml.namespace=ALL-UNNAMED --add-opens=java.base/java.time=ALL-UNNAMED -Xmx4096M -Dfile.encoding=UTF-8 -Duser.country=MX -Duser.language=es -Duser.variant -javaagent:C:\Users\gabil\.gradle\wrapper\dists\gradle-9.1.0-bin\9agqghryom9wkf8r80qlhnts3\gradle-9.1.0\lib\agents\gradle-instrumentation-agent-9.1.0.jar 
java_command: org.gradle.launcher.daemon.bootstrap.GradleDaemon 9.1.0
java_class_path (initial): C:\Users\gabil\.gradle\wrapper\dists\gradle-9.1.0-bin\9agqghryom9wkf8r80qlhnts3\gradle-9.1.0\lib\gradle-daemon-main-9.1.0.jar
Launcher Type: SUN_STANDARD

[Global flags]
     intx CICompilerCount                          = 2                                         {product} {ergonomic}
     uint ConcGCThreads                            = 1                                         {product} {ergonomic}
     uint G1ConcRefinementThreads                  = 2                                         {product} {ergonomic}
   size_t G1HeapRegionSize                         = 2097152                                   {product} {ergonomic}
    uintx GCDrainStackTargetSize                   = 64                                        {product} {ergonomic}
   size_t InitialHeapSize                          = 132120576                                 {product} {ergonomic}
   size_t MarkStackSize                            = 4194304                                   {product} {ergonomic}
   size_t MaxHeapSize                              = 4294967296                                {product} {command line}
   size_t MaxNewSize                               = 2575302656                                {product} {ergonomic}
   size_t MinHeapDeltaBytes                        = 2097152                                   {product} {ergonomic}
   size_t MinHeapSize                              = 8388608                                   {product} {ergonomic}
    uintx NonNMethodCodeHeapSize                   = 5826188                                {pd product} {ergonomic}
    uintx NonProfiledCodeHeapSize                  = 122916026                              {pd product} {ergonomic}
    uintx ProfiledCodeHeapSize                     = 122916026                              {pd product} {ergonomic}
    uintx ReservedCodeCacheSize                    = 251658240                              {pd product} {ergonomic}
     bool SegmentedCodeCache                       = true                                      {product} {ergonomic}
   size_t SoftMaxHeapSize                          = 4294967296                             {manageable} {ergonomic}
     bool UseCompressedOops                        = true                           {product lp64_product} {ergonomic}
     bool UseG1GC                                  = true                                      {product} {ergonomic}
     bool UseLargePagesIndividualAllocation        = false                                  {pd product} {ergonomic}

Logging:
Log output configuration:
 #0: stdout all=warning uptime,level,tags foldmultilines=false
 #1: stderr all=off uptime,level,tags foldmultilines=false

Release file:
IMPLEMENTOR="Amazon.com Inc." 
IMPLEMENTOR_VERSION="Corretto-21.0.11.10.1" 
JAVA_RUNTIME_VERSION="21.0.11+10-LTS" 
JAVA_VERSION="21.0.11" 
JAVA_VERSION_DATE="2026-04-21" 
LIBC="default" 
MODULES="java.base java.compiler java.datatransfer java.xml java.prefs java.desktop java.instrument java.logging java.management java.security.sasl java.naming java.rmi java.management.rmi java.net.http java.scripting java.security.jgss java.transaction.xa java.sql java.sql.rowset java.xml.crypto java.se java.smartcardio jdk.accessibility jdk.internal.jvmstat jdk.attach jdk.charsets jdk.internal.opt jdk.zipfs jdk.compiler jdk.crypto.ec jdk.crypto.cryptoki jdk.crypto.mscapi jdk.dynalink jdk.internal.ed jdk.editpad jdk.hotspot.agent jdk.httpserver jdk.incubator.vector jdk.internal.le jdk.internal.vm.ci jdk.internal.vm.compiler jdk.internal.vm.compiler.management jdk.jartool jdk.javadoc jdk.jcmd jdk.management jdk.management.agent jdk.jconsole jdk.jdeps jdk.jdwp.agent jdk.jdi jdk.jfr jdk.jlink jdk.jpackage jdk.jshell jdk.jsobject jdk.jstatd jdk.localedata jdk.management.jfr jdk.naming.dns jdk.naming.rmi jdk.net jdk.nio.mapmode jdk.random jdk.sctp jdk.security.auth jdk.security.jgss jdk.unsupported jdk.unsupported.desktop jdk.xml.dom" 
OS_ARCH="x86_64" 
OS_NAME="Windows" 
SOURCE="" 

Environment Variables:
PATH=C:\WINDOWS\system32;C:\WINDOWS;C:\WINDOWS\System32\Wbem;C:\WINDOWS\System32\WindowsPowerShell\v1.0\;C:\WINDOWS\System32\OpenSSH\;C:\Program Files (x86)\Microsoft SQL Server\160\Tools\Binn\;C:\Program Files\Microsoft SQL Server\160\Tools\Binn\;C:\Program Files\Microsoft SQL Server\Client SDK\ODBC\170\Tools\Binn\;C:\Program Files\Microsoft SQL Server\160\DTS\Binn\;C:\Program Files\Microsoft SQL Server\150\Tools\Binn\;C:\Program Files\Git\cmd;C:\Users\gabil\AppData\Local\Microsoft\WindowsApps;;C:\Program Files\JetBrains\PyCharm 2024.2.3\bin;;C:\Users\gabil\AppData\Local\Muse Hub\lib;C:\Program Files\JetBrains\IntelliJ IDEA Community Edition 2025.1.1.1\bin;
USERNAME=gabil
OS=Windows_NT
PROCESSOR_IDENTIFIER=Intel64 Family 6 Model 122 Stepping 8, GenuineIntel
TMP=C:\Users\gabil\AppData\Local\Temp
TEMP=C:\Users\gabil\AppData\Local\Temp




Periodic native trim disabled

---------------  S Y S T E M  ---------------

OS:
 Windows 11 , 64 bit Build 26100 (10.0.26100.5074)
OS uptime: 0 days 3:00 hours
Hyper-V role detected

CPU: total 2 (initial active 2) (2 cores per cpu, 1 threads per core) family 6 model 122 stepping 8 microcode 0x1c, cx8, cmov, fxsr, mmx, 3dnowpref, sse, sse2, sse3, ssse3, sse4.1, sse4.2, popcnt, tsc, tscinvbit, aes, erms, clmul, sha, clflush, clflushopt, hv, rdtscp, rdpid
Processor Information for the first 2 processors :
  Max Mhz: 1101, Current Mhz: 1101, Mhz Limit: 1101

Memory: 4k page, system-wide physical 8014M (490M free)
TotalPageFile size 12110M (AvailPageFile size 15M)
current process WorkingSet (physical memory assigned to process): 772M, peak: 828M
current process commit charge ("private bytes"): 972M, peak: 1000M

vm_info: OpenJDK 64-Bit Server VM (21.0.11+10-LTS) for windows-amd64 JRE (21.0.11+10-LTS), built on 2026-04-18T07:30:30Z by "Administrator" with MS VC++ 17.14 (VS2022)

END.
